Archive member included to satisfy reference by file (symbol)

../Transmit_Test_bsp/\libhal_bsp.a(alt_getchar.o)
                              obj/default/transmit.o (alt_getchar)
../Transmit_Test_bsp/\libhal_bsp.a(alt_load.o)
                              ../Transmit_Test_bsp//obj/HAL/src/crt0.o (alt_load)
../Transmit_Test_bsp/\libhal_bsp.a(alt_main.o)
                              ../Transmit_Test_bsp//obj/HAL/src/crt0.o (alt_main)
../Transmit_Test_bsp/\libhal_bsp.a(alt_printf.o)
                              obj/default/transmit.o (alt_printf)
../Transmit_Test_bsp/\libhal_bsp.a(alt_putchar.o)
                              ../Transmit_Test_bsp/\libhal_bsp.a(alt_printf.o) (alt_putchar)
../Transmit_Test_bsp/\libhal_bsp.a(alt_putstr.o)
                              obj/default/transmit.o (alt_putstr)
../Transmit_Test_bsp/\libhal_bsp.a(alt_usleep.o)
                              obj/default/transmit.o (usleep)
../Transmit_Test_bsp/\libhal_bsp.a(alt_sys_init.o)
                              ../Transmit_Test_bsp/\libhal_bsp.a(alt_getchar.o) (jtag_uart_0)
../Transmit_Test_bsp/\libhal_bsp.a(altera_avalon_jtag_uart_read.o)
                              ../Transmit_Test_bsp/\libhal_bsp.a(alt_getchar.o) (altera_avalon_jtag_uart_read)
../Transmit_Test_bsp/\libhal_bsp.a(altera_avalon_jtag_uart_write.o)
                              ../Transmit_Test_bsp/\libhal_bsp.a(alt_putchar.o) (altera_avalon_jtag_uart_write)
../Transmit_Test_bsp/\libhal_bsp.a(alt_busy_sleep.o)
                              ../Transmit_Test_bsp/\libhal_bsp.a(alt_usleep.o) (alt_busy_sleep)
../Transmit_Test_bsp/\libhal_bsp.a(alt_close.o)
                              ../Transmit_Test_bsp/\libhal_bsp.a(alt_main.o) (close)
../Transmit_Test_bsp/\libhal_bsp.a(alt_dcache_flush_all.o)
                              ../Transmit_Test_bsp/\libhal_bsp.a(alt_load.o) (alt_dcache_flush_all)
../Transmit_Test_bsp/\libhal_bsp.a(alt_dev.o)
                              ../Transmit_Test_bsp/\libhal_bsp.a(alt_getchar.o) (alt_fd_list)
../Transmit_Test_bsp/\libhal_bsp.a(alt_errno.o)
                              ../Transmit_Test_bsp/\libhal_bsp.a(alt_close.o) (alt_errno)
../Transmit_Test_bsp/\libhal_bsp.a(alt_icache_flush_all.o)
                              ../Transmit_Test_bsp/\libhal_bsp.a(alt_load.o) (alt_icache_flush_all)
../Transmit_Test_bsp/\libhal_bsp.a(altera_nios2_gen2_irq.o)
                              ../Transmit_Test_bsp/\libhal_bsp.a(alt_sys_init.o) (altera_nios2_gen2_irq_init)
c:/altera/16.0/nios2eds/bin/gnu/h-x86_64-mingw32/bin/../lib/gcc/nios2-elf/5.2.0/../../../../../H-x86_64-mingw32/nios2-elf/lib/mno-hw-mul\libsmallc.a(lib_a-exit.o)
                              ../Transmit_Test_bsp/\libhal_bsp.a(alt_main.o) (exit)
c:/altera/16.0/nios2eds/bin/gnu/h-x86_64-mingw32/bin/../lib/gcc/nios2-elf/5.2.0/../../../../../H-x86_64-mingw32/nios2-elf/lib/mno-hw-mul\libsmallc.a(lib_a-int_errno.o)
                              ../Transmit_Test_bsp/\libhal_bsp.a(alt_close.o) (errno)
c:/altera/16.0/nios2eds/bin/gnu/h-x86_64-mingw32/bin/../lib/gcc/nios2-elf/5.2.0/../../../../../H-x86_64-mingw32/nios2-elf/lib/mno-hw-mul\libsmallc.a(lib_a-strlen.o)
                              ../Transmit_Test_bsp/\libhal_bsp.a(alt_putstr.o) (strlen)
c:/altera/16.0/nios2eds/bin/gnu/h-x86_64-mingw32/bin/../lib/gcc/nios2-elf/5.2.0/../../../../../H-x86_64-mingw32/nios2-elf/lib/mno-hw-mul\libsmallc.a(lib_a-__call_atexit.o)
                              c:/altera/16.0/nios2eds/bin/gnu/h-x86_64-mingw32/bin/../lib/gcc/nios2-elf/5.2.0/../../../../../H-x86_64-mingw32/nios2-elf/lib/mno-hw-mul\libsmallc.a(lib_a-exit.o) (__call_exitprocs)
c:/altera/16.0/nios2eds/bin/gnu/h-x86_64-mingw32/bin/../lib/gcc/nios2-elf/5.2.0/../../../../../H-x86_64-mingw32/nios2-elf/lib/mno-hw-mul\libsmallc.a(lib_a-impure.o)
                              c:/altera/16.0/nios2eds/bin/gnu/h-x86_64-mingw32/bin/../lib/gcc/nios2-elf/5.2.0/../../../../../H-x86_64-mingw32/nios2-elf/lib/mno-hw-mul\libsmallc.a(lib_a-__call_atexit.o) (_global_impure_ptr)
c:/altera/16.0/nios2eds/bin/gnu/h-x86_64-mingw32/bin/../lib/gcc/nios2-elf/5.2.0/mno-hw-mul\libgcc.a(lib2-divmod.o)
                              ../Transmit_Test_bsp/\libhal_bsp.a(alt_busy_sleep.o) (__udivsi3)
c:/altera/16.0/nios2eds/bin/gnu/h-x86_64-mingw32/bin/../lib/gcc/nios2-elf/5.2.0/mno-hw-mul\libgcc.a(lib2-mul.o)
                              ../Transmit_Test_bsp/\libhal_bsp.a(alt_busy_sleep.o) (__mulsi3)
../Transmit_Test_bsp/\libhal_bsp.a(alt_exit.o)
                              c:/altera/16.0/nios2eds/bin/gnu/h-x86_64-mingw32/bin/../lib/gcc/nios2-elf/5.2.0/../../../../../H-x86_64-mingw32/nios2-elf/lib/mno-hw-mul\libsmallc.a(lib_a-exit.o) (_exit)

Allocating common symbols
Common symbol       size              file

errno               0x4               c:/altera/16.0/nios2eds/bin/gnu/h-x86_64-mingw32/bin/../lib/gcc/nios2-elf/5.2.0/../../../../../H-x86_64-mingw32/nios2-elf/lib/mno-hw-mul\libsmallc.a(lib_a-int_errno.o)
data_buf            0xa               obj/default/transmit.o

Discarded input sections

 .gnu.warning.close
                0x0000000000000000        0x0 ../Transmit_Test_bsp/\libhal_bsp.a(alt_close.o)

Memory Configuration

Name             Origin             Length             Attributes
reset            0x0000000000008000 0x0000000000000020
onchip_memory2_0 0x0000000000008020 0x0000000000004fe0
*default*        0x0000000000000000 0xffffffffffffffff

Linker script and memory map

LOAD ../Transmit_Test_bsp//obj/HAL/src/crt0.o
LOAD obj/default/transmit.o
LOAD c:/altera/16.0/nios2eds/bin/gnu/h-x86_64-mingw32/bin/../lib/gcc/nios2-elf/5.2.0/../../../../../H-x86_64-mingw32/nios2-elf/lib/mno-hw-mul\libstdc++.a
LOAD c:/altera/16.0/nios2eds/bin/gnu/h-x86_64-mingw32/bin/../lib/gcc/nios2-elf/5.2.0/../../../../../H-x86_64-mingw32/nios2-elf/lib/mno-hw-mul\libm.a
LOAD c:/altera/16.0/nios2eds/bin/gnu/h-x86_64-mingw32/bin/../lib/gcc/nios2-elf/5.2.0/mno-hw-mul\libgcc.a
START GROUP
LOAD c:/altera/16.0/nios2eds/bin/gnu/h-x86_64-mingw32/bin/../lib/gcc/nios2-elf/5.2.0/../../../../../H-x86_64-mingw32/nios2-elf/lib/mno-hw-mul\libsmallc.a
LOAD c:/altera/16.0/nios2eds/bin/gnu/h-x86_64-mingw32/bin/../lib/gcc/nios2-elf/5.2.0/mno-hw-mul\libgcc.a
LOAD ../Transmit_Test_bsp/\libhal_bsp.a
LOAD c:/altera/16.0/nios2eds/bin/gnu/h-x86_64-mingw32/bin/../lib/gcc/nios2-elf/5.2.0/../../../../../H-x86_64-mingw32/nios2-elf/lib/mno-hw-mul\libm.a
END GROUP
LOAD c:/altera/16.0/nios2eds/bin/gnu/h-x86_64-mingw32/bin/../lib/gcc/nios2-elf/5.2.0/mno-hw-mul\libgcc.a
                0x0000000000008000                __alt_mem_onchip_memory2_0 = 0x8000

.entry          0x0000000000008000       0x20
 *(.entry)
 .entry         0x0000000000008000       0x20 ../Transmit_Test_bsp//obj/HAL/src/crt0.o
                0x0000000000008000                __reset

.exceptions     0x0000000000008020        0x0
                0x0000000000008020                PROVIDE (__ram_exceptions_start, ABSOLUTE (.))
                0x0000000000008020                . = ALIGN (0x20)
 *(.irq)
 *(.exceptions.entry.label)
 *(.exceptions.entry.user)
 *(.exceptions.entry.ecc_fatal)
 *(.exceptions.entry)
 *(.exceptions.irqtest.user)
 *(.exceptions.irqtest)
 *(.exceptions.irqhandler.user)
 *(.exceptions.irqhandler)
 *(.exceptions.irqreturn.user)
 *(.exceptions.irqreturn)
 *(.exceptions.notirq.label)
 *(.exceptions.notirq.user)
 *(.exceptions.notirq)
 *(.exceptions.soft.user)
 *(.exceptions.soft)
 *(.exceptions.unknown.user)
 *(.exceptions.unknown)
 *(.exceptions.exit.label)
 *(.exceptions.exit.user)
 *(.exceptions.exit)
 *(.exceptions)
                0x0000000000008020                PROVIDE (__ram_exceptions_end, ABSOLUTE (.))
                0x0000000000008020                PROVIDE (__flash_exceptions_start, LOADADDR (.exceptions))

.text           0x0000000000008020     0x1320
                [!provide]                        PROVIDE (stext, ABSOLUTE (.))
 *(.interp)
 *(.hash)
 *(.dynsym)
 *(.dynstr)
 *(.gnu.version)
 *(.gnu.version_d)
 *(.gnu.version_r)
 *(.rel.init)
 *(.rela.init)
 *(.rel.text .rel.text.* .rel.gnu.linkonce.t.*)
 *(.rela.text .rela.text.* .rela.gnu.linkonce.t.*)
 *(.rel.fini)
 *(.rela.fini)
 *(.rel.rodata .rel.rodata.* .rel.gnu.linkonce.r.*)
 *(.rela.rodata .rela.rodata.* .rela.gnu.linkonce.r.*)
 *(.rel.data .rel.data.* .rel.gnu.linkonce.d.*)
 *(.rela.data .rela.data.* .rela.gnu.linkonce.d.*)
 *(.rel.tdata .rel.tdata.* .rel.gnu.linkonce.td.*)
 *(.rela.tdata .rela.tdata.* .rela.gnu.linkonce.td.*)
 *(.rel.tbss .rel.tbss.* .rel.gnu.linkonce.tb.*)
 *(.rela.tbss .rela.tbss.* .rela.gnu.linkonce.tb.*)
 *(.rel.ctors)
 *(.rela.ctors)
 *(.rel.dtors)
 *(.rela.dtors)
 *(.rel.got)
 *(.rela.got)
 *(.rel.sdata .rel.sdata.* .rel.gnu.linkonce.s.*)
 *(.rela.sdata .rela.sdata.* .rela.gnu.linkonce.s.*)
 *(.rel.sbss .rel.sbss.* .rel.gnu.linkonce.sb.*)
 *(.rela.sbss .rela.sbss.* .rela.gnu.linkonce.sb.*)
 *(.rel.sdata2 .rel.sdata2.* .rel.gnu.linkonce.s2.*)
 *(.rela.sdata2 .rela.sdata2.* .rela.gnu.linkonce.s2.*)
 *(.rel.sbss2 .rel.sbss2.* .rel.gnu.linkonce.sb2.*)
 *(.rela.sbss2 .rela.sbss2.* .rela.gnu.linkonce.sb2.*)
 *(.rel.bss .rel.bss.* .rel.gnu.linkonce.b.*)
 *(.rela.bss .rela.bss.* .rela.gnu.linkonce.b.*)
 *(.rel.plt)
 *(.rela.plt)
 *(.rel.dyn)
 *(.init)
 *(.plt)
 *(.text .stub .text.* .gnu.linkonce.t.*)
 .text          0x0000000000008020       0x3c ../Transmit_Test_bsp//obj/HAL/src/crt0.o
                0x0000000000008020                _start
 .text          0x000000000000805c      0x618 obj/default/transmit.o
                0x000000000000805c                main
                0x000000000000812c                scanner_rout
                0x0000000000008560                scanner_init
                0x00000000000085e4                scan_inq
 .text          0x0000000000008674       0x64 ../Transmit_Test_bsp/\libhal_bsp.a(alt_getchar.o)
                0x0000000000008674                alt_getchar
 .text          0x00000000000086d8       0xec ../Transmit_Test_bsp/\libhal_bsp.a(alt_load.o)
                0x0000000000008740                alt_load
 .text          0x00000000000087c4       0x50 ../Transmit_Test_bsp/\libhal_bsp.a(alt_main.o)
                0x00000000000087c4                alt_main
 .text          0x0000000000008814      0x22c ../Transmit_Test_bsp/\libhal_bsp.a(alt_printf.o)
                0x0000000000008814                alt_printf
 .text          0x0000000000008a40       0x5c ../Transmit_Test_bsp/\libhal_bsp.a(alt_putchar.o)
                0x0000000000008a40                alt_putchar
 .text          0x0000000000008a9c       0x48 ../Transmit_Test_bsp/\libhal_bsp.a(alt_putstr.o)
                0x0000000000008a9c                alt_putstr
 .text          0x0000000000008ae4       0x30 ../Transmit_Test_bsp/\libhal_bsp.a(alt_usleep.o)
                0x0000000000008ae4                usleep
 .text          0x0000000000008b14       0x5c ../Transmit_Test_bsp/\libhal_bsp.a(alt_sys_init.o)
                0x0000000000008b14                alt_irq_init
                0x0000000000008b4c                alt_sys_init
 .text          0x0000000000008b70       0xec ../Transmit_Test_bsp/\libhal_bsp.a(altera_avalon_jtag_uart_read.o)
                0x0000000000008b70                altera_avalon_jtag_uart_read
 .text          0x0000000000008c5c       0x94 ../Transmit_Test_bsp/\libhal_bsp.a(altera_avalon_jtag_uart_write.o)
                0x0000000000008c5c                altera_avalon_jtag_uart_write
 .text          0x0000000000008cf0      0x158 ../Transmit_Test_bsp/\libhal_bsp.a(alt_busy_sleep.o)
                0x0000000000008cf0                alt_busy_sleep
 .text          0x0000000000008e48       0x8c ../Transmit_Test_bsp/\libhal_bsp.a(alt_close.o)
                0x0000000000008e98                close
 .text          0x0000000000008ed4       0x20 ../Transmit_Test_bsp/\libhal_bsp.a(alt_dcache_flush_all.o)
                0x0000000000008ed4                alt_dcache_flush_all
 .text          0x0000000000008ef4       0x2c ../Transmit_Test_bsp/\libhal_bsp.a(alt_dev.o)
 .text          0x0000000000008f20        0x0 ../Transmit_Test_bsp/\libhal_bsp.a(alt_errno.o)
 .text          0x0000000000008f20       0x20 ../Transmit_Test_bsp/\libhal_bsp.a(alt_icache_flush_all.o)
                0x0000000000008f20                alt_icache_flush_all
 .text          0x0000000000008f40       0x24 ../Transmit_Test_bsp/\libhal_bsp.a(altera_nios2_gen2_irq.o)
                0x0000000000008f40                altera_nios2_gen2_irq_init
 .text          0x0000000000008f64        0x0 c:/altera/16.0/nios2eds/bin/gnu/h-x86_64-mingw32/bin/../lib/gcc/nios2-elf/5.2.0/../../../../../H-x86_64-mingw32/nios2-elf/lib/mno-hw-mul\libsmallc.a(lib_a-exit.o)
 .text.exit     0x0000000000008f64       0x20 c:/altera/16.0/nios2eds/bin/gnu/h-x86_64-mingw32/bin/../lib/gcc/nios2-elf/5.2.0/../../../../../H-x86_64-mingw32/nios2-elf/lib/mno-hw-mul\libsmallc.a(lib_a-exit.o)
                0x0000000000008f64                exit
 .text          0x0000000000008f84        0x0 c:/altera/16.0/nios2eds/bin/gnu/h-x86_64-mingw32/bin/../lib/gcc/nios2-elf/5.2.0/../../../../../H-x86_64-mingw32/nios2-elf/lib/mno-hw-mul\libsmallc.a(lib_a-int_errno.o)
 .text          0x0000000000008f84        0x0 c:/altera/16.0/nios2eds/bin/gnu/h-x86_64-mingw32/bin/../lib/gcc/nios2-elf/5.2.0/../../../../../H-x86_64-mingw32/nios2-elf/lib/mno-hw-mul\libsmallc.a(lib_a-strlen.o)
 .text.strlen   0x0000000000008f84       0x1c c:/altera/16.0/nios2eds/bin/gnu/h-x86_64-mingw32/bin/../lib/gcc/nios2-elf/5.2.0/../../../../../H-x86_64-mingw32/nios2-elf/lib/mno-hw-mul\libsmallc.a(lib_a-strlen.o)
                0x0000000000008f84                strlen
 .text          0x0000000000008fa0        0x0 c:/altera/16.0/nios2eds/bin/gnu/h-x86_64-mingw32/bin/../lib/gcc/nios2-elf/5.2.0/../../../../../H-x86_64-mingw32/nios2-elf/lib/mno-hw-mul\libsmallc.a(lib_a-__call_atexit.o)
 .text.__call_exitprocs
                0x0000000000008fa0      0x190 c:/altera/16.0/nios2eds/bin/gnu/h-x86_64-mingw32/bin/../lib/gcc/nios2-elf/5.2.0/../../../../../H-x86_64-mingw32/nios2-elf/lib/mno-hw-mul\libsmallc.a(lib_a-__call_atexit.o)
                0x0000000000008fa0                __call_exitprocs
 .text          0x0000000000009130        0x0 c:/altera/16.0/nios2eds/bin/gnu/h-x86_64-mingw32/bin/../lib/gcc/nios2-elf/5.2.0/../../../../../H-x86_64-mingw32/nios2-elf/lib/mno-hw-mul\libsmallc.a(lib_a-impure.o)
 .text          0x0000000000009130      0x1b4 c:/altera/16.0/nios2eds/bin/gnu/h-x86_64-mingw32/bin/../lib/gcc/nios2-elf/5.2.0/mno-hw-mul\libgcc.a(lib2-divmod.o)
                0x0000000000009130                __divsi3
                0x00000000000091b4                __modsi3
                0x0000000000009228                __udivsi3
                0x000000000000928c                __umodsi3
 .text          0x00000000000092e4       0x28 c:/altera/16.0/nios2eds/bin/gnu/h-x86_64-mingw32/bin/../lib/gcc/nios2-elf/5.2.0/mno-hw-mul\libgcc.a(lib2-mul.o)
                0x00000000000092e4                __mulsi3
 .text          0x000000000000930c       0x34 ../Transmit_Test_bsp/\libhal_bsp.a(alt_exit.o)
                0x000000000000930c                _exit
 *(.gnu.warning.*)
 *(.fini)
                [!provide]                        PROVIDE (__etext, ABSOLUTE (.))
                [!provide]                        PROVIDE (_etext, ABSOLUTE (.))
                [!provide]                        PROVIDE (etext, ABSOLUTE (.))
 *(.eh_frame_hdr)
                0x0000000000009340                . = ALIGN (0x4)
                [!provide]                        PROVIDE (__preinit_array_start, ABSOLUTE (.))
 *(.preinit_array)
                [!provide]                        PROVIDE (__preinit_array_end, ABSOLUTE (.))
                [!provide]                        PROVIDE (__init_array_start, ABSOLUTE (.))
 *(.init_array)
                [!provide]                        PROVIDE (__init_array_end, ABSOLUTE (.))
                [!provide]                        PROVIDE (__fini_array_start, ABSOLUTE (.))
 *(.fini_array)
                [!provide]                        PROVIDE (__fini_array_end, ABSOLUTE (.))
 *(.eh_frame)
 *(.gcc_except_table .gcc_except_table.*)
 *(.dynamic)
                [!provide]                        PROVIDE (__CTOR_LIST__, ABSOLUTE (.))
 *(.ctors)
 *(SORT(.ctors.*))
                [!provide]                        PROVIDE (__CTOR_END__, ABSOLUTE (.))
                [!provide]                        PROVIDE (__DTOR_LIST__, ABSOLUTE (.))
 *(.dtors)
 *(SORT(.dtors.*))
                [!provide]                        PROVIDE (__DTOR_END__, ABSOLUTE (.))
 *(.jcr)
                0x0000000000009340                . = ALIGN (0x4)

.rodata         0x0000000000009340       0xe4
                0x0000000000009340                PROVIDE (__ram_rodata_start, ABSOLUTE (.))
                0x0000000000009340                . = ALIGN (0x4)
 *(.rodata .rodata.* .gnu.linkonce.r.*)
 .rodata        0x0000000000009340       0xd5 obj/default/transmit.o
 *fill*         0x0000000000009415        0x3 
 .rodata        0x0000000000009418        0xa ../Transmit_Test_bsp/\libhal_bsp.a(alt_dev.o)
 *(.rodata1)
                0x0000000000009424                . = ALIGN (0x4)
 *fill*         0x0000000000009422        0x2 
                0x0000000000009424                PROVIDE (__ram_rodata_end, ABSOLUTE (.))
                0x0000000000009340                PROVIDE (__flash_rodata_start, LOADADDR (.rodata))

.rwdata         0x0000000000009424      0x2ac load address 0x00000000000096d0
                0x0000000000009424                PROVIDE (__ram_rwdata_start, ABSOLUTE (.))
                0x0000000000009424                . = ALIGN (0x4)
 *(.got.plt)
 *(.got)
 *(.data1)
 *(.data .data.* .gnu.linkonce.d.*)
 .data          0x0000000000009424        0x0 ../Transmit_Test_bsp//obj/HAL/src/crt0.o
 .data          0x0000000000009424        0x0 obj/default/transmit.o
 .data          0x0000000000009424        0x0 ../Transmit_Test_bsp/\libhal_bsp.a(alt_getchar.o)
 .data          0x0000000000009424        0x0 ../Transmit_Test_bsp/\libhal_bsp.a(alt_load.o)
 .data          0x0000000000009424        0x0 ../Transmit_Test_bsp/\libhal_bsp.a(alt_main.o)
 .data          0x0000000000009424        0x0 ../Transmit_Test_bsp/\libhal_bsp.a(alt_printf.o)
 .data          0x0000000000009424        0x0 ../Transmit_Test_bsp/\libhal_bsp.a(alt_putchar.o)
 .data          0x0000000000009424        0x0 ../Transmit_Test_bsp/\libhal_bsp.a(alt_putstr.o)
 .data          0x0000000000009424        0x0 ../Transmit_Test_bsp/\libhal_bsp.a(alt_usleep.o)
 .data          0x0000000000009424        0x0 ../Transmit_Test_bsp/\libhal_bsp.a(alt_sys_init.o)
 .data          0x0000000000009424        0x0 ../Transmit_Test_bsp/\libhal_bsp.a(altera_avalon_jtag_uart_read.o)
 .data          0x0000000000009424        0x0 ../Transmit_Test_bsp/\libhal_bsp.a(altera_avalon_jtag_uart_write.o)
 .data          0x0000000000009424        0x0 ../Transmit_Test_bsp/\libhal_bsp.a(alt_busy_sleep.o)
 .data          0x0000000000009424        0x0 ../Transmit_Test_bsp/\libhal_bsp.a(alt_close.o)
 .data          0x0000000000009424        0x0 ../Transmit_Test_bsp/\libhal_bsp.a(alt_dcache_flush_all.o)
 .data          0x0000000000009424      0x1a8 ../Transmit_Test_bsp/\libhal_bsp.a(alt_dev.o)
                0x0000000000009424                alt_dev_null
                0x000000000000944c                alt_fd_list
 .data          0x00000000000095cc        0x0 ../Transmit_Test_bsp/\libhal_bsp.a(alt_errno.o)
 .data          0x00000000000095cc        0x0 ../Transmit_Test_bsp/\libhal_bsp.a(alt_icache_flush_all.o)
 .data          0x00000000000095cc        0x0 ../Transmit_Test_bsp/\libhal_bsp.a(altera_nios2_gen2_irq.o)
 .data          0x00000000000095cc        0x0 c:/altera/16.0/nios2eds/bin/gnu/h-x86_64-mingw32/bin/../lib/gcc/nios2-elf/5.2.0/../../../../../H-x86_64-mingw32/nios2-elf/lib/mno-hw-mul\libsmallc.a(lib_a-exit.o)
 .data          0x00000000000095cc        0x0 c:/altera/16.0/nios2eds/bin/gnu/h-x86_64-mingw32/bin/../lib/gcc/nios2-elf/5.2.0/../../../../../H-x86_64-mingw32/nios2-elf/lib/mno-hw-mul\libsmallc.a(lib_a-int_errno.o)
 .data          0x00000000000095cc        0x0 c:/altera/16.0/nios2eds/bin/gnu/h-x86_64-mingw32/bin/../lib/gcc/nios2-elf/5.2.0/../../../../../H-x86_64-mingw32/nios2-elf/lib/mno-hw-mul\libsmallc.a(lib_a-strlen.o)
 .data          0x00000000000095cc        0x0 c:/altera/16.0/nios2eds/bin/gnu/h-x86_64-mingw32/bin/../lib/gcc/nios2-elf/5.2.0/../../../../../H-x86_64-mingw32/nios2-elf/lib/mno-hw-mul\libsmallc.a(lib_a-__call_atexit.o)
 .data          0x00000000000095cc        0x0 c:/altera/16.0/nios2eds/bin/gnu/h-x86_64-mingw32/bin/../lib/gcc/nios2-elf/5.2.0/../../../../../H-x86_64-mingw32/nios2-elf/lib/mno-hw-mul\libsmallc.a(lib_a-impure.o)
 .data.impure_data
                0x00000000000095cc       0xe0 c:/altera/16.0/nios2eds/bin/gnu/h-x86_64-mingw32/bin/../lib/gcc/nios2-elf/5.2.0/../../../../../H-x86_64-mingw32/nios2-elf/lib/mno-hw-mul\libsmallc.a(lib_a-impure.o)
 .data          0x00000000000096ac        0x0 c:/altera/16.0/nios2eds/bin/gnu/h-x86_64-mingw32/bin/../lib/gcc/nios2-elf/5.2.0/mno-hw-mul\libgcc.a(lib2-divmod.o)
 .data          0x00000000000096ac        0x0 c:/altera/16.0/nios2eds/bin/gnu/h-x86_64-mingw32/bin/../lib/gcc/nios2-elf/5.2.0/mno-hw-mul\libgcc.a(lib2-mul.o)
 .data          0x00000000000096ac        0x0 ../Transmit_Test_bsp/\libhal_bsp.a(alt_exit.o)
                0x00000000000116ac                _gp = ABSOLUTE ((. + 0x8000))
                [!provide]                        PROVIDE (gp, _gp)
 *(.rwdata .rwdata.*)
 *(.sdata .sdata.* .gnu.linkonce.s.*)
 .sdata         0x00000000000096ac        0x4 ../Transmit_Test_bsp/\libhal_bsp.a(alt_sys_init.o)
                0x00000000000096ac                jtag_uart_0
 .sdata         0x00000000000096b0       0x14 ../Transmit_Test_bsp/\libhal_bsp.a(alt_dev.o)
                0x00000000000096b0                alt_fs_list
                0x00000000000096b8                alt_dev_list
                0x00000000000096c0                alt_max_fd
 .sdata         0x00000000000096c4        0x4 ../Transmit_Test_bsp/\libhal_bsp.a(alt_errno.o)
                0x00000000000096c4                alt_errno
 .sdata._global_impure_ptr
                0x00000000000096c8        0x4 c:/altera/16.0/nios2eds/bin/gnu/h-x86_64-mingw32/bin/../lib/gcc/nios2-elf/5.2.0/../../../../../H-x86_64-mingw32/nios2-elf/lib/mno-hw-mul\libsmallc.a(lib_a-impure.o)
                0x00000000000096c8                _global_impure_ptr
 .sdata._impure_ptr
                0x00000000000096cc        0x4 c:/altera/16.0/nios2eds/bin/gnu/h-x86_64-mingw32/bin/../lib/gcc/nios2-elf/5.2.0/../../../../../H-x86_64-mingw32/nios2-elf/lib/mno-hw-mul\libsmallc.a(lib_a-impure.o)
                0x00000000000096cc                _impure_ptr
 *(.sdata2 .sdata2.* .gnu.linkonce.s2.*)
                0x00000000000096d0                . = ALIGN (0x4)
                0x00000000000096d0                _edata = ABSOLUTE (.)
                [!provide]                        PROVIDE (edata, ABSOLUTE (.))
                0x00000000000096d0                PROVIDE (__ram_rwdata_end, ABSOLUTE (.))
                0x00000000000096d0                PROVIDE (__flash_rwdata_start, LOADADDR (.rwdata))

.bss            0x000000000000997c       0x1c
                0x000000000000997c                __bss_start = ABSOLUTE (.)
                [!provide]                        PROVIDE (__sbss_start, ABSOLUTE (.))
                [!provide]                        PROVIDE (___sbss_start, ABSOLUTE (.))
 *(.dynsbss)
 *(.sbss .sbss.* .gnu.linkonce.sb.*)
 .sbss          0x000000000000997c        0xc ../Transmit_Test_bsp/\libhal_bsp.a(alt_main.o)
                0x000000000000997c                alt_argc
                0x0000000000009980                alt_argv
                0x0000000000009984                alt_envp
 .sbss          0x0000000000009988        0x4 c:/altera/16.0/nios2eds/bin/gnu/h-x86_64-mingw32/bin/../lib/gcc/nios2-elf/5.2.0/../../../../../H-x86_64-mingw32/nios2-elf/lib/mno-hw-mul\libsmallc.a(lib_a-int_errno.o)
                0x0000000000009988                errno
 *(.sbss2 .sbss2.* .gnu.linkonce.sb2.*)
 *(.scommon)
                [!provide]                        PROVIDE (__sbss_end, ABSOLUTE (.))
                [!provide]                        PROVIDE (___sbss_end, ABSOLUTE (.))
 *(.dynbss)
 *(.bss .bss.* .gnu.linkonce.b.*)
 .bss           0x000000000000998c        0x0 ../Transmit_Test_bsp//obj/HAL/src/crt0.o
 .bss           0x000000000000998c        0x0 obj/default/transmit.o
 .bss           0x000000000000998c        0x0 ../Transmit_Test_bsp/\libhal_bsp.a(alt_getchar.o)
 .bss           0x000000000000998c        0x0 ../Transmit_Test_bsp/\libhal_bsp.a(alt_load.o)
 .bss           0x000000000000998c        0x0 ../Transmit_Test_bsp/\libhal_bsp.a(alt_main.o)
 .bss           0x000000000000998c        0x0 ../Transmit_Test_bsp/\libhal_bsp.a(alt_printf.o)
 .bss           0x000000000000998c        0x0 ../Transmit_Test_bsp/\libhal_bsp.a(alt_putchar.o)
 .bss           0x000000000000998c        0x0 ../Transmit_Test_bsp/\libhal_bsp.a(alt_putstr.o)
 .bss           0x000000000000998c        0x0 ../Transmit_Test_bsp/\libhal_bsp.a(alt_usleep.o)
 .bss           0x000000000000998c        0x0 ../Transmit_Test_bsp/\libhal_bsp.a(alt_sys_init.o)
 .bss           0x000000000000998c        0x0 ../Transmit_Test_bsp/\libhal_bsp.a(altera_avalon_jtag_uart_read.o)
 .bss           0x000000000000998c        0x0 ../Transmit_Test_bsp/\libhal_bsp.a(altera_avalon_jtag_uart_write.o)
 .bss           0x000000000000998c        0x0 ../Transmit_Test_bsp/\libhal_bsp.a(alt_busy_sleep.o)
 .bss           0x000000000000998c        0x0 ../Transmit_Test_bsp/\libhal_bsp.a(alt_close.o)
 .bss           0x000000000000998c        0x0 ../Transmit_Test_bsp/\libhal_bsp.a(alt_dcache_flush_all.o)
 .bss           0x000000000000998c        0x0 ../Transmit_Test_bsp/\libhal_bsp.a(alt_dev.o)
 .bss           0x000000000000998c        0x0 ../Transmit_Test_bsp/\libhal_bsp.a(alt_errno.o)
 .bss           0x000000000000998c        0x0 ../Transmit_Test_bsp/\libhal_bsp.a(alt_icache_flush_all.o)
 .bss           0x000000000000998c        0x0 ../Transmit_Test_bsp/\libhal_bsp.a(altera_nios2_gen2_irq.o)
 .bss           0x000000000000998c        0x0 c:/altera/16.0/nios2eds/bin/gnu/h-x86_64-mingw32/bin/../lib/gcc/nios2-elf/5.2.0/../../../../../H-x86_64-mingw32/nios2-elf/lib/mno-hw-mul\libsmallc.a(lib_a-exit.o)
 .bss           0x000000000000998c        0x0 c:/altera/16.0/nios2eds/bin/gnu/h-x86_64-mingw32/bin/../lib/gcc/nios2-elf/5.2.0/../../../../../H-x86_64-mingw32/nios2-elf/lib/mno-hw-mul\libsmallc.a(lib_a-int_errno.o)
 .bss           0x000000000000998c        0x0 c:/altera/16.0/nios2eds/bin/gnu/h-x86_64-mingw32/bin/../lib/gcc/nios2-elf/5.2.0/../../../../../H-x86_64-mingw32/nios2-elf/lib/mno-hw-mul\libsmallc.a(lib_a-strlen.o)
 .bss           0x000000000000998c        0x0 c:/altera/16.0/nios2eds/bin/gnu/h-x86_64-mingw32/bin/../lib/gcc/nios2-elf/5.2.0/../../../../../H-x86_64-mingw32/nios2-elf/lib/mno-hw-mul\libsmallc.a(lib_a-__call_atexit.o)
 .bss           0x000000000000998c        0x0 c:/altera/16.0/nios2eds/bin/gnu/h-x86_64-mingw32/bin/../lib/gcc/nios2-elf/5.2.0/../../../../../H-x86_64-mingw32/nios2-elf/lib/mno-hw-mul\libsmallc.a(lib_a-impure.o)
 .bss           0x000000000000998c        0x0 c:/altera/16.0/nios2eds/bin/gnu/h-x86_64-mingw32/bin/../lib/gcc/nios2-elf/5.2.0/mno-hw-mul\libgcc.a(lib2-divmod.o)
 .bss           0x000000000000998c        0x0 c:/altera/16.0/nios2eds/bin/gnu/h-x86_64-mingw32/bin/../lib/gcc/nios2-elf/5.2.0/mno-hw-mul\libgcc.a(lib2-mul.o)
 .bss           0x000000000000998c        0x0 ../Transmit_Test_bsp/\libhal_bsp.a(alt_exit.o)
 *(COMMON)
 COMMON         0x000000000000998c        0xa obj/default/transmit.o
                0x000000000000998c                data_buf
                0x0000000000009998                . = ALIGN (0x4)
 *fill*         0x0000000000009996        0x2 
                0x0000000000009998                __bss_end = ABSOLUTE (.)

.onchip_memory2_0
                0x0000000000009998        0x0
                [!provide]                        PROVIDE (_alt_partition_onchip_memory2_0_start, ABSOLUTE (.))
 *(.onchip_memory2_0 .onchip_memory2_0. onchip_memory2_0.*)
                0x0000000000009998                . = ALIGN (0x4)
                [!provide]                        PROVIDE (_alt_partition_onchip_memory2_0_end, ABSOLUTE (.))
                0x0000000000009998                _end = ABSOLUTE (.)
                0x0000000000009998                end = ABSOLUTE (.)
                0x0000000000009998                __alt_stack_base = ABSOLUTE (.)
                [!provide]                        PROVIDE (_alt_partition_onchip_memory2_0_load_addr, LOADADDR (.onchip_memory2_0))

.stab
 *(.stab)

.stabstr
 *(.stabstr)

.stab.excl
 *(.stab.excl)

.stab.exclstr
 *(.stab.exclstr)

.stab.index
 *(.stab.index)

.stab.indexstr
 *(.stab.indexstr)

.comment        0x0000000000000000       0x23
 *(.comment)
 .comment       0x0000000000000000       0x23 obj/default/transmit.o
                                         0x24 (size before relaxing)
 .comment       0x0000000000000023       0x24 ../Transmit_Test_bsp/\libhal_bsp.a(alt_getchar.o)
 .comment       0x0000000000000023       0x24 ../Transmit_Test_bsp/\libhal_bsp.a(alt_load.o)
 .comment       0x0000000000000023       0x24 ../Transmit_Test_bsp/\libhal_bsp.a(alt_main.o)
 .comment       0x0000000000000023       0x24 ../Transmit_Test_bsp/\libhal_bsp.a(alt_printf.o)
 .comment       0x0000000000000023       0x24 ../Transmit_Test_bsp/\libhal_bsp.a(alt_putchar.o)
 .comment       0x0000000000000023       0x24 ../Transmit_Test_bsp/\libhal_bsp.a(alt_putstr.o)
 .comment       0x0000000000000023       0x24 ../Transmit_Test_bsp/\libhal_bsp.a(alt_usleep.o)
 .comment       0x0000000000000023       0x24 ../Transmit_Test_bsp/\libhal_bsp.a(alt_sys_init.o)
 .comment       0x0000000000000023       0x24 ../Transmit_Test_bsp/\libhal_bsp.a(altera_avalon_jtag_uart_read.o)
 .comment       0x0000000000000023       0x24 ../Transmit_Test_bsp/\libhal_bsp.a(altera_avalon_jtag_uart_write.o)
 .comment       0x0000000000000023       0x24 ../Transmit_Test_bsp/\libhal_bsp.a(alt_busy_sleep.o)
 .comment       0x0000000000000023       0x24 ../Transmit_Test_bsp/\libhal_bsp.a(alt_close.o)
 .comment       0x0000000000000023       0x24 ../Transmit_Test_bsp/\libhal_bsp.a(alt_dcache_flush_all.o)
 .comment       0x0000000000000023       0x24 ../Transmit_Test_bsp/\libhal_bsp.a(alt_dev.o)
 .comment       0x0000000000000023       0x24 ../Transmit_Test_bsp/\libhal_bsp.a(alt_errno.o)
 .comment       0x0000000000000023       0x24 ../Transmit_Test_bsp/\libhal_bsp.a(alt_icache_flush_all.o)
 .comment       0x0000000000000023       0x24 ../Transmit_Test_bsp/\libhal_bsp.a(altera_nios2_gen2_irq.o)
 .comment       0x0000000000000023       0x24 c:/altera/16.0/nios2eds/bin/gnu/h-x86_64-mingw32/bin/../lib/gcc/nios2-elf/5.2.0/../../../../../H-x86_64-mingw32/nios2-elf/lib/mno-hw-mul\libsmallc.a(lib_a-exit.o)
 .comment       0x0000000000000023       0x24 c:/altera/16.0/nios2eds/bin/gnu/h-x86_64-mingw32/bin/../lib/gcc/nios2-elf/5.2.0/../../../../../H-x86_64-mingw32/nios2-elf/lib/mno-hw-mul\libsmallc.a(lib_a-int_errno.o)
 .comment       0x0000000000000023       0x24 c:/altera/16.0/nios2eds/bin/gnu/h-x86_64-mingw32/bin/../lib/gcc/nios2-elf/5.2.0/../../../../../H-x86_64-mingw32/nios2-elf/lib/mno-hw-mul\libsmallc.a(lib_a-strlen.o)
 .comment       0x0000000000000023       0x24 c:/altera/16.0/nios2eds/bin/gnu/h-x86_64-mingw32/bin/../lib/gcc/nios2-elf/5.2.0/../../../../../H-x86_64-mingw32/nios2-elf/lib/mno-hw-mul\libsmallc.a(lib_a-__call_atexit.o)
 .comment       0x0000000000000023       0x24 c:/altera/16.0/nios2eds/bin/gnu/h-x86_64-mingw32/bin/../lib/gcc/nios2-elf/5.2.0/../../../../../H-x86_64-mingw32/nios2-elf/lib/mno-hw-mul\libsmallc.a(lib_a-impure.o)
 .comment       0x0000000000000023       0x24 c:/altera/16.0/nios2eds/bin/gnu/h-x86_64-mingw32/bin/../lib/gcc/nios2-elf/5.2.0/mno-hw-mul\libgcc.a(lib2-divmod.o)
 .comment       0x0000000000000023       0x24 c:/altera/16.0/nios2eds/bin/gnu/h-x86_64-mingw32/bin/../lib/gcc/nios2-elf/5.2.0/mno-hw-mul\libgcc.a(lib2-mul.o)
 .comment       0x0000000000000023       0x24 ../Transmit_Test_bsp/\libhal_bsp.a(alt_exit.o)

.debug
 *(.debug)

.line
 *(.line)

.debug_srcinfo
 *(.debug_srcinfo)

.debug_sfnames
 *(.debug_sfnames)

.debug_aranges  0x0000000000000000      0x350
 *(.debug_aranges)
 .debug_aranges
                0x0000000000000000       0x28 ../Transmit_Test_bsp//obj/HAL/src/crt0.o
 .debug_aranges
                0x0000000000000028       0x20 obj/default/transmit.o
 .debug_aranges
                0x0000000000000048       0x20 ../Transmit_Test_bsp/\libhal_bsp.a(alt_getchar.o)
 .debug_aranges
                0x0000000000000068       0x20 ../Transmit_Test_bsp/\libhal_bsp.a(alt_load.o)
 .debug_aranges
                0x0000000000000088       0x20 ../Transmit_Test_bsp/\libhal_bsp.a(alt_main.o)
 .debug_aranges
                0x00000000000000a8       0x20 ../Transmit_Test_bsp/\libhal_bsp.a(alt_printf.o)
 .debug_aranges
                0x00000000000000c8       0x20 ../Transmit_Test_bsp/\libhal_bsp.a(alt_putchar.o)
 .debug_aranges
                0x00000000000000e8       0x20 ../Transmit_Test_bsp/\libhal_bsp.a(alt_putstr.o)
 .debug_aranges
                0x0000000000000108       0x20 ../Transmit_Test_bsp/\libhal_bsp.a(alt_usleep.o)
 .debug_aranges
                0x0000000000000128       0x20 ../Transmit_Test_bsp/\libhal_bsp.a(alt_sys_init.o)
 .debug_aranges
                0x0000000000000148       0x20 ../Transmit_Test_bsp/\libhal_bsp.a(altera_avalon_jtag_uart_read.o)
 .debug_aranges
                0x0000000000000168       0x20 ../Transmit_Test_bsp/\libhal_bsp.a(altera_avalon_jtag_uart_write.o)
 .debug_aranges
                0x0000000000000188       0x20 ../Transmit_Test_bsp/\libhal_bsp.a(alt_busy_sleep.o)
 .debug_aranges
                0x00000000000001a8       0x20 ../Transmit_Test_bsp/\libhal_bsp.a(alt_close.o)
 .debug_aranges
                0x00000000000001c8       0x20 ../Transmit_Test_bsp/\libhal_bsp.a(alt_dcache_flush_all.o)
 .debug_aranges
                0x00000000000001e8       0x20 ../Transmit_Test_bsp/\libhal_bsp.a(alt_dev.o)
 .debug_aranges
                0x0000000000000208       0x18 ../Transmit_Test_bsp/\libhal_bsp.a(alt_errno.o)
 .debug_aranges
                0x0000000000000220       0x20 ../Transmit_Test_bsp/\libhal_bsp.a(alt_icache_flush_all.o)
 .debug_aranges
                0x0000000000000240       0x20 ../Transmit_Test_bsp/\libhal_bsp.a(altera_nios2_gen2_irq.o)
 .debug_aranges
                0x0000000000000260       0x20 c:/altera/16.0/nios2eds/bin/gnu/h-x86_64-mingw32/bin/../lib/gcc/nios2-elf/5.2.0/../../../../../H-x86_64-mingw32/nios2-elf/lib/mno-hw-mul\libsmallc.a(lib_a-exit.o)
 .debug_aranges
                0x0000000000000280       0x18 c:/altera/16.0/nios2eds/bin/gnu/h-x86_64-mingw32/bin/../lib/gcc/nios2-elf/5.2.0/../../../../../H-x86_64-mingw32/nios2-elf/lib/mno-hw-mul\libsmallc.a(lib_a-int_errno.o)
 .debug_aranges
                0x0000000000000298       0x20 c:/altera/16.0/nios2eds/bin/gnu/h-x86_64-mingw32/bin/../lib/gcc/nios2-elf/5.2.0/../../../../../H-x86_64-mingw32/nios2-elf/lib/mno-hw-mul\libsmallc.a(lib_a-strlen.o)
 .debug_aranges
                0x00000000000002b8       0x20 c:/altera/16.0/nios2eds/bin/gnu/h-x86_64-mingw32/bin/../lib/gcc/nios2-elf/5.2.0/../../../../../H-x86_64-mingw32/nios2-elf/lib/mno-hw-mul\libsmallc.a(lib_a-__call_atexit.o)
 .debug_aranges
                0x00000000000002d8       0x18 c:/altera/16.0/nios2eds/bin/gnu/h-x86_64-mingw32/bin/../lib/gcc/nios2-elf/5.2.0/../../../../../H-x86_64-mingw32/nios2-elf/lib/mno-hw-mul\libsmallc.a(lib_a-impure.o)
 .debug_aranges
                0x00000000000002f0       0x20 c:/altera/16.0/nios2eds/bin/gnu/h-x86_64-mingw32/bin/../lib/gcc/nios2-elf/5.2.0/mno-hw-mul\libgcc.a(lib2-divmod.o)
 .debug_aranges
                0x0000000000000310       0x20 c:/altera/16.0/nios2eds/bin/gnu/h-x86_64-mingw32/bin/../lib/gcc/nios2-elf/5.2.0/mno-hw-mul\libgcc.a(lib2-mul.o)
 .debug_aranges
                0x0000000000000330       0x20 ../Transmit_Test_bsp/\libhal_bsp.a(alt_exit.o)

.debug_pubnames
 *(.debug_pubnames)

.debug_info     0x0000000000000000     0x2b56
 *(.debug_info .gnu.linkonce.wi.*)
 .debug_info    0x0000000000000000       0x79 ../Transmit_Test_bsp//obj/HAL/src/crt0.o
 .debug_info    0x0000000000000079      0x12d obj/default/transmit.o
 .debug_info    0x00000000000001a6      0x30d ../Transmit_Test_bsp/\libhal_bsp.a(alt_getchar.o)
 .debug_info    0x00000000000004b3      0x145 ../Transmit_Test_bsp/\libhal_bsp.a(alt_load.o)
 .debug_info    0x00000000000005f8      0x131 ../Transmit_Test_bsp/\libhal_bsp.a(alt_main.o)
 .debug_info    0x0000000000000729      0x119 ../Transmit_Test_bsp/\libhal_bsp.a(alt_printf.o)
 .debug_info    0x0000000000000842      0x104 ../Transmit_Test_bsp/\libhal_bsp.a(alt_putchar.o)
 .debug_info    0x0000000000000946       0xf5 ../Transmit_Test_bsp/\libhal_bsp.a(alt_putstr.o)
 .debug_info    0x0000000000000a3b       0xb0 ../Transmit_Test_bsp/\libhal_bsp.a(alt_usleep.o)
 .debug_info    0x0000000000000aeb      0x170 ../Transmit_Test_bsp/\libhal_bsp.a(alt_sys_init.o)
 .debug_info    0x0000000000000c5b      0x1b2 ../Transmit_Test_bsp/\libhal_bsp.a(altera_avalon_jtag_uart_read.o)
 .debug_info    0x0000000000000e0d      0x195 ../Transmit_Test_bsp/\libhal_bsp.a(altera_avalon_jtag_uart_write.o)
 .debug_info    0x0000000000000fa2       0xd7 ../Transmit_Test_bsp/\libhal_bsp.a(alt_busy_sleep.o)
 .debug_info    0x0000000000001079      0x126 ../Transmit_Test_bsp/\libhal_bsp.a(alt_close.o)
 .debug_info    0x000000000000119f       0x92 ../Transmit_Test_bsp/\libhal_bsp.a(alt_dcache_flush_all.o)
 .debug_info    0x0000000000001231      0x49c ../Transmit_Test_bsp/\libhal_bsp.a(alt_dev.o)
 .debug_info    0x00000000000016cd       0xa6 ../Transmit_Test_bsp/\libhal_bsp.a(alt_errno.o)
 .debug_info    0x0000000000001773       0x92 ../Transmit_Test_bsp/\libhal_bsp.a(alt_icache_flush_all.o)
 .debug_info    0x0000000000001805       0x92 ../Transmit_Test_bsp/\libhal_bsp.a(altera_nios2_gen2_irq.o)
 .debug_info    0x0000000000001897       0xe5 c:/altera/16.0/nios2eds/bin/gnu/h-x86_64-mingw32/bin/../lib/gcc/nios2-elf/5.2.0/../../../../../H-x86_64-mingw32/nios2-elf/lib/mno-hw-mul\libsmallc.a(lib_a-exit.o)
 .debug_info    0x000000000000197c       0x8a c:/altera/16.0/nios2eds/bin/gnu/h-x86_64-mingw32/bin/../lib/gcc/nios2-elf/5.2.0/../../../../../H-x86_64-mingw32/nios2-elf/lib/mno-hw-mul\libsmallc.a(lib_a-int_errno.o)
 .debug_info    0x0000000000001a06       0xc9 c:/altera/16.0/nios2eds/bin/gnu/h-x86_64-mingw32/bin/../lib/gcc/nios2-elf/5.2.0/../../../../../H-x86_64-mingw32/nios2-elf/lib/mno-hw-mul\libsmallc.a(lib_a-strlen.o)
 .debug_info    0x0000000000001acf      0x67b c:/altera/16.0/nios2eds/bin/gnu/h-x86_64-mingw32/bin/../lib/gcc/nios2-elf/5.2.0/../../../../../H-x86_64-mingw32/nios2-elf/lib/mno-hw-mul\libsmallc.a(lib_a-__call_atexit.o)
 .debug_info    0x000000000000214a      0x5a9 c:/altera/16.0/nios2eds/bin/gnu/h-x86_64-mingw32/bin/../lib/gcc/nios2-elf/5.2.0/../../../../../H-x86_64-mingw32/nios2-elf/lib/mno-hw-mul\libsmallc.a(lib_a-impure.o)
 .debug_info    0x00000000000026f3      0x2c3 c:/altera/16.0/nios2eds/bin/gnu/h-x86_64-mingw32/bin/../lib/gcc/nios2-elf/5.2.0/mno-hw-mul\libgcc.a(lib2-divmod.o)
 .debug_info    0x00000000000029b6       0xb4 c:/altera/16.0/nios2eds/bin/gnu/h-x86_64-mingw32/bin/../lib/gcc/nios2-elf/5.2.0/mno-hw-mul\libgcc.a(lib2-mul.o)
 .debug_info    0x0000000000002a6a       0xec ../Transmit_Test_bsp/\libhal_bsp.a(alt_exit.o)

.debug_abbrev   0x0000000000000000     0x11ee
 *(.debug_abbrev)
 .debug_abbrev  0x0000000000000000       0x12 ../Transmit_Test_bsp//obj/HAL/src/crt0.o
 .debug_abbrev  0x0000000000000012       0xcd obj/default/transmit.o
 .debug_abbrev  0x00000000000000df       0xf5 ../Transmit_Test_bsp/\libhal_bsp.a(alt_getchar.o)
 .debug_abbrev  0x00000000000001d4       0x9f ../Transmit_Test_bsp/\libhal_bsp.a(alt_load.o)
 .debug_abbrev  0x0000000000000273       0xba ../Transmit_Test_bsp/\libhal_bsp.a(alt_main.o)
 .debug_abbrev  0x000000000000032d       0xb0 ../Transmit_Test_bsp/\libhal_bsp.a(alt_printf.o)
 .debug_abbrev  0x00000000000003dd       0xaa ../Transmit_Test_bsp/\libhal_bsp.a(alt_putchar.o)
 .debug_abbrev  0x0000000000000487       0x99 ../Transmit_Test_bsp/\libhal_bsp.a(alt_putstr.o)
 .debug_abbrev  0x0000000000000520       0x60 ../Transmit_Test_bsp/\libhal_bsp.a(alt_usleep.o)
 .debug_abbrev  0x0000000000000580       0xeb ../Transmit_Test_bsp/\libhal_bsp.a(alt_sys_init.o)
 .debug_abbrev  0x000000000000066b       0xd5 ../Transmit_Test_bsp/\libhal_bsp.a(altera_avalon_jtag_uart_read.o)
 .debug_abbrev  0x0000000000000740       0xd5 ../Transmit_Test_bsp/\libhal_bsp.a(altera_avalon_jtag_uart_write.o)
 .debug_abbrev  0x0000000000000815       0x7e ../Transmit_Test_bsp/\libhal_bsp.a(alt_busy_sleep.o)
 .debug_abbrev  0x0000000000000893       0xbb ../Transmit_Test_bsp/\libhal_bsp.a(alt_close.o)
 .debug_abbrev  0x000000000000094e       0x42 ../Transmit_Test_bsp/\libhal_bsp.a(alt_dcache_flush_all.o)
 .debug_abbrev  0x0000000000000990       0xd9 ../Transmit_Test_bsp/\libhal_bsp.a(alt_dev.o)
 .debug_abbrev  0x0000000000000a69       0x5a ../Transmit_Test_bsp/\libhal_bsp.a(alt_errno.o)
 .debug_abbrev  0x0000000000000ac3       0x42 ../Transmit_Test_bsp/\libhal_bsp.a(alt_icache_flush_all.o)
 .debug_abbrev  0x0000000000000b05       0x42 ../Transmit_Test_bsp/\libhal_bsp.a(altera_nios2_gen2_irq.o)
 .debug_abbrev  0x0000000000000b47       0x8b c:/altera/16.0/nios2eds/bin/gnu/h-x86_64-mingw32/bin/../lib/gcc/nios2-elf/5.2.0/../../../../../H-x86_64-mingw32/nios2-elf/lib/mno-hw-mul\libsmallc.a(lib_a-exit.o)
 .debug_abbrev  0x0000000000000bd2       0x37 c:/altera/16.0/nios2eds/bin/gnu/h-x86_64-mingw32/bin/../lib/gcc/nios2-elf/5.2.0/../../../../../H-x86_64-mingw32/nios2-elf/lib/mno-hw-mul\libsmallc.a(lib_a-int_errno.o)
 .debug_abbrev  0x0000000000000c09       0x7f c:/altera/16.0/nios2eds/bin/gnu/h-x86_64-mingw32/bin/../lib/gcc/nios2-elf/5.2.0/../../../../../H-x86_64-mingw32/nios2-elf/lib/mno-hw-mul\libsmallc.a(lib_a-strlen.o)
 .debug_abbrev  0x0000000000000c88      0x1f6 c:/altera/16.0/nios2eds/bin/gnu/h-x86_64-mingw32/bin/../lib/gcc/nios2-elf/5.2.0/../../../../../H-x86_64-mingw32/nios2-elf/lib/mno-hw-mul\libsmallc.a(lib_a-__call_atexit.o)
 .debug_abbrev  0x0000000000000e7e      0x14a c:/altera/16.0/nios2eds/bin/gnu/h-x86_64-mingw32/bin/../lib/gcc/nios2-elf/5.2.0/../../../../../H-x86_64-mingw32/nios2-elf/lib/mno-hw-mul\libsmallc.a(lib_a-impure.o)
 .debug_abbrev  0x0000000000000fc8      0x10e c:/altera/16.0/nios2eds/bin/gnu/h-x86_64-mingw32/bin/../lib/gcc/nios2-elf/5.2.0/mno-hw-mul\libgcc.a(lib2-divmod.o)
 .debug_abbrev  0x00000000000010d6       0x6f c:/altera/16.0/nios2eds/bin/gnu/h-x86_64-mingw32/bin/../lib/gcc/nios2-elf/5.2.0/mno-hw-mul\libgcc.a(lib2-mul.o)
 .debug_abbrev  0x0000000000001145       0xa9 ../Transmit_Test_bsp/\libhal_bsp.a(alt_exit.o)

.debug_line     0x0000000000000000     0x14f6
 *(.debug_line)
 .debug_line    0x0000000000000000       0x66 ../Transmit_Test_bsp//obj/HAL/src/crt0.o
 .debug_line    0x0000000000000066      0x154 obj/default/transmit.o
 .debug_line    0x00000000000001ba       0xb1 ../Transmit_Test_bsp/\libhal_bsp.a(alt_getchar.o)
 .debug_line    0x000000000000026b       0x8e ../Transmit_Test_bsp/\libhal_bsp.a(alt_load.o)
 .debug_line    0x00000000000002f9       0x9a ../Transmit_Test_bsp/\libhal_bsp.a(alt_main.o)
 .debug_line    0x0000000000000393       0xe7 ../Transmit_Test_bsp/\libhal_bsp.a(alt_printf.o)
 .debug_line    0x000000000000047a       0x50 ../Transmit_Test_bsp/\libhal_bsp.a(alt_putchar.o)
 .debug_line    0x00000000000004ca       0x48 ../Transmit_Test_bsp/\libhal_bsp.a(alt_putstr.o)
 .debug_line    0x0000000000000512       0xa5 ../Transmit_Test_bsp/\libhal_bsp.a(alt_usleep.o)
 .debug_line    0x00000000000005b7       0xea ../Transmit_Test_bsp/\libhal_bsp.a(alt_sys_init.o)
 .debug_line    0x00000000000006a1       0xfd ../Transmit_Test_bsp/\libhal_bsp.a(altera_avalon_jtag_uart_read.o)
 .debug_line    0x000000000000079e       0xf4 ../Transmit_Test_bsp/\libhal_bsp.a(altera_avalon_jtag_uart_write.o)
 .debug_line    0x0000000000000892       0xa2 ../Transmit_Test_bsp/\libhal_bsp.a(alt_busy_sleep.o)
 .debug_line    0x0000000000000934       0xfe ../Transmit_Test_bsp/\libhal_bsp.a(alt_close.o)
 .debug_line    0x0000000000000a32       0x51 ../Transmit_Test_bsp/\libhal_bsp.a(alt_dcache_flush_all.o)
 .debug_line    0x0000000000000a83       0xf0 ../Transmit_Test_bsp/\libhal_bsp.a(alt_dev.o)
 .debug_line    0x0000000000000b73       0x51 ../Transmit_Test_bsp/\libhal_bsp.a(alt_errno.o)
 .debug_line    0x0000000000000bc4       0x4f ../Transmit_Test_bsp/\libhal_bsp.a(alt_icache_flush_all.o)
 .debug_line    0x0000000000000c13       0x51 ../Transmit_Test_bsp/\libhal_bsp.a(altera_nios2_gen2_irq.o)
 .debug_line    0x0000000000000c64      0x159 c:/altera/16.0/nios2eds/bin/gnu/h-x86_64-mingw32/bin/../lib/gcc/nios2-elf/5.2.0/../../../../../H-x86_64-mingw32/nios2-elf/lib/mno-hw-mul\libsmallc.a(lib_a-exit.o)
 .debug_line    0x0000000000000dbd       0x5f c:/altera/16.0/nios2eds/bin/gnu/h-x86_64-mingw32/bin/../lib/gcc/nios2-elf/5.2.0/../../../../../H-x86_64-mingw32/nios2-elf/lib/mno-hw-mul\libsmallc.a(lib_a-int_errno.o)
 .debug_line    0x0000000000000e1c      0x15c c:/altera/16.0/nios2eds/bin/gnu/h-x86_64-mingw32/bin/../lib/gcc/nios2-elf/5.2.0/../../../../../H-x86_64-mingw32/nios2-elf/lib/mno-hw-mul\libsmallc.a(lib_a-strlen.o)
 .debug_line    0x0000000000000f78      0x232 c:/altera/16.0/nios2eds/bin/gnu/h-x86_64-mingw32/bin/../lib/gcc/nios2-elf/5.2.0/../../../../../H-x86_64-mingw32/nios2-elf/lib/mno-hw-mul\libsmallc.a(lib_a-__call_atexit.o)
 .debug_line    0x00000000000011aa      0x156 c:/altera/16.0/nios2eds/bin/gnu/h-x86_64-mingw32/bin/../lib/gcc/nios2-elf/5.2.0/../../../../../H-x86_64-mingw32/nios2-elf/lib/mno-hw-mul\libsmallc.a(lib_a-impure.o)
 .debug_line    0x0000000000001300      0x105 c:/altera/16.0/nios2eds/bin/gnu/h-x86_64-mingw32/bin/../lib/gcc/nios2-elf/5.2.0/mno-hw-mul\libgcc.a(lib2-divmod.o)
 .debug_line    0x0000000000001405       0x80 c:/altera/16.0/nios2eds/bin/gnu/h-x86_64-mingw32/bin/../lib/gcc/nios2-elf/5.2.0/mno-hw-mul\libgcc.a(lib2-mul.o)
 .debug_line    0x0000000000001485       0x71 ../Transmit_Test_bsp/\libhal_bsp.a(alt_exit.o)

.debug_frame    0x0000000000000000      0x5a4
 *(.debug_frame)
 .debug_frame   0x0000000000000000       0xa0 obj/default/transmit.o
 .debug_frame   0x00000000000000a0       0x38 ../Transmit_Test_bsp/\libhal_bsp.a(alt_getchar.o)
 .debug_frame   0x00000000000000d8       0x5c ../Transmit_Test_bsp/\libhal_bsp.a(alt_load.o)
 .debug_frame   0x0000000000000134       0x2c ../Transmit_Test_bsp/\libhal_bsp.a(alt_main.o)
 .debug_frame   0x0000000000000160       0x38 ../Transmit_Test_bsp/\libhal_bsp.a(alt_printf.o)
 .debug_frame   0x0000000000000198       0x38 ../Transmit_Test_bsp/\libhal_bsp.a(alt_putchar.o)
 .debug_frame   0x00000000000001d0       0x38 ../Transmit_Test_bsp/\libhal_bsp.a(alt_putstr.o)
 .debug_frame   0x0000000000000208       0x38 ../Transmit_Test_bsp/\libhal_bsp.a(alt_usleep.o)
 .debug_frame   0x0000000000000240       0x5c ../Transmit_Test_bsp/\libhal_bsp.a(alt_sys_init.o)
 .debug_frame   0x000000000000029c       0x34 ../Transmit_Test_bsp/\libhal_bsp.a(altera_avalon_jtag_uart_read.o)
 .debug_frame   0x00000000000002d0       0x34 ../Transmit_Test_bsp/\libhal_bsp.a(altera_avalon_jtag_uart_write.o)
 .debug_frame   0x0000000000000304       0x38 ../Transmit_Test_bsp/\libhal_bsp.a(alt_busy_sleep.o)
 .debug_frame   0x000000000000033c       0x60 ../Transmit_Test_bsp/\libhal_bsp.a(alt_close.o)
 .debug_frame   0x000000000000039c       0x34 ../Transmit_Test_bsp/\libhal_bsp.a(alt_dcache_flush_all.o)
 .debug_frame   0x00000000000003d0       0x34 ../Transmit_Test_bsp/\libhal_bsp.a(alt_dev.o)
 .debug_frame   0x0000000000000404       0x34 ../Transmit_Test_bsp/\libhal_bsp.a(alt_icache_flush_all.o)
 .debug_frame   0x0000000000000438       0x34 ../Transmit_Test_bsp/\libhal_bsp.a(altera_nios2_gen2_irq.o)
 .debug_frame   0x000000000000046c       0x28 c:/altera/16.0/nios2eds/bin/gnu/h-x86_64-mingw32/bin/../lib/gcc/nios2-elf/5.2.0/../../../../../H-x86_64-mingw32/nios2-elf/lib/mno-hw-mul\libsmallc.a(lib_a-exit.o)
 .debug_frame   0x0000000000000494       0x20 c:/altera/16.0/nios2eds/bin/gnu/h-x86_64-mingw32/bin/../lib/gcc/nios2-elf/5.2.0/../../../../../H-x86_64-mingw32/nios2-elf/lib/mno-hw-mul\libsmallc.a(lib_a-strlen.o)
 .debug_frame   0x00000000000004b4       0x54 c:/altera/16.0/nios2eds/bin/gnu/h-x86_64-mingw32/bin/../lib/gcc/nios2-elf/5.2.0/../../../../../H-x86_64-mingw32/nios2-elf/lib/mno-hw-mul\libsmallc.a(lib_a-__call_atexit.o)
 .debug_frame   0x0000000000000508       0x50 c:/altera/16.0/nios2eds/bin/gnu/h-x86_64-mingw32/bin/../lib/gcc/nios2-elf/5.2.0/mno-hw-mul\libgcc.a(lib2-divmod.o)
 .debug_frame   0x0000000000000558       0x20 c:/altera/16.0/nios2eds/bin/gnu/h-x86_64-mingw32/bin/../lib/gcc/nios2-elf/5.2.0/mno-hw-mul\libgcc.a(lib2-mul.o)
 .debug_frame   0x0000000000000578       0x2c ../Transmit_Test_bsp/\libhal_bsp.a(alt_exit.o)

.debug_str      0x0000000000000000     0x1033
 *(.debug_str)
 .debug_str     0x0000000000000000      0x117 obj/default/transmit.o
                                        0x155 (size before relaxing)
 .debug_str     0x0000000000000117      0x189 ../Transmit_Test_bsp/\libhal_bsp.a(alt_getchar.o)
                                        0x242 (size before relaxing)
 .debug_str     0x00000000000002a0       0xf1 ../Transmit_Test_bsp/\libhal_bsp.a(alt_load.o)
                                        0x21c (size before relaxing)
 .debug_str     0x0000000000000391       0x44 ../Transmit_Test_bsp/\libhal_bsp.a(alt_main.o)
                                        0x1a7 (size before relaxing)
 .debug_str     0x00000000000003d5       0x53 ../Transmit_Test_bsp/\libhal_bsp.a(alt_printf.o)
                                        0x104 (size before relaxing)
 .debug_str     0x0000000000000428       0x40 ../Transmit_Test_bsp/\libhal_bsp.a(alt_putchar.o)
                                        0x197 (size before relaxing)
 .debug_str     0x0000000000000468       0x20 ../Transmit_Test_bsp/\libhal_bsp.a(alt_putstr.o)
                                        0x195 (size before relaxing)
 .debug_str     0x0000000000000488       0x27 ../Transmit_Test_bsp/\libhal_bsp.a(alt_usleep.o)
                                        0x152 (size before relaxing)
 .debug_str     0x00000000000004af       0x85 ../Transmit_Test_bsp/\libhal_bsp.a(alt_sys_init.o)
                                        0x215 (size before relaxing)
 .debug_str     0x0000000000000534       0x38 ../Transmit_Test_bsp/\libhal_bsp.a(altera_avalon_jtag_uart_read.o)
                                        0x229 (size before relaxing)
 .debug_str     0x000000000000056c       0x2c ../Transmit_Test_bsp/\libhal_bsp.a(altera_avalon_jtag_uart_write.o)
                                        0x21f (size before relaxing)
 .debug_str     0x0000000000000598       0x42 ../Transmit_Test_bsp/\libhal_bsp.a(alt_busy_sleep.o)
                                        0x175 (size before relaxing)
 .debug_str     0x00000000000005da       0x33 ../Transmit_Test_bsp/\libhal_bsp.a(alt_close.o)
                                        0x19b (size before relaxing)
 .debug_str     0x000000000000060d       0x34 ../Transmit_Test_bsp/\libhal_bsp.a(alt_dcache_flush_all.o)
                                        0x15f (size before relaxing)
 .debug_str     0x0000000000000641      0x120 ../Transmit_Test_bsp/\libhal_bsp.a(alt_dev.o)
                                        0x30f (size before relaxing)
 .debug_str     0x0000000000000761       0x14 ../Transmit_Test_bsp/\libhal_bsp.a(alt_errno.o)
                                        0x14f (size before relaxing)
 .debug_str     0x0000000000000775       0x34 ../Transmit_Test_bsp/\libhal_bsp.a(alt_icache_flush_all.o)
                                        0x15f (size before relaxing)
 .debug_str     0x00000000000007a9       0x3b ../Transmit_Test_bsp/\libhal_bsp.a(altera_nios2_gen2_irq.o)
                                        0x166 (size before relaxing)
 .debug_str     0x00000000000007e4      0x148 c:/altera/16.0/nios2eds/bin/gnu/h-x86_64-mingw32/bin/../lib/gcc/nios2-elf/5.2.0/../../../../../H-x86_64-mingw32/nios2-elf/lib/mno-hw-mul\libsmallc.a(lib_a-exit.o)
                                        0x1f0 (size before relaxing)
 .debug_str     0x000000000000092c       0xd3 c:/altera/16.0/nios2eds/bin/gnu/h-x86_64-mingw32/bin/../lib/gcc/nios2-elf/5.2.0/../../../../../H-x86_64-mingw32/nios2-elf/lib/mno-hw-mul\libsmallc.a(lib_a-int_errno.o)
                                        0x1d8 (size before relaxing)
 .debug_str     0x00000000000009ff       0xe0 c:/altera/16.0/nios2eds/bin/gnu/h-x86_64-mingw32/bin/../lib/gcc/nios2-elf/5.2.0/../../../../../H-x86_64-mingw32/nios2-elf/lib/mno-hw-mul\libsmallc.a(lib_a-strlen.o)
                                        0x1e5 (size before relaxing)
 .debug_str     0x0000000000000adf      0x31b c:/altera/16.0/nios2eds/bin/gnu/h-x86_64-mingw32/bin/../lib/gcc/nios2-elf/5.2.0/../../../../../H-x86_64-mingw32/nios2-elf/lib/mno-hw-mul\libsmallc.a(lib_a-__call_atexit.o)
                                        0x4eb (size before relaxing)
 .debug_str     0x0000000000000dfa       0x48 c:/altera/16.0/nios2eds/bin/gnu/h-x86_64-mingw32/bin/../lib/gcc/nios2-elf/5.2.0/../../../../../H-x86_64-mingw32/nios2-elf/lib/mno-hw-mul\libsmallc.a(lib_a-impure.o)
                                        0x4be (size before relaxing)
 .debug_str     0x0000000000000e42      0x187 c:/altera/16.0/nios2eds/bin/gnu/h-x86_64-mingw32/bin/../lib/gcc/nios2-elf/5.2.0/mno-hw-mul\libgcc.a(lib2-divmod.o)
                                        0x1d2 (size before relaxing)
 .debug_str     0x0000000000000fc9       0x40 c:/altera/16.0/nios2eds/bin/gnu/h-x86_64-mingw32/bin/../lib/gcc/nios2-elf/5.2.0/mno-hw-mul\libgcc.a(lib2-mul.o)
                                        0x193 (size before relaxing)
 .debug_str     0x0000000000001009       0x2a ../Transmit_Test_bsp/\libhal_bsp.a(alt_exit.o)
                                        0x15b (size before relaxing)

.debug_loc      0x0000000000000000      0x6d4
 *(.debug_loc)
 .debug_loc     0x0000000000000000       0x1e c:/altera/16.0/nios2eds/bin/gnu/h-x86_64-mingw32/bin/../lib/gcc/nios2-elf/5.2.0/../../../../../H-x86_64-mingw32/nios2-elf/lib/mno-hw-mul\libsmallc.a(lib_a-exit.o)
 .debug_loc     0x000000000000001e       0x1e c:/altera/16.0/nios2eds/bin/gnu/h-x86_64-mingw32/bin/../lib/gcc/nios2-elf/5.2.0/../../../../../H-x86_64-mingw32/nios2-elf/lib/mno-hw-mul\libsmallc.a(lib_a-strlen.o)
 .debug_loc     0x000000000000003c      0x157 c:/altera/16.0/nios2eds/bin/gnu/h-x86_64-mingw32/bin/../lib/gcc/nios2-elf/5.2.0/../../../../../H-x86_64-mingw32/nios2-elf/lib/mno-hw-mul\libsmallc.a(lib_a-__call_atexit.o)
 .debug_loc     0x0000000000000193      0x4ae c:/altera/16.0/nios2eds/bin/gnu/h-x86_64-mingw32/bin/../lib/gcc/nios2-elf/5.2.0/mno-hw-mul\libgcc.a(lib2-divmod.o)
 .debug_loc     0x0000000000000641       0x93 c:/altera/16.0/nios2eds/bin/gnu/h-x86_64-mingw32/bin/../lib/gcc/nios2-elf/5.2.0/mno-hw-mul\libgcc.a(lib2-mul.o)

.debug_macinfo
 *(.debug_macinfo)

.debug_weaknames
 *(.debug_weaknames)

.debug_funcnames
 *(.debug_funcnames)

.debug_typenames
 *(.debug_typenames)

.debug_varnames
 *(.debug_varnames)

.debug_alt_sim_info
                0x0000000000000000       0x40
 *(.debug_alt_sim_info)
 .debug_alt_sim_info
                0x0000000000000000       0x10 ../Transmit_Test_bsp//obj/HAL/src/crt0.o
 .debug_alt_sim_info
                0x0000000000000010       0x30 ../Transmit_Test_bsp/\libhal_bsp.a(alt_busy_sleep.o)
                0x000000000000d000                __alt_data_end = 0xd000
                0x000000000000d000                PROVIDE (__alt_stack_pointer, __alt_data_end)
                [!provide]                        PROVIDE (__alt_stack_limit, __alt_stack_base)
                [!provide]                        PROVIDE (__alt_heap_start, end)
                [!provide]                        PROVIDE (__alt_heap_limit, 0xd000)
OUTPUT(Transmit_Test.elf elf32-littlenios2)

.debug_ranges   0x0000000000000000       0xe0
 .debug_ranges  0x0000000000000000       0x20 ../Transmit_Test_bsp//obj/HAL/src/crt0.o
 .debug_ranges  0x0000000000000020       0x18 ../Transmit_Test_bsp/\libhal_bsp.a(altera_avalon_jtag_uart_read.o)
 .debug_ranges  0x0000000000000038       0x10 c:/altera/16.0/nios2eds/bin/gnu/h-x86_64-mingw32/bin/../lib/gcc/nios2-elf/5.2.0/../../../../../H-x86_64-mingw32/nios2-elf/lib/mno-hw-mul\libsmallc.a(lib_a-exit.o)
 .debug_ranges  0x0000000000000048       0x10 c:/altera/16.0/nios2eds/bin/gnu/h-x86_64-mingw32/bin/../lib/gcc/nios2-elf/5.2.0/../../../../../H-x86_64-mingw32/nios2-elf/lib/mno-hw-mul\libsmallc.a(lib_a-strlen.o)
 .debug_ranges  0x0000000000000058       0x28 c:/altera/16.0/nios2eds/bin/gnu/h-x86_64-mingw32/bin/../lib/gcc/nios2-elf/5.2.0/../../../../../H-x86_64-mingw32/nios2-elf/lib/mno-hw-mul\libsmallc.a(lib_a-__call_atexit.o)
 .debug_ranges  0x0000000000000080       0x60 c:/altera/16.0/nios2eds/bin/gnu/h-x86_64-mingw32/bin/../lib/gcc/nios2-elf/5.2.0/mno-hw-mul\libgcc.a(lib2-divmod.o)
