Archive member included to satisfy reference by file (symbol)

../Transmit_Test_bsp/\libhal_bsp.a(alt_getchar.o)
                              obj/default/transmit.o (alt_getchar)
../Transmit_Test_bsp/\libhal_bsp.a(alt_load.o)
                              ../Transmit_Test_bsp//obj/HAL/src/crt0.o (alt_load)
../Transmit_Test_bsp/\libhal_bsp.a(alt_main.o)
                              ../Transmit_Test_bsp//obj/HAL/src/crt0.o (alt_main)
../Transmit_Test_bsp/\libhal_bsp.a(alt_putchar.o)
                              obj/default/transmit.o (alt_putchar)
../Transmit_Test_bsp/\libhal_bsp.a(alt_putstr.o)
                              obj/default/transmit.o (alt_putstr)
../Transmit_Test_bsp/\libhal_bsp.a(alt_usleep.o)
                              obj/default/transmit.o (usleep)
../Transmit_Test_bsp/\libhal_bsp.a(alt_sys_init.o)
                              ../Transmit_Test_bsp/\libhal_bsp.a(alt_getchar.o) (jtag_uart_0)
../Transmit_Test_bsp/\libhal_bsp.a(altera_avalon_jtag_uart_read.o)
                              ../Transmit_Test_bsp/\libhal_bsp.a(alt_getchar.o) (altera_avalon_jtag_uart_read)
../Transmit_Test_bsp/\libhal_bsp.a(altera_avalon_jtag_uart_write.o)
                              ../Transmit_Test_bsp/\libhal_bsp.a(alt_putchar.o) (altera_avalon_jtag_uart_write)
../Transmit_Test_bsp/\libhal_bsp.a(alt_busy_sleep.o)
                              ../Transmit_Test_bsp/\libhal_bsp.a(alt_usleep.o) (alt_busy_sleep)
../Transmit_Test_bsp/\libhal_bsp.a(alt_close.o)
                              ../Transmit_Test_bsp/\libhal_bsp.a(alt_main.o) (close)
../Transmit_Test_bsp/\libhal_bsp.a(alt_dcache_flush_all.o)
                              ../Transmit_Test_bsp/\libhal_bsp.a(alt_load.o) (alt_dcache_flush_all)
../Transmit_Test_bsp/\libhal_bsp.a(alt_dev.o)
                              ../Transmit_Test_bsp/\libhal_bsp.a(alt_getchar.o) (alt_fd_list)
../Transmit_Test_bsp/\libhal_bsp.a(alt_errno.o)
                              ../Transmit_Test_bsp/\libhal_bsp.a(alt_close.o) (alt_errno)
../Transmit_Test_bsp/\libhal_bsp.a(alt_icache_flush_all.o)
                              ../Transmit_Test_bsp/\libhal_bsp.a(alt_load.o) (alt_icache_flush_all)
../Transmit_Test_bsp/\libhal_bsp.a(altera_nios2_gen2_irq.o)
                              ../Transmit_Test_bsp/\libhal_bsp.a(alt_sys_init.o) (altera_nios2_gen2_irq_init)
c:/altera/16.0/nios2eds/bin/gnu/h-x86_64-mingw32/bin/../lib/gcc/nios2-elf/5.2.0/../../../../../H-x86_64-mingw32/nios2-elf/lib/mno-hw-mul\libsmallc.a(lib_a-exit.o)
                              ../Transmit_Test_bsp/\libhal_bsp.a(alt_main.o) (exit)
c:/altera/16.0/nios2eds/bin/gnu/h-x86_64-mingw32/bin/../lib/gcc/nios2-elf/5.2.0/../../../../../H-x86_64-mingw32/nios2-elf/lib/mno-hw-mul\libsmallc.a(lib_a-int_errno.o)
                              ../Transmit_Test_bsp/\libhal_bsp.a(alt_close.o) (errno)
c:/altera/16.0/nios2eds/bin/gnu/h-x86_64-mingw32/bin/../lib/gcc/nios2-elf/5.2.0/../../../../../H-x86_64-mingw32/nios2-elf/lib/mno-hw-mul\libsmallc.a(lib_a-strlen.o)
                              ../Transmit_Test_bsp/\libhal_bsp.a(alt_putstr.o) (strlen)
c:/altera/16.0/nios2eds/bin/gnu/h-x86_64-mingw32/bin/../lib/gcc/nios2-elf/5.2.0/../../../../../H-x86_64-mingw32/nios2-elf/lib/mno-hw-mul\libsmallc.a(lib_a-__call_atexit.o)
                              c:/altera/16.0/nios2eds/bin/gnu/h-x86_64-mingw32/bin/../lib/gcc/nios2-elf/5.2.0/../../../../../H-x86_64-mingw32/nios2-elf/lib/mno-hw-mul\libsmallc.a(lib_a-exit.o) (__call_exitprocs)
c:/altera/16.0/nios2eds/bin/gnu/h-x86_64-mingw32/bin/../lib/gcc/nios2-elf/5.2.0/../../../../../H-x86_64-mingw32/nios2-elf/lib/mno-hw-mul\libsmallc.a(lib_a-impure.o)
                              c:/altera/16.0/nios2eds/bin/gnu/h-x86_64-mingw32/bin/../lib/gcc/nios2-elf/5.2.0/../../../../../H-x86_64-mingw32/nios2-elf/lib/mno-hw-mul\libsmallc.a(lib_a-__call_atexit.o) (_global_impure_ptr)
c:/altera/16.0/nios2eds/bin/gnu/h-x86_64-mingw32/bin/../lib/gcc/nios2-elf/5.2.0/mno-hw-mul\libgcc.a(lib2-divmod.o)
                              ../Transmit_Test_bsp/\libhal_bsp.a(alt_busy_sleep.o) (__udivsi3)
c:/altera/16.0/nios2eds/bin/gnu/h-x86_64-mingw32/bin/../lib/gcc/nios2-elf/5.2.0/mno-hw-mul\libgcc.a(lib2-mul.o)
                              ../Transmit_Test_bsp/\libhal_bsp.a(alt_busy_sleep.o) (__mulsi3)
../Transmit_Test_bsp/\libhal_bsp.a(alt_exit.o)
                              c:/altera/16.0/nios2eds/bin/gnu/h-x86_64-mingw32/bin/../lib/gcc/nios2-elf/5.2.0/../../../../../H-x86_64-mingw32/nios2-elf/lib/mno-hw-mul\libsmallc.a(lib_a-exit.o) (_exit)

Allocating common symbols
Common symbol       size              file

errno               0x4               c:/altera/16.0/nios2eds/bin/gnu/h-x86_64-mingw32/bin/../lib/gcc/nios2-elf/5.2.0/../../../../../H-x86_64-mingw32/nios2-elf/lib/mno-hw-mul\libsmallc.a(lib_a-int_errno.o)
data_buf            0xa               obj/default/transmit.o

Discarded input sections

 .gnu.warning.close
                0x0000000000000000        0x0 ../Transmit_Test_bsp/\libhal_bsp.a(alt_close.o)

Memory Configuration

Name             Origin             Length             Attributes
reset            0x0000000000008000 0x0000000000000020
onchip_memory2_0 0x0000000000008020 0x0000000000004fe0
*default*        0x0000000000000000 0xffffffffffffffff

Linker script and memory map

LOAD ../Transmit_Test_bsp//obj/HAL/src/crt0.o
LOAD obj/default/transmit.o
LOAD c:/altera/16.0/nios2eds/bin/gnu/h-x86_64-mingw32/bin/../lib/gcc/nios2-elf/5.2.0/../../../../../H-x86_64-mingw32/nios2-elf/lib/mno-hw-mul\libstdc++.a
LOAD c:/altera/16.0/nios2eds/bin/gnu/h-x86_64-mingw32/bin/../lib/gcc/nios2-elf/5.2.0/../../../../../H-x86_64-mingw32/nios2-elf/lib/mno-hw-mul\libm.a
LOAD c:/altera/16.0/nios2eds/bin/gnu/h-x86_64-mingw32/bin/../lib/gcc/nios2-elf/5.2.0/mno-hw-mul\libgcc.a
START GROUP
LOAD c:/altera/16.0/nios2eds/bin/gnu/h-x86_64-mingw32/bin/../lib/gcc/nios2-elf/5.2.0/../../../../../H-x86_64-mingw32/nios2-elf/lib/mno-hw-mul\libsmallc.a
LOAD c:/altera/16.0/nios2eds/bin/gnu/h-x86_64-mingw32/bin/../lib/gcc/nios2-elf/5.2.0/mno-hw-mul\libgcc.a
LOAD ../Transmit_Test_bsp/\libhal_bsp.a
LOAD c:/altera/16.0/nios2eds/bin/gnu/h-x86_64-mingw32/bin/../lib/gcc/nios2-elf/5.2.0/../../../../../H-x86_64-mingw32/nios2-elf/lib/mno-hw-mul\libm.a
END GROUP
LOAD c:/altera/16.0/nios2eds/bin/gnu/h-x86_64-mingw32/bin/../lib/gcc/nios2-elf/5.2.0/mno-hw-mul\libgcc.a
                0x0000000000008000                __alt_mem_onchip_memory2_0 = 0x8000

.entry          0x0000000000008000       0x20
 *(.entry)
 .entry         0x0000000000008000       0x20 ../Transmit_Test_bsp//obj/HAL/src/crt0.o
                0x0000000000008000                __reset

.exceptions     0x0000000000008020        0x0
                0x0000000000008020                PROVIDE (__ram_exceptions_start, ABSOLUTE (.))
                0x0000000000008020                . = ALIGN (0x20)
 *(.irq)
 *(.exceptions.entry.label)
 *(.exceptions.entry.user)
 *(.exceptions.entry.ecc_fatal)
 *(.exceptions.entry)
 *(.exceptions.irqtest.user)
 *(.exceptions.irqtest)
 *(.exceptions.irqhandler.user)
 *(.exceptions.irqhandler)
 *(.exceptions.irqreturn.user)
 *(.exceptions.irqreturn)
 *(.exceptions.notirq.label)
 *(.exceptions.notirq.user)
 *(.exceptions.notirq)
 *(.exceptions.soft.user)
 *(.exceptions.soft)
 *(.exceptions.unknown.user)
 *(.exceptions.unknown)
 *(.exceptions.exit.label)
 *(.exceptions.exit.user)
 *(.exceptions.exit)
 *(.exceptions)
                0x0000000000008020                PROVIDE (__ram_exceptions_end, ABSOLUTE (.))
                0x0000000000008020                PROVIDE (__flash_exceptions_start, LOADADDR (.exceptions))

.text           0x0000000000008020     0x1054
                [!provide]                        PROVIDE (stext, ABSOLUTE (.))
 *(.interp)
 *(.hash)
 *(.dynsym)
 *(.dynstr)
 *(.gnu.version)
 *(.gnu.version_d)
 *(.gnu.version_r)
 *(.rel.init)
 *(.rela.init)
 *(.rel.text .rel.text.* .rel.gnu.linkonce.t.*)
 *(.rela.text .rela.text.* .rela.gnu.linkonce.t.*)
 *(.rel.fini)
 *(.rela.fini)
 *(.rel.rodata .rel.rodata.* .rel.gnu.linkonce.r.*)
 *(.rela.rodata .rela.rodata.* .rela.gnu.linkonce.r.*)
 *(.rel.data .rel.data.* .rel.gnu.linkonce.d.*)
 *(.rela.data .rela.data.* .rela.gnu.linkonce.d.*)
 *(.rel.tdata .rel.tdata.* .rel.gnu.linkonce.td.*)
 *(.rela.tdata .rela.tdata.* .rela.gnu.linkonce.td.*)
 *(.rel.tbss .rel.tbss.* .rel.gnu.linkonce.tb.*)
 *(.rela.tbss .rela.tbss.* .rela.gnu.linkonce.tb.*)
 *(.rel.ctors)
 *(.rela.ctors)
 *(.rel.dtors)
 *(.rela.dtors)
 *(.rel.got)
 *(.rela.got)
 *(.rel.sdata .rel.sdata.* .rel.gnu.linkonce.s.*)
 *(.rela.sdata .rela.sdata.* .rela.gnu.linkonce.s.*)
 *(.rel.sbss .rel.sbss.* .rel.gnu.linkonce.sb.*)
 *(.rela.sbss .rela.sbss.* .rela.gnu.linkonce.sb.*)
 *(.rel.sdata2 .rel.sdata2.* .rel.gnu.linkonce.s2.*)
 *(.rela.sdata2 .rela.sdata2.* .rela.gnu.linkonce.s2.*)
 *(.rel.sbss2 .rel.sbss2.* .rel.gnu.linkonce.sb2.*)
 *(.rela.sbss2 .rela.sbss2.* .rela.gnu.linkonce.sb2.*)
 *(.rel.bss .rel.bss.* .rel.gnu.linkonce.b.*)
 *(.rela.bss .rela.bss.* .rela.gnu.linkonce.b.*)
 *(.rel.plt)
 *(.rela.plt)
 *(.rel.dyn)
 *(.init)
 *(.plt)
 *(.text .stub .text.* .gnu.linkonce.t.*)
 .text          0x0000000000008020       0x3c ../Transmit_Test_bsp//obj/HAL/src/crt0.o
                0x0000000000008020                _start
 .text          0x000000000000805c      0x578 obj/default/transmit.o
                0x000000000000805c                main
                0x0000000000008170                scanner_rout
                0x00000000000084c0                scanner_init
                0x0000000000008544                scan_inq
 .text          0x00000000000085d4       0x64 ../Transmit_Test_bsp/\libhal_bsp.a(alt_getchar.o)
                0x00000000000085d4                alt_getchar
 .text          0x0000000000008638       0xec ../Transmit_Test_bsp/\libhal_bsp.a(alt_load.o)
                0x00000000000086a0                alt_load
 .text          0x0000000000008724       0x50 ../Transmit_Test_bsp/\libhal_bsp.a(alt_main.o)
                0x0000000000008724                alt_main
 .text          0x0000000000008774       0x5c ../Transmit_Test_bsp/\libhal_bsp.a(alt_putchar.o)
                0x0000000000008774                alt_putchar
 .text          0x00000000000087d0       0x48 ../Transmit_Test_bsp/\libhal_bsp.a(alt_putstr.o)
                0x00000000000087d0                alt_putstr
 .text          0x0000000000008818       0x30 ../Transmit_Test_bsp/\libhal_bsp.a(alt_usleep.o)
                0x0000000000008818                usleep
 .text          0x0000000000008848       0x5c ../Transmit_Test_bsp/\libhal_bsp.a(alt_sys_init.o)
                0x0000000000008848                alt_irq_init
                0x0000000000008880                alt_sys_init
 .text          0x00000000000088a4       0xec ../Transmit_Test_bsp/\libhal_bsp.a(altera_avalon_jtag_uart_read.o)
                0x00000000000088a4                altera_avalon_jtag_uart_read
 .text          0x0000000000008990       0x94 ../Transmit_Test_bsp/\libhal_bsp.a(altera_avalon_jtag_uart_write.o)
                0x0000000000008990                altera_avalon_jtag_uart_write
 .text          0x0000000000008a24      0x158 ../Transmit_Test_bsp/\libhal_bsp.a(alt_busy_sleep.o)
                0x0000000000008a24                alt_busy_sleep
 .text          0x0000000000008b7c       0x8c ../Transmit_Test_bsp/\libhal_bsp.a(alt_close.o)
                0x0000000000008bcc                close
 .text          0x0000000000008c08       0x20 ../Transmit_Test_bsp/\libhal_bsp.a(alt_dcache_flush_all.o)
                0x0000000000008c08                alt_dcache_flush_all
 .text          0x0000000000008c28       0x2c ../Transmit_Test_bsp/\libhal_bsp.a(alt_dev.o)
 .text          0x0000000000008c54        0x0 ../Transmit_Test_bsp/\libhal_bsp.a(alt_errno.o)
 .text          0x0000000000008c54       0x20 ../Transmit_Test_bsp/\libhal_bsp.a(alt_icache_flush_all.o)
                0x0000000000008c54                alt_icache_flush_all
 .text          0x0000000000008c74       0x24 ../Transmit_Test_bsp/\libhal_bsp.a(altera_nios2_gen2_irq.o)
                0x0000000000008c74                altera_nios2_gen2_irq_init
 .text          0x0000000000008c98        0x0 c:/altera/16.0/nios2eds/bin/gnu/h-x86_64-mingw32/bin/../lib/gcc/nios2-elf/5.2.0/../../../../../H-x86_64-mingw32/nios2-elf/lib/mno-hw-mul\libsmallc.a(lib_a-exit.o)
 .text.exit     0x0000000000008c98       0x20 c:/altera/16.0/nios2eds/bin/gnu/h-x86_64-mingw32/bin/../lib/gcc/nios2-elf/5.2.0/../../../../../H-x86_64-mingw32/nios2-elf/lib/mno-hw-mul\libsmallc.a(lib_a-exit.o)
                0x0000000000008c98                exit
 .text          0x0000000000008cb8        0x0 c:/altera/16.0/nios2eds/bin/gnu/h-x86_64-mingw32/bin/../lib/gcc/nios2-elf/5.2.0/../../../../../H-x86_64-mingw32/nios2-elf/lib/mno-hw-mul\libsmallc.a(lib_a-int_errno.o)
 .text          0x0000000000008cb8        0x0 c:/altera/16.0/nios2eds/bin/gnu/h-x86_64-mingw32/bin/../lib/gcc/nios2-elf/5.2.0/../../../../../H-x86_64-mingw32/nios2-elf/lib/mno-hw-mul\libsmallc.a(lib_a-strlen.o)
 .text.strlen   0x0000000000008cb8       0x1c c:/altera/16.0/nios2eds/bin/gnu/h-x86_64-mingw32/bin/../lib/gcc/nios2-elf/5.2.0/../../../../../H-x86_64-mingw32/nios2-elf/lib/mno-hw-mul\libsmallc.a(lib_a-strlen.o)
                0x0000000000008cb8                strlen
 .text          0x0000000000008cd4        0x0 c:/altera/16.0/nios2eds/bin/gnu/h-x86_64-mingw32/bin/../lib/gcc/nios2-elf/5.2.0/../../../../../H-x86_64-mingw32/nios2-elf/lib/mno-hw-mul\libsmallc.a(lib_a-__call_atexit.o)
 .text.__call_exitprocs
                0x0000000000008cd4      0x190 c:/altera/16.0/nios2eds/bin/gnu/h-x86_64-mingw32/bin/../lib/gcc/nios2-elf/5.2.0/../../../../../H-x86_64-mingw32/nios2-elf/lib/mno-hw-mul\libsmallc.a(lib_a-__call_atexit.o)
                0x0000000000008cd4                __call_exitprocs
 .text          0x0000000000008e64        0x0 c:/altera/16.0/nios2eds/bin/gnu/h-x86_64-mingw32/bin/../lib/gcc/nios2-elf/5.2.0/../../../../../H-x86_64-mingw32/nios2-elf/lib/mno-hw-mul\libsmallc.a(lib_a-impure.o)
 .text          0x0000000000008e64      0x1b4 c:/altera/16.0/nios2eds/bin/gnu/h-x86_64-mingw32/bin/../lib/gcc/nios2-elf/5.2.0/mno-hw-mul\libgcc.a(lib2-divmod.o)
                0x0000000000008e64                __divsi3
                0x0000000000008ee8                __modsi3
                0x0000000000008f5c                __udivsi3
                0x0000000000008fc0                __umodsi3
 .text          0x0000000000009018       0x28 c:/altera/16.0/nios2eds/bin/gnu/h-x86_64-mingw32/bin/../lib/gcc/nios2-elf/5.2.0/mno-hw-mul\libgcc.a(lib2-mul.o)
                0x0000000000009018                __mulsi3
 .text          0x0000000000009040       0x34 ../Transmit_Test_bsp/\libhal_bsp.a(alt_exit.o)
                0x0000000000009040                _exit
 *(.gnu.warning.*)
 *(.fini)
                [!provide]                        PROVIDE (__etext, ABSOLUTE (.))
                [!provide]                        PROVIDE (_etext, ABSOLUTE (.))
                [!provide]                        PROVIDE (etext, ABSOLUTE (.))
 *(.eh_frame_hdr)
                0x0000000000009074                . = ALIGN (0x4)
                [!provide]                        PROVIDE (__preinit_array_start, ABSOLUTE (.))
 *(.preinit_array)
                [!provide]                        PROVIDE (__preinit_array_end, ABSOLUTE (.))
                [!provide]                        PROVIDE (__init_array_start, ABSOLUTE (.))
 *(.init_array)
                [!provide]                        PROVIDE (__init_array_end, ABSOLUTE (.))
                [!provide]                        PROVIDE (__fini_array_start, ABSOLUTE (.))
 *(.fini_array)
                [!provide]                        PROVIDE (__fini_array_end, ABSOLUTE (.))
 *(.eh_frame)
 *(.gcc_except_table .gcc_except_table.*)
 *(.dynamic)
                [!provide]                        PROVIDE (__CTOR_LIST__, ABSOLUTE (.))
 *(.ctors)
 *(SORT(.ctors.*))
                [!provide]                        PROVIDE (__CTOR_END__, ABSOLUTE (.))
                [!provide]                        PROVIDE (__DTOR_LIST__, ABSOLUTE (.))
 *(.dtors)
 *(SORT(.dtors.*))
                [!provide]                        PROVIDE (__DTOR_END__, ABSOLUTE (.))
 *(.jcr)
                0x0000000000009074                . = ALIGN (0x4)

.rodata         0x0000000000009074      0x108
                0x0000000000009074                PROVIDE (__ram_rodata_start, ABSOLUTE (.))
                0x0000000000009074                . = ALIGN (0x4)
 *(.rodata .rodata.* .gnu.linkonce.r.*)
 .rodata        0x0000000000009074       0xf9 obj/default/transmit.o
 *fill*         0x000000000000916d        0x3 
 .rodata        0x0000000000009170        0xa ../Transmit_Test_bsp/\libhal_bsp.a(alt_dev.o)
 *(.rodata1)
                0x000000000000917c                . = ALIGN (0x4)
 *fill*         0x000000000000917a        0x2 
                0x000000000000917c                PROVIDE (__ram_rodata_end, ABSOLUTE (.))
                0x0000000000009074                PROVIDE (__flash_rodata_start, LOADADDR (.rodata))

.rwdata         0x000000000000917c      0x2ac load address 0x0000000000009428
                0x000000000000917c                PROVIDE (__ram_rwdata_start, ABSOLUTE (.))
                0x000000000000917c                . = ALIGN (0x4)
 *(.got.plt)
 *(.got)
 *(.data1)
 *(.data .data.* .gnu.linkonce.d.*)
 .data          0x000000000000917c        0x0 ../Transmit_Test_bsp//obj/HAL/src/crt0.o
 .data          0x000000000000917c        0x0 obj/default/transmit.o
 .data          0x000000000000917c        0x0 ../Transmit_Test_bsp/\libhal_bsp.a(alt_getchar.o)
 .data          0x000000000000917c        0x0 ../Transmit_Test_bsp/\libhal_bsp.a(alt_load.o)
 .data          0x000000000000917c        0x0 ../Transmit_Test_bsp/\libhal_bsp.a(alt_main.o)
 .data          0x000000000000917c        0x0 ../Transmit_Test_bsp/\libhal_bsp.a(alt_putchar.o)
 .data          0x000000000000917c        0x0 ../Transmit_Test_bsp/\libhal_bsp.a(alt_putstr.o)
 .data          0x000000000000917c        0x0 ../Transmit_Test_bsp/\libhal_bsp.a(alt_usleep.o)
 .data          0x000000000000917c        0x0 ../Transmit_Test_bsp/\libhal_bsp.a(alt_sys_init.o)
 .data          0x000000000000917c        0x0 ../Transmit_Test_bsp/\libhal_bsp.a(altera_avalon_jtag_uart_read.o)
 .data          0x000000000000917c        0x0 ../Transmit_Test_bsp/\libhal_bsp.a(altera_avalon_jtag_uart_write.o)
 .data          0x000000000000917c        0x0 ../Transmit_Test_bsp/\libhal_bsp.a(alt_busy_sleep.o)
 .data          0x000000000000917c        0x0 ../Transmit_Test_bsp/\libhal_bsp.a(alt_close.o)
 .data          0x000000000000917c        0x0 ../Transmit_Test_bsp/\libhal_bsp.a(alt_dcache_flush_all.o)
 .data          0x000000000000917c      0x1a8 ../Transmit_Test_bsp/\libhal_bsp.a(alt_dev.o)
                0x000000000000917c                alt_dev_null
                0x00000000000091a4                alt_fd_list
 .data          0x0000000000009324        0x0 ../Transmit_Test_bsp/\libhal_bsp.a(alt_errno.o)
 .data          0x0000000000009324        0x0 ../Transmit_Test_bsp/\libhal_bsp.a(alt_icache_flush_all.o)
 .data          0x0000000000009324        0x0 ../Transmit_Test_bsp/\libhal_bsp.a(altera_nios2_gen2_irq.o)
 .data          0x0000000000009324        0x0 c:/altera/16.0/nios2eds/bin/gnu/h-x86_64-mingw32/bin/../lib/gcc/nios2-elf/5.2.0/../../../../../H-x86_64-mingw32/nios2-elf/lib/mno-hw-mul\libsmallc.a(lib_a-exit.o)
 .data          0x0000000000009324        0x0 c:/altera/16.0/nios2eds/bin/gnu/h-x86_64-mingw32/bin/../lib/gcc/nios2-elf/5.2.0/../../../../../H-x86_64-mingw32/nios2-elf/lib/mno-hw-mul\libsmallc.a(lib_a-int_errno.o)
 .data          0x0000000000009324        0x0 c:/altera/16.0/nios2eds/bin/gnu/h-x86_64-mingw32/bin/../lib/gcc/nios2-elf/5.2.0/../../../../../H-x86_64-mingw32/nios2-elf/lib/mno-hw-mul\libsmallc.a(lib_a-strlen.o)
 .data          0x0000000000009324        0x0 c:/altera/16.0/nios2eds/bin/gnu/h-x86_64-mingw32/bin/../lib/gcc/nios2-elf/5.2.0/../../../../../H-x86_64-mingw32/nios2-elf/lib/mno-hw-mul\libsmallc.a(lib_a-__call_atexit.o)
 .data          0x0000000000009324        0x0 c:/altera/16.0/nios2eds/bin/gnu/h-x86_64-mingw32/bin/../lib/gcc/nios2-elf/5.2.0/../../../../../H-x86_64-mingw32/nios2-elf/lib/mno-hw-mul\libsmallc.a(lib_a-impure.o)
 .data.impure_data
                0x0000000000009324       0xe0 c:/altera/16.0/nios2eds/bin/gnu/h-x86_64-mingw32/bin/../lib/gcc/nios2-elf/5.2.0/../../../../../H-x86_64-mingw32/nios2-elf/lib/mno-hw-mul\libsmallc.a(lib_a-impure.o)
 .data          0x0000000000009404        0x0 c:/altera/16.0/nios2eds/bin/gnu/h-x86_64-mingw32/bin/../lib/gcc/nios2-elf/5.2.0/mno-hw-mul\libgcc.a(lib2-divmod.o)
 .data          0x0000000000009404        0x0 c:/altera/16.0/nios2eds/bin/gnu/h-x86_64-mingw32/bin/../lib/gcc/nios2-elf/5.2.0/mno-hw-mul\libgcc.a(lib2-mul.o)
 .data          0x0000000000009404        0x0 ../Transmit_Test_bsp/\libhal_bsp.a(alt_exit.o)
                0x0000000000011404                _gp = ABSOLUTE ((. + 0x8000))
                [!provide]                        PROVIDE (gp, _gp)
 *(.rwdata .rwdata.*)
 *(.sdata .sdata.* .gnu.linkonce.s.*)
 .sdata         0x0000000000009404        0x4 ../Transmit_Test_bsp/\libhal_bsp.a(alt_sys_init.o)
                0x0000000000009404                jtag_uart_0
 .sdata         0x0000000000009408       0x14 ../Transmit_Test_bsp/\libhal_bsp.a(alt_dev.o)
                0x0000000000009408                alt_fs_list
                0x0000000000009410                alt_dev_list
                0x0000000000009418                alt_max_fd
 .sdata         0x000000000000941c        0x4 ../Transmit_Test_bsp/\libhal_bsp.a(alt_errno.o)
                0x000000000000941c                alt_errno
 .sdata._global_impure_ptr
                0x0000000000009420        0x4 c:/altera/16.0/nios2eds/bin/gnu/h-x86_64-mingw32/bin/../lib/gcc/nios2-elf/5.2.0/../../../../../H-x86_64-mingw32/nios2-elf/lib/mno-hw-mul\libsmallc.a(lib_a-impure.o)
                0x0000000000009420                _global_impure_ptr
 .sdata._impure_ptr
                0x0000000000009424        0x4 c:/altera/16.0/nios2eds/bin/gnu/h-x86_64-mingw32/bin/../lib/gcc/nios2-elf/5.2.0/../../../../../H-x86_64-mingw32/nios2-elf/lib/mno-hw-mul\libsmallc.a(lib_a-impure.o)
                0x0000000000009424                _impure_ptr
 *(.sdata2 .sdata2.* .gnu.linkonce.s2.*)
                0x0000000000009428                . = ALIGN (0x4)
                0x0000000000009428                _edata = ABSOLUTE (.)
                [!provide]                        PROVIDE (edata, ABSOLUTE (.))
                0x0000000000009428                PROVIDE (__ram_rwdata_end, ABSOLUTE (.))
                0x0000000000009428                PROVIDE (__flash_rwdata_start, LOADADDR (.rwdata))

.bss            0x00000000000096d4       0x1c
                0x00000000000096d4                __bss_start = ABSOLUTE (.)
                [!provide]                        PROVIDE (__sbss_start, ABSOLUTE (.))
                [!provide]                        PROVIDE (___sbss_start, ABSOLUTE (.))
 *(.dynsbss)
 *(.sbss .sbss.* .gnu.linkonce.sb.*)
 .sbss          0x00000000000096d4        0xc ../Transmit_Test_bsp/\libhal_bsp.a(alt_main.o)
                0x00000000000096d4                alt_argc
                0x00000000000096d8                alt_argv
                0x00000000000096dc                alt_envp
 .sbss          0x00000000000096e0        0x4 c:/altera/16.0/nios2eds/bin/gnu/h-x86_64-mingw32/bin/../lib/gcc/nios2-elf/5.2.0/../../../../../H-x86_64-mingw32/nios2-elf/lib/mno-hw-mul\libsmallc.a(lib_a-int_errno.o)
                0x00000000000096e0                errno
 *(.sbss2 .sbss2.* .gnu.linkonce.sb2.*)
 *(.scommon)
                [!provide]                        PROVIDE (__sbss_end, ABSOLUTE (.))
                [!provide]                        PROVIDE (___sbss_end, ABSOLUTE (.))
 *(.dynbss)
 *(.bss .bss.* .gnu.linkonce.b.*)
 .bss           0x00000000000096e4        0x0 ../Transmit_Test_bsp//obj/HAL/src/crt0.o
 .bss           0x00000000000096e4        0x0 obj/default/transmit.o
 .bss           0x00000000000096e4        0x0 ../Transmit_Test_bsp/\libhal_bsp.a(alt_getchar.o)
 .bss           0x00000000000096e4        0x0 ../Transmit_Test_bsp/\libhal_bsp.a(alt_load.o)
 .bss           0x00000000000096e4        0x0 ../Transmit_Test_bsp/\libhal_bsp.a(alt_main.o)
 .bss           0x00000000000096e4        0x0 ../Transmit_Test_bsp/\libhal_bsp.a(alt_putchar.o)
 .bss           0x00000000000096e4        0x0 ../Transmit_Test_bsp/\libhal_bsp.a(alt_putstr.o)
 .bss           0x00000000000096e4        0x0 ../Transmit_Test_bsp/\libhal_bsp.a(alt_usleep.o)
 .bss           0x00000000000096e4        0x0 ../Transmit_Test_bsp/\libhal_bsp.a(alt_sys_init.o)
 .bss           0x00000000000096e4        0x0 ../Transmit_Test_bsp/\libhal_bsp.a(altera_avalon_jtag_uart_read.o)
 .bss           0x00000000000096e4        0x0 ../Transmit_Test_bsp/\libhal_bsp.a(altera_avalon_jtag_uart_write.o)
 .bss           0x00000000000096e4        0x0 ../Transmit_Test_bsp/\libhal_bsp.a(alt_busy_sleep.o)
 .bss           0x00000000000096e4        0x0 ../Transmit_Test_bsp/\libhal_bsp.a(alt_close.o)
 .bss           0x00000000000096e4        0x0 ../Transmit_Test_bsp/\libhal_bsp.a(alt_dcache_flush_all.o)
 .bss           0x00000000000096e4        0x0 ../Transmit_Test_bsp/\libhal_bsp.a(alt_dev.o)
 .bss           0x00000000000096e4        0x0 ../Transmit_Test_bsp/\libhal_bsp.a(alt_errno.o)
 .bss           0x00000000000096e4        0x0 ../Transmit_Test_bsp/\libhal_bsp.a(alt_icache_flush_all.o)
 .bss           0x00000000000096e4        0x0 ../Transmit_Test_bsp/\libhal_bsp.a(altera_nios2_gen2_irq.o)
 .bss           0x00000000000096e4        0x0 c:/altera/16.0/nios2eds/bin/gnu/h-x86_64-mingw32/bin/../lib/gcc/nios2-elf/5.2.0/../../../../../H-x86_64-mingw32/nios2-elf/lib/mno-hw-mul\libsmallc.a(lib_a-exit.o)
 .bss           0x00000000000096e4        0x0 c:/altera/16.0/nios2eds/bin/gnu/h-x86_64-mingw32/bin/../lib/gcc/nios2-elf/5.2.0/../../../../../H-x86_64-mingw32/nios2-elf/lib/mno-hw-mul\libsmallc.a(lib_a-int_errno.o)
 .bss           0x00000000000096e4        0x0 c:/altera/16.0/nios2eds/bin/gnu/h-x86_64-mingw32/bin/../lib/gcc/nios2-elf/5.2.0/../../../../../H-x86_64-mingw32/nios2-elf/lib/mno-hw-mul\libsmallc.a(lib_a-strlen.o)
 .bss           0x00000000000096e4        0x0 c:/altera/16.0/nios2eds/bin/gnu/h-x86_64-mingw32/bin/../lib/gcc/nios2-elf/5.2.0/../../../../../H-x86_64-mingw32/nios2-elf/lib/mno-hw-mul\libsmallc.a(lib_a-__call_atexit.o)
 .bss           0x00000000000096e4        0x0 c:/altera/16.0/nios2eds/bin/gnu/h-x86_64-mingw32/bin/../lib/gcc/nios2-elf/5.2.0/../../../../../H-x86_64-mingw32/nios2-elf/lib/mno-hw-mul\libsmallc.a(lib_a-impure.o)
 .bss           0x00000000000096e4        0x0 c:/altera/16.0/nios2eds/bin/gnu/h-x86_64-mingw32/bin/../lib/gcc/nios2-elf/5.2.0/mno-hw-mul\libgcc.a(lib2-divmod.o)
 .bss           0x00000000000096e4        0x0 c:/altera/16.0/nios2eds/bin/gnu/h-x86_64-mingw32/bin/../lib/gcc/nios2-elf/5.2.0/mno-hw-mul\libgcc.a(lib2-mul.o)
 .bss           0x00000000000096e4        0x0 ../Transmit_Test_bsp/\libhal_bsp.a(alt_exit.o)
 *(COMMON)
 COMMON         0x00000000000096e4        0xa obj/default/transmit.o
                0x00000000000096e4                data_buf
                0x00000000000096f0                . = ALIGN (0x4)
 *fill*         0x00000000000096ee        0x2 
                0x00000000000096f0                __bss_end = ABSOLUTE (.)

.onchip_memory2_0
                0x00000000000096f0        0x0
                [!provide]                        PROVIDE (_alt_partition_onchip_memory2_0_start, ABSOLUTE (.))
 *(.onchip_memory2_0 .onchip_memory2_0. onchip_memory2_0.*)
                0x00000000000096f0                . = ALIGN (0x4)
                [!provide]                        PROVIDE (_alt_partition_onchip_memory2_0_end, ABSOLUTE (.))
                0x00000000000096f0                _end = ABSOLUTE (.)
                0x00000000000096f0                end = ABSOLUTE (.)
                0x00000000000096f0                __alt_stack_base = ABSOLUTE (.)
                [!provide]                        PROVIDE (_alt_partition_onchip_memory2_0_load_addr, LOADADDR (.onchip_memory2_0))

.stab
 *(.stab)

.stabstr
 *(.stabstr)

.stab.excl
 *(.stab.excl)

.stab.exclstr
 *(.stab.exclstr)

.stab.index
 *(.stab.index)

.stab.indexstr
 *(.stab.indexstr)

.comment        0x0000000000000000       0x23
 *(.comment)
 .comment       0x0000000000000000       0x23 obj/default/transmit.o
                                         0x24 (size before relaxing)
 .comment       0x0000000000000023       0x24 ../Transmit_Test_bsp/\libhal_bsp.a(alt_getchar.o)
 .comment       0x0000000000000023       0x24 ../Transmit_Test_bsp/\libhal_bsp.a(alt_load.o)
 .comment       0x0000000000000023       0x24 ../Transmit_Test_bsp/\libhal_bsp.a(alt_main.o)
 .comment       0x0000000000000023       0x24 ../Transmit_Test_bsp/\libhal_bsp.a(alt_putchar.o)
 .comment       0x0000000000000023       0x24 ../Transmit_Test_bsp/\libhal_bsp.a(alt_putstr.o)
 .comment       0x0000000000000023       0x24 ../Transmit_Test_bsp/\libhal_bsp.a(alt_usleep.o)
 .comment       0x0000000000000023       0x24 ../Transmit_Test_bsp/\libhal_bsp.a(alt_sys_init.o)
 .comment       0x0000000000000023       0x24 ../Transmit_Test_bsp/\libhal_bsp.a(altera_avalon_jtag_uart_read.o)
 .comment       0x0000000000000023       0x24 ../Transmit_Test_bsp/\libhal_bsp.a(altera_avalon_jtag_uart_write.o)
 .comment       0x0000000000000023       0x24 ../Transmit_Test_bsp/\libhal_bsp.a(alt_busy_sleep.o)
 .comment       0x0000000000000023       0x24 ../Transmit_Test_bsp/\libhal_bsp.a(alt_close.o)
 .comment       0x0000000000000023       0x24 ../Transmit_Test_bsp/\libhal_bsp.a(alt_dcache_flush_all.o)
 .comment       0x0000000000000023       0x24 ../Transmit_Test_bsp/\libhal_bsp.a(alt_dev.o)
 .comment       0x0000000000000023       0x24 ../Transmit_Test_bsp/\libhal_bsp.a(alt_errno.o)
 .comment       0x0000000000000023       0x24 ../Transmit_Test_bsp/\libhal_bsp.a(alt_icache_flush_all.o)
 .comment       0x0000000000000023       0x24 ../Transmit_Test_bsp/\libhal_bsp.a(altera_nios2_gen2_irq.o)
 .comment       0x0000000000000023       0x24 c:/altera/16.0/nios2eds/bin/gnu/h-x86_64-mingw32/bin/../lib/gcc/nios2-elf/5.2.0/../../../../../H-x86_64-mingw32/nios2-elf/lib/mno-hw-mul\libsmallc.a(lib_a-exit.o)
 .comment       0x0000000000000023       0x24 c:/altera/16.0/nios2eds/bin/gnu/h-x86_64-mingw32/bin/../lib/gcc/nios2-elf/5.2.0/../../../../../H-x86_64-mingw32/nios2-elf/lib/mno-hw-mul\libsmallc.a(lib_a-int_errno.o)
 .comment       0x0000000000000023       0x24 c:/altera/16.0/nios2eds/bin/gnu/h-x86_64-mingw32/bin/../lib/gcc/nios2-elf/5.2.0/../../../../../H-x86_64-mingw32/nios2-elf/lib/mno-hw-mul\libsmallc.a(lib_a-strlen.o)
 .comment       0x0000000000000023       0x24 c:/altera/16.0/nios2eds/bin/gnu/h-x86_64-mingw32/bin/../lib/gcc/nios2-elf/5.2.0/../../../../../H-x86_64-mingw32/nios2-elf/lib/mno-hw-mul\libsmallc.a(lib_a-__call_atexit.o)
 .comment       0x0000000000000023       0x24 c:/altera/16.0/nios2eds/bin/gnu/h-x86_64-mingw32/bin/../lib/gcc/nios2-elf/5.2.0/../../../../../H-x86_64-mingw32/nios2-elf/lib/mno-hw-mul\libsmallc.a(lib_a-impure.o)
 .comment       0x0000000000000023       0x24 c:/altera/16.0/nios2eds/bin/gnu/h-x86_64-mingw32/bin/../lib/gcc/nios2-elf/5.2.0/mno-hw-mul\libgcc.a(lib2-divmod.o)
 .comment       0x0000000000000023       0x24 c:/altera/16.0/nios2eds/bin/gnu/h-x86_64-mingw32/bin/../lib/gcc/nios2-elf/5.2.0/mno-hw-mul\libgcc.a(lib2-mul.o)
 .comment       0x0000000000000023       0x24 ../Transmit_Test_bsp/\libhal_bsp.a(alt_exit.o)

.debug
 *(.debug)

.line
 *(.line)

.debug_srcinfo
 *(.debug_srcinfo)

.debug_sfnames
 *(.debug_sfnames)

.debug_aranges  0x0000000000000000      0x330
 *(.debug_aranges)
 .debug_aranges
                0x0000000000000000       0x28 ../Transmit_Test_bsp//obj/HAL/src/crt0.o
 .debug_aranges
                0x0000000000000028       0x20 obj/default/transmit.o
 .debug_aranges
                0x0000000000000048       0x20 ../Transmit_Test_bsp/\libhal_bsp.a(alt_getchar.o)
 .debug_aranges
                0x0000000000000068       0x20 ../Transmit_Test_bsp/\libhal_bsp.a(alt_load.o)
 .debug_aranges
                0x0000000000000088       0x20 ../Transmit_Test_bsp/\libhal_bsp.a(alt_main.o)
 .debug_aranges
                0x00000000000000a8       0x20 ../Transmit_Test_bsp/\libhal_bsp.a(alt_putchar.o)
 .debug_aranges
                0x00000000000000c8       0x20 ../Transmit_Test_bsp/\libhal_bsp.a(alt_putstr.o)
 .debug_aranges
                0x00000000000000e8       0x20 ../Transmit_Test_bsp/\libhal_bsp.a(alt_usleep.o)
 .debug_aranges
                0x0000000000000108       0x20 ../Transmit_Test_bsp/\libhal_bsp.a(alt_sys_init.o)
 .debug_aranges
                0x0000000000000128       0x20 ../Transmit_Test_bsp/\libhal_bsp.a(altera_avalon_jtag_uart_read.o)
 .debug_aranges
                0x0000000000000148       0x20 ../Transmit_Test_bsp/\libhal_bsp.a(altera_avalon_jtag_uart_write.o)
 .debug_aranges
                0x0000000000000168       0x20 ../Transmit_Test_bsp/\libhal_bsp.a(alt_busy_sleep.o)
 .debug_aranges
                0x0000000000000188       0x20 ../Transmit_Test_bsp/\libhal_bsp.a(alt_close.o)
 .debug_aranges
                0x00000000000001a8       0x20 ../Transmit_Test_bsp/\libhal_bsp.a(alt_dcache_flush_all.o)
 .debug_aranges
                0x00000000000001c8       0x20 ../Transmit_Test_bsp/\libhal_bsp.a(alt_dev.o)
 .debug_aranges
                0x00000000000001e8       0x18 ../Transmit_Test_bsp/\libhal_bsp.a(alt_errno.o)
 .debug_aranges
                0x0000000000000200       0x20 ../Transmit_Test_bsp/\libhal_bsp.a(alt_icache_flush_all.o)
 .debug_aranges
                0x0000000000000220       0x20 ../Transmit_Test_bsp/\libhal_bsp.a(altera_nios2_gen2_irq.o)
 .debug_aranges
                0x0000000000000240       0x20 c:/altera/16.0/nios2eds/bin/gnu/h-x86_64-mingw32/bin/../lib/gcc/nios2-elf/5.2.0/../../../../../H-x86_64-mingw32/nios2-elf/lib/mno-hw-mul\libsmallc.a(lib_a-exit.o)
 .debug_aranges
                0x0000000000000260       0x18 c:/altera/16.0/nios2eds/bin/gnu/h-x86_64-mingw32/bin/../lib/gcc/nios2-elf/5.2.0/../../../../../H-x86_64-mingw32/nios2-elf/lib/mno-hw-mul\libsmallc.a(lib_a-int_errno.o)
 .debug_aranges
                0x0000000000000278       0x20 c:/altera/16.0/nios2eds/bin/gnu/h-x86_64-mingw32/bin/../lib/gcc/nios2-elf/5.2.0/../../../../../H-x86_64-mingw32/nios2-elf/lib/mno-hw-mul\libsmallc.a(lib_a-strlen.o)
 .debug_aranges
                0x0000000000000298       0x20 c:/altera/16.0/nios2eds/bin/gnu/h-x86_64-mingw32/bin/../lib/gcc/nios2-elf/5.2.0/../../../../../H-x86_64-mingw32/nios2-elf/lib/mno-hw-mul\libsmallc.a(lib_a-__call_atexit.o)
 .debug_aranges
                0x00000000000002b8       0x18 c:/altera/16.0/nios2eds/bin/gnu/h-x86_64-mingw32/bin/../lib/gcc/nios2-elf/5.2.0/../../../../../H-x86_64-mingw32/nios2-elf/lib/mno-hw-mul\libsmallc.a(lib_a-impure.o)
 .debug_aranges
                0x00000000000002d0       0x20 c:/altera/16.0/nios2eds/bin/gnu/h-x86_64-mingw32/bin/../lib/gcc/nios2-elf/5.2.0/mno-hw-mul\libgcc.a(lib2-divmod.o)
 .debug_aranges
                0x00000000000002f0       0x20 c:/altera/16.0/nios2eds/bin/gnu/h-x86_64-mingw32/bin/../lib/gcc/nios2-elf/5.2.0/mno-hw-mul\libgcc.a(lib2-mul.o)
 .debug_aranges
                0x0000000000000310       0x20 ../Transmit_Test_bsp/\libhal_bsp.a(alt_exit.o)

.debug_pubnames
 *(.debug_pubnames)

.debug_info     0x0000000000000000     0x2a4b
 *(.debug_info .gnu.linkonce.wi.*)
 .debug_info    0x0000000000000000       0x79 ../Transmit_Test_bsp//obj/HAL/src/crt0.o
 .debug_info    0x0000000000000079      0x13b obj/default/transmit.o
 .debug_info    0x00000000000001b4      0x30d ../Transmit_Test_bsp/\libhal_bsp.a(alt_getchar.o)
 .debug_info    0x00000000000004c1      0x145 ../Transmit_Test_bsp/\libhal_bsp.a(alt_load.o)
 .debug_info    0x0000000000000606      0x131 ../Transmit_Test_bsp/\libhal_bsp.a(alt_main.o)
 .debug_info    0x0000000000000737      0x104 ../Transmit_Test_bsp/\libhal_bsp.a(alt_putchar.o)
 .debug_info    0x000000000000083b       0xf5 ../Transmit_Test_bsp/\libhal_bsp.a(alt_putstr.o)
 .debug_info    0x0000000000000930       0xb0 ../Transmit_Test_bsp/\libhal_bsp.a(alt_usleep.o)
 .debug_info    0x00000000000009e0      0x170 ../Transmit_Test_bsp/\libhal_bsp.a(alt_sys_init.o)
 .debug_info    0x0000000000000b50      0x1b2 ../Transmit_Test_bsp/\libhal_bsp.a(altera_avalon_jtag_uart_read.o)
 .debug_info    0x0000000000000d02      0x195 ../Transmit_Test_bsp/\libhal_bsp.a(altera_avalon_jtag_uart_write.o)
 .debug_info    0x0000000000000e97       0xd7 ../Transmit_Test_bsp/\libhal_bsp.a(alt_busy_sleep.o)
 .debug_info    0x0000000000000f6e      0x126 ../Transmit_Test_bsp/\libhal_bsp.a(alt_close.o)
 .debug_info    0x0000000000001094       0x92 ../Transmit_Test_bsp/\libhal_bsp.a(alt_dcache_flush_all.o)
 .debug_info    0x0000000000001126      0x49c ../Transmit_Test_bsp/\libhal_bsp.a(alt_dev.o)
 .debug_info    0x00000000000015c2       0xa6 ../Transmit_Test_bsp/\libhal_bsp.a(alt_errno.o)
 .debug_info    0x0000000000001668       0x92 ../Transmit_Test_bsp/\libhal_bsp.a(alt_icache_flush_all.o)
 .debug_info    0x00000000000016fa       0x92 ../Transmit_Test_bsp/\libhal_bsp.a(altera_nios2_gen2_irq.o)
 .debug_info    0x000000000000178c       0xe5 c:/altera/16.0/nios2eds/bin/gnu/h-x86_64-mingw32/bin/../lib/gcc/nios2-elf/5.2.0/../../../../../H-x86_64-mingw32/nios2-elf/lib/mno-hw-mul\libsmallc.a(lib_a-exit.o)
 .debug_info    0x0000000000001871       0x8a c:/altera/16.0/nios2eds/bin/gnu/h-x86_64-mingw32/bin/../lib/gcc/nios2-elf/5.2.0/../../../../../H-x86_64-mingw32/nios2-elf/lib/mno-hw-mul\libsmallc.a(lib_a-int_errno.o)
 .debug_info    0x00000000000018fb       0xc9 c:/altera/16.0/nios2eds/bin/gnu/h-x86_64-mingw32/bin/../lib/gcc/nios2-elf/5.2.0/../../../../../H-x86_64-mingw32/nios2-elf/lib/mno-hw-mul\libsmallc.a(lib_a-strlen.o)
 .debug_info    0x00000000000019c4      0x67b c:/altera/16.0/nios2eds/bin/gnu/h-x86_64-mingw32/bin/../lib/gcc/nios2-elf/5.2.0/../../../../../H-x86_64-mingw32/nios2-elf/lib/mno-hw-mul\libsmallc.a(lib_a-__call_atexit.o)
 .debug_info    0x000000000000203f      0x5a9 c:/altera/16.0/nios2eds/bin/gnu/h-x86_64-mingw32/bin/../lib/gcc/nios2-elf/5.2.0/../../../../../H-x86_64-mingw32/nios2-elf/lib/mno-hw-mul\libsmallc.a(lib_a-impure.o)
 .debug_info    0x00000000000025e8      0x2c3 c:/altera/16.0/nios2eds/bin/gnu/h-x86_64-mingw32/bin/../lib/gcc/nios2-elf/5.2.0/mno-hw-mul\libgcc.a(lib2-divmod.o)
 .debug_info    0x00000000000028ab       0xb4 c:/altera/16.0/nios2eds/bin/gnu/h-x86_64-mingw32/bin/../lib/gcc/nios2-elf/5.2.0/mno-hw-mul\libgcc.a(lib2-mul.o)
 .debug_info    0x000000000000295f       0xec ../Transmit_Test_bsp/\libhal_bsp.a(alt_exit.o)

.debug_abbrev   0x0000000000000000     0x114d
 *(.debug_abbrev)
 .debug_abbrev  0x0000000000000000       0x12 ../Transmit_Test_bsp//obj/HAL/src/crt0.o
 .debug_abbrev  0x0000000000000012       0xdc obj/default/transmit.o
 .debug_abbrev  0x00000000000000ee       0xf5 ../Transmit_Test_bsp/\libhal_bsp.a(alt_getchar.o)
 .debug_abbrev  0x00000000000001e3       0x9f ../Transmit_Test_bsp/\libhal_bsp.a(alt_load.o)
 .debug_abbrev  0x0000000000000282       0xba ../Transmit_Test_bsp/\libhal_bsp.a(alt_main.o)
 .debug_abbrev  0x000000000000033c       0xaa ../Transmit_Test_bsp/\libhal_bsp.a(alt_putchar.o)
 .debug_abbrev  0x00000000000003e6       0x99 ../Transmit_Test_bsp/\libhal_bsp.a(alt_putstr.o)
 .debug_abbrev  0x000000000000047f       0x60 ../Transmit_Test_bsp/\libhal_bsp.a(alt_usleep.o)
 .debug_abbrev  0x00000000000004df       0xeb ../Transmit_Test_bsp/\libhal_bsp.a(alt_sys_init.o)
 .debug_abbrev  0x00000000000005ca       0xd5 ../Transmit_Test_bsp/\libhal_bsp.a(altera_avalon_jtag_uart_read.o)
 .debug_abbrev  0x000000000000069f       0xd5 ../Transmit_Test_bsp/\libhal_bsp.a(altera_avalon_jtag_uart_write.o)
 .debug_abbrev  0x0000000000000774       0x7e ../Transmit_Test_bsp/\libhal_bsp.a(alt_busy_sleep.o)
 .debug_abbrev  0x00000000000007f2       0xbb ../Transmit_Test_bsp/\libhal_bsp.a(alt_close.o)
 .debug_abbrev  0x00000000000008ad       0x42 ../Transmit_Test_bsp/\libhal_bsp.a(alt_dcache_flush_all.o)
 .debug_abbrev  0x00000000000008ef       0xd9 ../Transmit_Test_bsp/\libhal_bsp.a(alt_dev.o)
 .debug_abbrev  0x00000000000009c8       0x5a ../Transmit_Test_bsp/\libhal_bsp.a(alt_errno.o)
 .debug_abbrev  0x0000000000000a22       0x42 ../Transmit_Test_bsp/\libhal_bsp.a(alt_icache_flush_all.o)
 .debug_abbrev  0x0000000000000a64       0x42 ../Transmit_Test_bsp/\libhal_bsp.a(altera_nios2_gen2_irq.o)
 .debug_abbrev  0x0000000000000aa6       0x8b c:/altera/16.0/nios2eds/bin/gnu/h-x86_64-mingw32/bin/../lib/gcc/nios2-elf/5.2.0/../../../../../H-x86_64-mingw32/nios2-elf/lib/mno-hw-mul\libsmallc.a(lib_a-exit.o)
 .debug_abbrev  0x0000000000000b31       0x37 c:/altera/16.0/nios2eds/bin/gnu/h-x86_64-mingw32/bin/../lib/gcc/nios2-elf/5.2.0/../../../../../H-x86_64-mingw32/nios2-elf/lib/mno-hw-mul\libsmallc.a(lib_a-int_errno.o)
 .debug_abbrev  0x0000000000000b68       0x7f c:/altera/16.0/nios2eds/bin/gnu/h-x86_64-mingw32/bin/../lib/gcc/nios2-elf/5.2.0/../../../../../H-x86_64-mingw32/nios2-elf/lib/mno-hw-mul\libsmallc.a(lib_a-strlen.o)
 .debug_abbrev  0x0000000000000be7      0x1f6 c:/altera/16.0/nios2eds/bin/gnu/h-x86_64-mingw32/bin/../lib/gcc/nios2-elf/5.2.0/../../../../../H-x86_64-mingw32/nios2-elf/lib/mno-hw-mul\libsmallc.a(lib_a-__call_atexit.o)
 .debug_abbrev  0x0000000000000ddd      0x14a c:/altera/16.0/nios2eds/bin/gnu/h-x86_64-mingw32/bin/../lib/gcc/nios2-elf/5.2.0/../../../../../H-x86_64-mingw32/nios2-elf/lib/mno-hw-mul\libsmallc.a(lib_a-impure.o)
 .debug_abbrev  0x0000000000000f27      0x10e c:/altera/16.0/nios2eds/bin/gnu/h-x86_64-mingw32/bin/../lib/gcc/nios2-elf/5.2.0/mno-hw-mul\libgcc.a(lib2-divmod.o)
 .debug_abbrev  0x0000000000001035       0x6f c:/altera/16.0/nios2eds/bin/gnu/h-x86_64-mingw32/bin/../lib/gcc/nios2-elf/5.2.0/mno-hw-mul\libgcc.a(lib2-mul.o)
 .debug_abbrev  0x00000000000010a4       0xa9 ../Transmit_Test_bsp/\libhal_bsp.a(alt_exit.o)

.debug_line     0x0000000000000000     0x13e8
 *(.debug_line)
 .debug_line    0x0000000000000000       0x66 ../Transmit_Test_bsp//obj/HAL/src/crt0.o
 .debug_line    0x0000000000000066      0x12d obj/default/transmit.o
 .debug_line    0x0000000000000193       0xb1 ../Transmit_Test_bsp/\libhal_bsp.a(alt_getchar.o)
 .debug_line    0x0000000000000244       0x8e ../Transmit_Test_bsp/\libhal_bsp.a(alt_load.o)
 .debug_line    0x00000000000002d2       0x9a ../Transmit_Test_bsp/\libhal_bsp.a(alt_main.o)
 .debug_line    0x000000000000036c       0x50 ../Transmit_Test_bsp/\libhal_bsp.a(alt_putchar.o)
 .debug_line    0x00000000000003bc       0x48 ../Transmit_Test_bsp/\libhal_bsp.a(alt_putstr.o)
 .debug_line    0x0000000000000404       0xa5 ../Transmit_Test_bsp/\libhal_bsp.a(alt_usleep.o)
 .debug_line    0x00000000000004a9       0xea ../Transmit_Test_bsp/\libhal_bsp.a(alt_sys_init.o)
 .debug_line    0x0000000000000593       0xfd ../Transmit_Test_bsp/\libhal_bsp.a(altera_avalon_jtag_uart_read.o)
 .debug_line    0x0000000000000690       0xf4 ../Transmit_Test_bsp/\libhal_bsp.a(altera_avalon_jtag_uart_write.o)
 .debug_line    0x0000000000000784       0xa2 ../Transmit_Test_bsp/\libhal_bsp.a(alt_busy_sleep.o)
 .debug_line    0x0000000000000826       0xfe ../Transmit_Test_bsp/\libhal_bsp.a(alt_close.o)
 .debug_line    0x0000000000000924       0x51 ../Transmit_Test_bsp/\libhal_bsp.a(alt_dcache_flush_all.o)
 .debug_line    0x0000000000000975       0xf0 ../Transmit_Test_bsp/\libhal_bsp.a(alt_dev.o)
 .debug_line    0x0000000000000a65       0x51 ../Transmit_Test_bsp/\libhal_bsp.a(alt_errno.o)
 .debug_line    0x0000000000000ab6       0x4f ../Transmit_Test_bsp/\libhal_bsp.a(alt_icache_flush_all.o)
 .debug_line    0x0000000000000b05       0x51 ../Transmit_Test_bsp/\libhal_bsp.a(altera_nios2_gen2_irq.o)
 .debug_line    0x0000000000000b56      0x159 c:/altera/16.0/nios2eds/bin/gnu/h-x86_64-mingw32/bin/../lib/gcc/nios2-elf/5.2.0/../../../../../H-x86_64-mingw32/nios2-elf/lib/mno-hw-mul\libsmallc.a(lib_a-exit.o)
 .debug_line    0x0000000000000caf       0x5f c:/altera/16.0/nios2eds/bin/gnu/h-x86_64-mingw32/bin/../lib/gcc/nios2-elf/5.2.0/../../../../../H-x86_64-mingw32/nios2-elf/lib/mno-hw-mul\libsmallc.a(lib_a-int_errno.o)
 .debug_line    0x0000000000000d0e      0x15c c:/altera/16.0/nios2eds/bin/gnu/h-x86_64-mingw32/bin/../lib/gcc/nios2-elf/5.2.0/../../../../../H-x86_64-mingw32/nios2-elf/lib/mno-hw-mul\libsmallc.a(lib_a-strlen.o)
 .debug_line    0x0000000000000e6a      0x232 c:/altera/16.0/nios2eds/bin/gnu/h-x86_64-mingw32/bin/../lib/gcc/nios2-elf/5.2.0/../../../../../H-x86_64-mingw32/nios2-elf/lib/mno-hw-mul\libsmallc.a(lib_a-__call_atexit.o)
 .debug_line    0x000000000000109c      0x156 c:/altera/16.0/nios2eds/bin/gnu/h-x86_64-mingw32/bin/../lib/gcc/nios2-elf/5.2.0/../../../../../H-x86_64-mingw32/nios2-elf/lib/mno-hw-mul\libsmallc.a(lib_a-impure.o)
 .debug_line    0x00000000000011f2      0x105 c:/altera/16.0/nios2eds/bin/gnu/h-x86_64-mingw32/bin/../lib/gcc/nios2-elf/5.2.0/mno-hw-mul\libgcc.a(lib2-divmod.o)
 .debug_line    0x00000000000012f7       0x80 c:/altera/16.0/nios2eds/bin/gnu/h-x86_64-mingw32/bin/../lib/gcc/nios2-elf/5.2.0/mno-hw-mul\libgcc.a(lib2-mul.o)
 .debug_line    0x0000000000001377       0x71 ../Transmit_Test_bsp/\libhal_bsp.a(alt_exit.o)

.debug_frame    0x0000000000000000      0x56c
 *(.debug_frame)
 .debug_frame   0x0000000000000000       0xa0 obj/default/transmit.o
 .debug_frame   0x00000000000000a0       0x38 ../Transmit_Test_bsp/\libhal_bsp.a(alt_getchar.o)
 .debug_frame   0x00000000000000d8       0x5c ../Transmit_Test_bsp/\libhal_bsp.a(alt_load.o)
 .debug_frame   0x0000000000000134       0x2c ../Transmit_Test_bsp/\libhal_bsp.a(alt_main.o)
 .debug_frame   0x0000000000000160       0x38 ../Transmit_Test_bsp/\libhal_bsp.a(alt_putchar.o)
 .debug_frame   0x0000000000000198       0x38 ../Transmit_Test_bsp/\libhal_bsp.a(alt_putstr.o)
 .debug_frame   0x00000000000001d0       0x38 ../Transmit_Test_bsp/\libhal_bsp.a(alt_usleep.o)
 .debug_frame   0x0000000000000208       0x5c ../Transmit_Test_bsp/\libhal_bsp.a(alt_sys_init.o)
 .debug_frame   0x0000000000000264       0x34 ../Transmit_Test_bsp/\libhal_bsp.a(altera_avalon_jtag_uart_read.o)
 .debug_frame   0x0000000000000298       0x34 ../Transmit_Test_bsp/\libhal_bsp.a(altera_avalon_jtag_uart_write.o)
 .debug_frame   0x00000000000002cc       0x38 ../Transmit_Test_bsp/\libhal_bsp.a(alt_busy_sleep.o)
 .debug_frame   0x0000000000000304       0x60 ../Transmit_Test_bsp/\libhal_bsp.a(alt_close.o)
 .debug_frame   0x0000000000000364       0x34 ../Transmit_Test_bsp/\libhal_bsp.a(alt_dcache_flush_all.o)
 .debug_frame   0x0000000000000398       0x34 ../Transmit_Test_bsp/\libhal_bsp.a(alt_dev.o)
 .debug_frame   0x00000000000003cc       0x34 ../Transmit_Test_bsp/\libhal_bsp.a(alt_icache_flush_all.o)
 .debug_frame   0x0000000000000400       0x34 ../Transmit_Test_bsp/\libhal_bsp.a(altera_nios2_gen2_irq.o)
 .debug_frame   0x0000000000000434       0x28 c:/altera/16.0/nios2eds/bin/gnu/h-x86_64-mingw32/bin/../lib/gcc/nios2-elf/5.2.0/../../../../../H-x86_64-mingw32/nios2-elf/lib/mno-hw-mul\libsmallc.a(lib_a-exit.o)
 .debug_frame   0x000000000000045c       0x20 c:/altera/16.0/nios2eds/bin/gnu/h-x86_64-mingw32/bin/../lib/gcc/nios2-elf/5.2.0/../../../../../H-x86_64-mingw32/nios2-elf/lib/mno-hw-mul\libsmallc.a(lib_a-strlen.o)
 .debug_frame   0x000000000000047c       0x54 c:/altera/16.0/nios2eds/bin/gnu/h-x86_64-mingw32/bin/../lib/gcc/nios2-elf/5.2.0/../../../../../H-x86_64-mingw32/nios2-elf/lib/mno-hw-mul\libsmallc.a(lib_a-__call_atexit.o)
 .debug_frame   0x00000000000004d0       0x50 c:/altera/16.0/nios2eds/bin/gnu/h-x86_64-mingw32/bin/../lib/gcc/nios2-elf/5.2.0/mno-hw-mul\libgcc.a(lib2-divmod.o)
 .debug_frame   0x0000000000000520       0x20 c:/altera/16.0/nios2eds/bin/gnu/h-x86_64-mingw32/bin/../lib/gcc/nios2-elf/5.2.0/mno-hw-mul\libgcc.a(lib2-mul.o)
 .debug_frame   0x0000000000000540       0x2c ../Transmit_Test_bsp/\libhal_bsp.a(alt_exit.o)

.debug_str      0x0000000000000000      0xfe5
 *(.debug_str)
 .debug_str     0x0000000000000000      0x11c obj/default/transmit.o
                                        0x15a (size before relaxing)
 .debug_str     0x000000000000011c      0x189 ../Transmit_Test_bsp/\libhal_bsp.a(alt_getchar.o)
                                        0x242 (size before relaxing)
 .debug_str     0x00000000000002a5       0xf1 ../Transmit_Test_bsp/\libhal_bsp.a(alt_load.o)
                                        0x21c (size before relaxing)
 .debug_str     0x0000000000000396       0x44 ../Transmit_Test_bsp/\libhal_bsp.a(alt_main.o)
                                        0x1a7 (size before relaxing)
 .debug_str     0x00000000000003da       0x40 ../Transmit_Test_bsp/\libhal_bsp.a(alt_putchar.o)
                                        0x197 (size before relaxing)
 .debug_str     0x000000000000041a       0x20 ../Transmit_Test_bsp/\libhal_bsp.a(alt_putstr.o)
                                        0x195 (size before relaxing)
 .debug_str     0x000000000000043a       0x27 ../Transmit_Test_bsp/\libhal_bsp.a(alt_usleep.o)
                                        0x152 (size before relaxing)
 .debug_str     0x0000000000000461       0x85 ../Transmit_Test_bsp/\libhal_bsp.a(alt_sys_init.o)
                                        0x215 (size before relaxing)
 .debug_str     0x00000000000004e6       0x38 ../Transmit_Test_bsp/\libhal_bsp.a(altera_avalon_jtag_uart_read.o)
                                        0x229 (size before relaxing)
 .debug_str     0x000000000000051e       0x2c ../Transmit_Test_bsp/\libhal_bsp.a(altera_avalon_jtag_uart_write.o)
                                        0x21f (size before relaxing)
 .debug_str     0x000000000000054a       0x42 ../Transmit_Test_bsp/\libhal_bsp.a(alt_busy_sleep.o)
                                        0x175 (size before relaxing)
 .debug_str     0x000000000000058c       0x33 ../Transmit_Test_bsp/\libhal_bsp.a(alt_close.o)
                                        0x19b (size before relaxing)
 .debug_str     0x00000000000005bf       0x34 ../Transmit_Test_bsp/\libhal_bsp.a(alt_dcache_flush_all.o)
                                        0x15f (size before relaxing)
 .debug_str     0x00000000000005f3      0x120 ../Transmit_Test_bsp/\libhal_bsp.a(alt_dev.o)
                                        0x30f (size before relaxing)
 .debug_str     0x0000000000000713       0x14 ../Transmit_Test_bsp/\libhal_bsp.a(alt_errno.o)
                                        0x14f (size before relaxing)
 .debug_str     0x0000000000000727       0x34 ../Transmit_Test_bsp/\libhal_bsp.a(alt_icache_flush_all.o)
                                        0x15f (size before relaxing)
 .debug_str     0x000000000000075b       0x3b ../Transmit_Test_bsp/\libhal_bsp.a(altera_nios2_gen2_irq.o)
                                        0x166 (size before relaxing)
 .debug_str     0x0000000000000796      0x148 c:/altera/16.0/nios2eds/bin/gnu/h-x86_64-mingw32/bin/../lib/gcc/nios2-elf/5.2.0/../../../../../H-x86_64-mingw32/nios2-elf/lib/mno-hw-mul\libsmallc.a(lib_a-exit.o)
                                        0x1f0 (size before relaxing)
 .debug_str     0x00000000000008de       0xd3 c:/altera/16.0/nios2eds/bin/gnu/h-x86_64-mingw32/bin/../lib/gcc/nios2-elf/5.2.0/../../../../../H-x86_64-mingw32/nios2-elf/lib/mno-hw-mul\libsmallc.a(lib_a-int_errno.o)
                                        0x1d8 (size before relaxing)
 .debug_str     0x00000000000009b1       0xe0 c:/altera/16.0/nios2eds/bin/gnu/h-x86_64-mingw32/bin/../lib/gcc/nios2-elf/5.2.0/../../../../../H-x86_64-mingw32/nios2-elf/lib/mno-hw-mul\libsmallc.a(lib_a-strlen.o)
                                        0x1e5 (size before relaxing)
 .debug_str     0x0000000000000a91      0x31b c:/altera/16.0/nios2eds/bin/gnu/h-x86_64-mingw32/bin/../lib/gcc/nios2-elf/5.2.0/../../../../../H-x86_64-mingw32/nios2-elf/lib/mno-hw-mul\libsmallc.a(lib_a-__call_atexit.o)
                                        0x4eb (size before relaxing)
 .debug_str     0x0000000000000dac       0x48 c:/altera/16.0/nios2eds/bin/gnu/h-x86_64-mingw32/bin/../lib/gcc/nios2-elf/5.2.0/../../../../../H-x86_64-mingw32/nios2-elf/lib/mno-hw-mul\libsmallc.a(lib_a-impure.o)
                                        0x4be (size before relaxing)
 .debug_str     0x0000000000000df4      0x187 c:/altera/16.0/nios2eds/bin/gnu/h-x86_64-mingw32/bin/../lib/gcc/nios2-elf/5.2.0/mno-hw-mul\libgcc.a(lib2-divmod.o)
                                        0x1d2 (size before relaxing)
 .debug_str     0x0000000000000f7b       0x40 c:/altera/16.0/nios2eds/bin/gnu/h-x86_64-mingw32/bin/../lib/gcc/nios2-elf/5.2.0/mno-hw-mul\libgcc.a(lib2-mul.o)
                                        0x193 (size before relaxing)
 .debug_str     0x0000000000000fbb       0x2a ../Transmit_Test_bsp/\libhal_bsp.a(alt_exit.o)
                                        0x15b (size before relaxing)

.debug_loc      0x0000000000000000      0x6d4
 *(.debug_loc)
 .debug_loc     0x0000000000000000       0x1e c:/altera/16.0/nios2eds/bin/gnu/h-x86_64-mingw32/bin/../lib/gcc/nios2-elf/5.2.0/../../../../../H-x86_64-mingw32/nios2-elf/lib/mno-hw-mul\libsmallc.a(lib_a-exit.o)
 .debug_loc     0x000000000000001e       0x1e c:/altera/16.0/nios2eds/bin/gnu/h-x86_64-mingw32/bin/../lib/gcc/nios2-elf/5.2.0/../../../../../H-x86_64-mingw32/nios2-elf/lib/mno-hw-mul\libsmallc.a(lib_a-strlen.o)
 .debug_loc     0x000000000000003c      0x157 c:/altera/16.0/nios2eds/bin/gnu/h-x86_64-mingw32/bin/../lib/gcc/nios2-elf/5.2.0/../../../../../H-x86_64-mingw32/nios2-elf/lib/mno-hw-mul\libsmallc.a(lib_a-__call_atexit.o)
 .debug_loc     0x0000000000000193      0x4ae c:/altera/16.0/nios2eds/bin/gnu/h-x86_64-mingw32/bin/../lib/gcc/nios2-elf/5.2.0/mno-hw-mul\libgcc.a(lib2-divmod.o)
 .debug_loc     0x0000000000000641       0x93 c:/altera/16.0/nios2eds/bin/gnu/h-x86_64-mingw32/bin/../lib/gcc/nios2-elf/5.2.0/mno-hw-mul\libgcc.a(lib2-mul.o)

.debug_macinfo
 *(.debug_macinfo)

.debug_weaknames
 *(.debug_weaknames)

.debug_funcnames
 *(.debug_funcnames)

.debug_typenames
 *(.debug_typenames)

.debug_varnames
 *(.debug_varnames)

.debug_alt_sim_info
                0x0000000000000000       0x40
 *(.debug_alt_sim_info)
 .debug_alt_sim_info
                0x0000000000000000       0x10 ../Transmit_Test_bsp//obj/HAL/src/crt0.o
 .debug_alt_sim_info
                0x0000000000000010       0x30 ../Transmit_Test_bsp/\libhal_bsp.a(alt_busy_sleep.o)
                0x000000000000d000                __alt_data_end = 0xd000
                0x000000000000d000                PROVIDE (__alt_stack_pointer, __alt_data_end)
                [!provide]                        PROVIDE (__alt_stack_limit, __alt_stack_base)
                [!provide]                        PROVIDE (__alt_heap_start, end)
                [!provide]                        PROVIDE (__alt_heap_limit, 0xd000)
OUTPUT(Transmit_Test.elf elf32-littlenios2)

.debug_ranges   0x0000000000000000       0xe0
 .debug_ranges  0x0000000000000000       0x20 ../Transmit_Test_bsp//obj/HAL/src/crt0.o
 .debug_ranges  0x0000000000000020       0x18 ../Transmit_Test_bsp/\libhal_bsp.a(altera_avalon_jtag_uart_read.o)
 .debug_ranges  0x0000000000000038       0x10 c:/altera/16.0/nios2eds/bin/gnu/h-x86_64-mingw32/bin/../lib/gcc/nios2-elf/5.2.0/../../../../../H-x86_64-mingw32/nios2-elf/lib/mno-hw-mul\libsmallc.a(lib_a-exit.o)
 .debug_ranges  0x0000000000000048       0x10 c:/altera/16.0/nios2eds/bin/gnu/h-x86_64-mingw32/bin/../lib/gcc/nios2-elf/5.2.0/../../../../../H-x86_64-mingw32/nios2-elf/lib/mno-hw-mul\libsmallc.a(lib_a-strlen.o)
 .debug_ranges  0x0000000000000058       0x28 c:/altera/16.0/nios2eds/bin/gnu/h-x86_64-mingw32/bin/../lib/gcc/nios2-elf/5.2.0/../../../../../H-x86_64-mingw32/nios2-elf/lib/mno-hw-mul\libsmallc.a(lib_a-__call_atexit.o)
 .debug_ranges  0x0000000000000080       0x60 c:/altera/16.0/nios2eds/bin/gnu/h-x86_64-mingw32/bin/../lib/gcc/nios2-elf/5.2.0/mno-hw-mul\libgcc.a(lib2-divmod.o)
