Archive member included to satisfy reference by file (symbol)

../scanner_integration_bsp/\libhal_bsp.a(alt_getchar.o)
                              obj/default/scanner_integration.o (alt_getchar)
../scanner_integration_bsp/\libhal_bsp.a(alt_load.o)
                              ../scanner_integration_bsp//obj/HAL/src/crt0.o (alt_load)
../scanner_integration_bsp/\libhal_bsp.a(alt_main.o)
                              ../scanner_integration_bsp//obj/HAL/src/crt0.o (alt_main)
../scanner_integration_bsp/\libhal_bsp.a(alt_putchar.o)
                              obj/default/scanner_integration.o (alt_putchar)
../scanner_integration_bsp/\libhal_bsp.a(alt_putstr.o)
                              obj/default/scanner_integration.o (alt_putstr)
../scanner_integration_bsp/\libhal_bsp.a(alt_usleep.o)
                              obj/default/scanner_integration.o (usleep)
../scanner_integration_bsp/\libhal_bsp.a(alt_sys_init.o)
                              ../scanner_integration_bsp/\libhal_bsp.a(alt_getchar.o) (jtag_uart_0)
../scanner_integration_bsp/\libhal_bsp.a(altera_avalon_jtag_uart_read.o)
                              ../scanner_integration_bsp/\libhal_bsp.a(alt_getchar.o) (altera_avalon_jtag_uart_read)
../scanner_integration_bsp/\libhal_bsp.a(altera_avalon_jtag_uart_write.o)
                              ../scanner_integration_bsp/\libhal_bsp.a(alt_putchar.o) (altera_avalon_jtag_uart_write)
../scanner_integration_bsp/\libhal_bsp.a(alt_busy_sleep.o)
                              ../scanner_integration_bsp/\libhal_bsp.a(alt_usleep.o) (alt_busy_sleep)
../scanner_integration_bsp/\libhal_bsp.a(alt_close.o)
                              ../scanner_integration_bsp/\libhal_bsp.a(alt_main.o) (close)
../scanner_integration_bsp/\libhal_bsp.a(alt_dcache_flush_all.o)
                              ../scanner_integration_bsp/\libhal_bsp.a(alt_load.o) (alt_dcache_flush_all)
../scanner_integration_bsp/\libhal_bsp.a(alt_dev.o)
                              ../scanner_integration_bsp/\libhal_bsp.a(alt_getchar.o) (alt_fd_list)
../scanner_integration_bsp/\libhal_bsp.a(alt_errno.o)
                              ../scanner_integration_bsp/\libhal_bsp.a(alt_close.o) (alt_errno)
../scanner_integration_bsp/\libhal_bsp.a(alt_icache_flush_all.o)
                              ../scanner_integration_bsp/\libhal_bsp.a(alt_load.o) (alt_icache_flush_all)
../scanner_integration_bsp/\libhal_bsp.a(altera_nios2_gen2_irq.o)
                              ../scanner_integration_bsp/\libhal_bsp.a(alt_sys_init.o) (altera_nios2_gen2_irq_init)
c:/altera/16.0/nios2eds/bin/gnu/h-x86_64-mingw32/bin/../lib/gcc/nios2-elf/5.2.0/../../../../../H-x86_64-mingw32/nios2-elf/lib/mno-hw-mul\libsmallc.a(lib_a-exit.o)
                              ../scanner_integration_bsp/\libhal_bsp.a(alt_main.o) (exit)
c:/altera/16.0/nios2eds/bin/gnu/h-x86_64-mingw32/bin/../lib/gcc/nios2-elf/5.2.0/../../../../../H-x86_64-mingw32/nios2-elf/lib/mno-hw-mul\libsmallc.a(lib_a-int_errno.o)
                              ../scanner_integration_bsp/\libhal_bsp.a(alt_close.o) (errno)
c:/altera/16.0/nios2eds/bin/gnu/h-x86_64-mingw32/bin/../lib/gcc/nios2-elf/5.2.0/../../../../../H-x86_64-mingw32/nios2-elf/lib/mno-hw-mul\libsmallc.a(lib_a-strlen.o)
                              ../scanner_integration_bsp/\libhal_bsp.a(alt_putstr.o) (strlen)
c:/altera/16.0/nios2eds/bin/gnu/h-x86_64-mingw32/bin/../lib/gcc/nios2-elf/5.2.0/../../../../../H-x86_64-mingw32/nios2-elf/lib/mno-hw-mul\libsmallc.a(lib_a-__call_atexit.o)
                              c:/altera/16.0/nios2eds/bin/gnu/h-x86_64-mingw32/bin/../lib/gcc/nios2-elf/5.2.0/../../../../../H-x86_64-mingw32/nios2-elf/lib/mno-hw-mul\libsmallc.a(lib_a-exit.o) (__call_exitprocs)
c:/altera/16.0/nios2eds/bin/gnu/h-x86_64-mingw32/bin/../lib/gcc/nios2-elf/5.2.0/../../../../../H-x86_64-mingw32/nios2-elf/lib/mno-hw-mul\libsmallc.a(lib_a-impure.o)
                              c:/altera/16.0/nios2eds/bin/gnu/h-x86_64-mingw32/bin/../lib/gcc/nios2-elf/5.2.0/../../../../../H-x86_64-mingw32/nios2-elf/lib/mno-hw-mul\libsmallc.a(lib_a-__call_atexit.o) (_global_impure_ptr)
c:/altera/16.0/nios2eds/bin/gnu/h-x86_64-mingw32/bin/../lib/gcc/nios2-elf/5.2.0/mno-hw-mul\libgcc.a(lib2-divmod.o)
                              ../scanner_integration_bsp/\libhal_bsp.a(alt_busy_sleep.o) (__udivsi3)
c:/altera/16.0/nios2eds/bin/gnu/h-x86_64-mingw32/bin/../lib/gcc/nios2-elf/5.2.0/mno-hw-mul\libgcc.a(lib2-mul.o)
                              ../scanner_integration_bsp/\libhal_bsp.a(alt_busy_sleep.o) (__mulsi3)
../scanner_integration_bsp/\libhal_bsp.a(alt_exit.o)
                              c:/altera/16.0/nios2eds/bin/gnu/h-x86_64-mingw32/bin/../lib/gcc/nios2-elf/5.2.0/../../../../../H-x86_64-mingw32/nios2-elf/lib/mno-hw-mul\libsmallc.a(lib_a-exit.o) (_exit)

Allocating common symbols
Common symbol       size              file

errno               0x4               c:/altera/16.0/nios2eds/bin/gnu/h-x86_64-mingw32/bin/../lib/gcc/nios2-elf/5.2.0/../../../../../H-x86_64-mingw32/nios2-elf/lib/mno-hw-mul\libsmallc.a(lib_a-int_errno.o)

Discarded input sections

 .gnu.warning.close
                0x0000000000000000        0x0 ../scanner_integration_bsp/\libhal_bsp.a(alt_close.o)

Memory Configuration

Name             Origin             Length             Attributes
reset            0x0000000000008000 0x0000000000000020
onchip_memory2_0 0x0000000000008020 0x0000000000004fe0
*default*        0x0000000000000000 0xffffffffffffffff

Linker script and memory map

LOAD ../scanner_integration_bsp//obj/HAL/src/crt0.o
LOAD obj/default/scanner_integration.o
LOAD c:/altera/16.0/nios2eds/bin/gnu/h-x86_64-mingw32/bin/../lib/gcc/nios2-elf/5.2.0/../../../../../H-x86_64-mingw32/nios2-elf/lib/mno-hw-mul\libstdc++.a
LOAD c:/altera/16.0/nios2eds/bin/gnu/h-x86_64-mingw32/bin/../lib/gcc/nios2-elf/5.2.0/../../../../../H-x86_64-mingw32/nios2-elf/lib/mno-hw-mul\libm.a
LOAD c:/altera/16.0/nios2eds/bin/gnu/h-x86_64-mingw32/bin/../lib/gcc/nios2-elf/5.2.0/mno-hw-mul\libgcc.a
START GROUP
LOAD c:/altera/16.0/nios2eds/bin/gnu/h-x86_64-mingw32/bin/../lib/gcc/nios2-elf/5.2.0/../../../../../H-x86_64-mingw32/nios2-elf/lib/mno-hw-mul\libsmallc.a
LOAD c:/altera/16.0/nios2eds/bin/gnu/h-x86_64-mingw32/bin/../lib/gcc/nios2-elf/5.2.0/mno-hw-mul\libgcc.a
LOAD ../scanner_integration_bsp/\libhal_bsp.a
LOAD c:/altera/16.0/nios2eds/bin/gnu/h-x86_64-mingw32/bin/../lib/gcc/nios2-elf/5.2.0/../../../../../H-x86_64-mingw32/nios2-elf/lib/mno-hw-mul\libm.a
END GROUP
LOAD c:/altera/16.0/nios2eds/bin/gnu/h-x86_64-mingw32/bin/../lib/gcc/nios2-elf/5.2.0/mno-hw-mul\libgcc.a
                0x0000000000008000                __alt_mem_onchip_memory2_0 = 0x8000

.entry          0x0000000000008000       0x20
 *(.entry)
 .entry         0x0000000000008000       0x20 ../scanner_integration_bsp//obj/HAL/src/crt0.o
                0x0000000000008000                __reset

.exceptions     0x0000000000008020        0x0
                0x0000000000008020                PROVIDE (__ram_exceptions_start, ABSOLUTE (.))
                0x0000000000008020                . = ALIGN (0x20)
 *(.irq)
 *(.exceptions.entry.label)
 *(.exceptions.entry.user)
 *(.exceptions.entry.ecc_fatal)
 *(.exceptions.entry)
 *(.exceptions.irqtest.user)
 *(.exceptions.irqtest)
 *(.exceptions.irqhandler.user)
 *(.exceptions.irqhandler)
 *(.exceptions.irqreturn.user)
 *(.exceptions.irqreturn)
 *(.exceptions.notirq.label)
 *(.exceptions.notirq.user)
 *(.exceptions.notirq)
 *(.exceptions.soft.user)
 *(.exceptions.soft)
 *(.exceptions.unknown.user)
 *(.exceptions.unknown)
 *(.exceptions.exit.label)
 *(.exceptions.exit.user)
 *(.exceptions.exit)
 *(.exceptions)
                0x0000000000008020                PROVIDE (__ram_exceptions_end, ABSOLUTE (.))
                0x0000000000008020                PROVIDE (__flash_exceptions_start, LOADADDR (.exceptions))

.text           0x0000000000008020      0xf30
                [!provide]                        PROVIDE (stext, ABSOLUTE (.))
 *(.interp)
 *(.hash)
 *(.dynsym)
 *(.dynstr)
 *(.gnu.version)
 *(.gnu.version_d)
 *(.gnu.version_r)
 *(.rel.init)
 *(.rela.init)
 *(.rel.text .rel.text.* .rel.gnu.linkonce.t.*)
 *(.rela.text .rela.text.* .rela.gnu.linkonce.t.*)
 *(.rel.fini)
 *(.rela.fini)
 *(.rel.rodata .rel.rodata.* .rel.gnu.linkonce.r.*)
 *(.rela.rodata .rela.rodata.* .rela.gnu.linkonce.r.*)
 *(.rel.data .rel.data.* .rel.gnu.linkonce.d.*)
 *(.rela.data .rela.data.* .rela.gnu.linkonce.d.*)
 *(.rel.tdata .rel.tdata.* .rel.gnu.linkonce.td.*)
 *(.rela.tdata .rela.tdata.* .rela.gnu.linkonce.td.*)
 *(.rel.tbss .rel.tbss.* .rel.gnu.linkonce.tb.*)
 *(.rela.tbss .rela.tbss.* .rela.gnu.linkonce.tb.*)
 *(.rel.ctors)
 *(.rela.ctors)
 *(.rel.dtors)
 *(.rela.dtors)
 *(.rel.got)
 *(.rela.got)
 *(.rel.sdata .rel.sdata.* .rel.gnu.linkonce.s.*)
 *(.rela.sdata .rela.sdata.* .rela.gnu.linkonce.s.*)
 *(.rel.sbss .rel.sbss.* .rel.gnu.linkonce.sb.*)
 *(.rela.sbss .rela.sbss.* .rela.gnu.linkonce.sb.*)
 *(.rel.sdata2 .rel.sdata2.* .rel.gnu.linkonce.s2.*)
 *(.rela.sdata2 .rela.sdata2.* .rela.gnu.linkonce.s2.*)
 *(.rel.sbss2 .rel.sbss2.* .rel.gnu.linkonce.sb2.*)
 *(.rela.sbss2 .rela.sbss2.* .rela.gnu.linkonce.sb2.*)
 *(.rel.bss .rel.bss.* .rel.gnu.linkonce.b.*)
 *(.rela.bss .rela.bss.* .rela.gnu.linkonce.b.*)
 *(.rel.plt)
 *(.rela.plt)
 *(.rel.dyn)
 *(.init)
 *(.plt)
 *(.text .stub .text.* .gnu.linkonce.t.*)
 .text          0x0000000000008020       0x3c ../scanner_integration_bsp//obj/HAL/src/crt0.o
                0x0000000000008020                _start
 .text          0x000000000000805c      0x454 obj/default/scanner_integration.o
                0x000000000000805c                scanner_init
                0x00000000000080e0                scan_inq
                0x000000000000817c                main
 .text          0x00000000000084b0       0x64 ../scanner_integration_bsp/\libhal_bsp.a(alt_getchar.o)
                0x00000000000084b0                alt_getchar
 .text          0x0000000000008514       0xec ../scanner_integration_bsp/\libhal_bsp.a(alt_load.o)
                0x000000000000857c                alt_load
 .text          0x0000000000008600       0x50 ../scanner_integration_bsp/\libhal_bsp.a(alt_main.o)
                0x0000000000008600                alt_main
 .text          0x0000000000008650       0x5c ../scanner_integration_bsp/\libhal_bsp.a(alt_putchar.o)
                0x0000000000008650                alt_putchar
 .text          0x00000000000086ac       0x48 ../scanner_integration_bsp/\libhal_bsp.a(alt_putstr.o)
                0x00000000000086ac                alt_putstr
 .text          0x00000000000086f4       0x30 ../scanner_integration_bsp/\libhal_bsp.a(alt_usleep.o)
                0x00000000000086f4                usleep
 .text          0x0000000000008724       0x5c ../scanner_integration_bsp/\libhal_bsp.a(alt_sys_init.o)
                0x0000000000008724                alt_irq_init
                0x000000000000875c                alt_sys_init
 .text          0x0000000000008780       0xec ../scanner_integration_bsp/\libhal_bsp.a(altera_avalon_jtag_uart_read.o)
                0x0000000000008780                altera_avalon_jtag_uart_read
 .text          0x000000000000886c       0x94 ../scanner_integration_bsp/\libhal_bsp.a(altera_avalon_jtag_uart_write.o)
                0x000000000000886c                altera_avalon_jtag_uart_write
 .text          0x0000000000008900      0x158 ../scanner_integration_bsp/\libhal_bsp.a(alt_busy_sleep.o)
                0x0000000000008900                alt_busy_sleep
 .text          0x0000000000008a58       0x8c ../scanner_integration_bsp/\libhal_bsp.a(alt_close.o)
                0x0000000000008aa8                close
 .text          0x0000000000008ae4       0x20 ../scanner_integration_bsp/\libhal_bsp.a(alt_dcache_flush_all.o)
                0x0000000000008ae4                alt_dcache_flush_all
 .text          0x0000000000008b04       0x2c ../scanner_integration_bsp/\libhal_bsp.a(alt_dev.o)
 .text          0x0000000000008b30        0x0 ../scanner_integration_bsp/\libhal_bsp.a(alt_errno.o)
 .text          0x0000000000008b30       0x20 ../scanner_integration_bsp/\libhal_bsp.a(alt_icache_flush_all.o)
                0x0000000000008b30                alt_icache_flush_all
 .text          0x0000000000008b50       0x24 ../scanner_integration_bsp/\libhal_bsp.a(altera_nios2_gen2_irq.o)
                0x0000000000008b50                altera_nios2_gen2_irq_init
 .text          0x0000000000008b74        0x0 c:/altera/16.0/nios2eds/bin/gnu/h-x86_64-mingw32/bin/../lib/gcc/nios2-elf/5.2.0/../../../../../H-x86_64-mingw32/nios2-elf/lib/mno-hw-mul\libsmallc.a(lib_a-exit.o)
 .text.exit     0x0000000000008b74       0x20 c:/altera/16.0/nios2eds/bin/gnu/h-x86_64-mingw32/bin/../lib/gcc/nios2-elf/5.2.0/../../../../../H-x86_64-mingw32/nios2-elf/lib/mno-hw-mul\libsmallc.a(lib_a-exit.o)
                0x0000000000008b74                exit
 .text          0x0000000000008b94        0x0 c:/altera/16.0/nios2eds/bin/gnu/h-x86_64-mingw32/bin/../lib/gcc/nios2-elf/5.2.0/../../../../../H-x86_64-mingw32/nios2-elf/lib/mno-hw-mul\libsmallc.a(lib_a-int_errno.o)
 .text          0x0000000000008b94        0x0 c:/altera/16.0/nios2eds/bin/gnu/h-x86_64-mingw32/bin/../lib/gcc/nios2-elf/5.2.0/../../../../../H-x86_64-mingw32/nios2-elf/lib/mno-hw-mul\libsmallc.a(lib_a-strlen.o)
 .text.strlen   0x0000000000008b94       0x1c c:/altera/16.0/nios2eds/bin/gnu/h-x86_64-mingw32/bin/../lib/gcc/nios2-elf/5.2.0/../../../../../H-x86_64-mingw32/nios2-elf/lib/mno-hw-mul\libsmallc.a(lib_a-strlen.o)
                0x0000000000008b94                strlen
 .text          0x0000000000008bb0        0x0 c:/altera/16.0/nios2eds/bin/gnu/h-x86_64-mingw32/bin/../lib/gcc/nios2-elf/5.2.0/../../../../../H-x86_64-mingw32/nios2-elf/lib/mno-hw-mul\libsmallc.a(lib_a-__call_atexit.o)
 .text.__call_exitprocs
                0x0000000000008bb0      0x190 c:/altera/16.0/nios2eds/bin/gnu/h-x86_64-mingw32/bin/../lib/gcc/nios2-elf/5.2.0/../../../../../H-x86_64-mingw32/nios2-elf/lib/mno-hw-mul\libsmallc.a(lib_a-__call_atexit.o)
                0x0000000000008bb0                __call_exitprocs
 .text          0x0000000000008d40        0x0 c:/altera/16.0/nios2eds/bin/gnu/h-x86_64-mingw32/bin/../lib/gcc/nios2-elf/5.2.0/../../../../../H-x86_64-mingw32/nios2-elf/lib/mno-hw-mul\libsmallc.a(lib_a-impure.o)
 .text          0x0000000000008d40      0x1b4 c:/altera/16.0/nios2eds/bin/gnu/h-x86_64-mingw32/bin/../lib/gcc/nios2-elf/5.2.0/mno-hw-mul\libgcc.a(lib2-divmod.o)
                0x0000000000008d40                __divsi3
                0x0000000000008dc4                __modsi3
                0x0000000000008e38                __udivsi3
                0x0000000000008e9c                __umodsi3
 .text          0x0000000000008ef4       0x28 c:/altera/16.0/nios2eds/bin/gnu/h-x86_64-mingw32/bin/../lib/gcc/nios2-elf/5.2.0/mno-hw-mul\libgcc.a(lib2-mul.o)
                0x0000000000008ef4                __mulsi3
 .text          0x0000000000008f1c       0x34 ../scanner_integration_bsp/\libhal_bsp.a(alt_exit.o)
                0x0000000000008f1c                _exit
 *(.gnu.warning.*)
 *(.fini)
                [!provide]                        PROVIDE (__etext, ABSOLUTE (.))
                [!provide]                        PROVIDE (_etext, ABSOLUTE (.))
                [!provide]                        PROVIDE (etext, ABSOLUTE (.))
 *(.eh_frame_hdr)
                0x0000000000008f50                . = ALIGN (0x4)
                [!provide]                        PROVIDE (__preinit_array_start, ABSOLUTE (.))
 *(.preinit_array)
                [!provide]                        PROVIDE (__preinit_array_end, ABSOLUTE (.))
                [!provide]                        PROVIDE (__init_array_start, ABSOLUTE (.))
 *(.init_array)
                [!provide]                        PROVIDE (__init_array_end, ABSOLUTE (.))
                [!provide]                        PROVIDE (__fini_array_start, ABSOLUTE (.))
 *(.fini_array)
                [!provide]                        PROVIDE (__fini_array_end, ABSOLUTE (.))
 *(.eh_frame)
 *(.gcc_except_table .gcc_except_table.*)
 *(.dynamic)
                [!provide]                        PROVIDE (__CTOR_LIST__, ABSOLUTE (.))
 *(.ctors)
 *(SORT(.ctors.*))
                [!provide]                        PROVIDE (__CTOR_END__, ABSOLUTE (.))
                [!provide]                        PROVIDE (__DTOR_LIST__, ABSOLUTE (.))
 *(.dtors)
 *(SORT(.dtors.*))
                [!provide]                        PROVIDE (__DTOR_END__, ABSOLUTE (.))
 *(.jcr)
                0x0000000000008f50                . = ALIGN (0x4)

.rodata         0x0000000000008f50       0xf8
                0x0000000000008f50                PROVIDE (__ram_rodata_start, ABSOLUTE (.))
                0x0000000000008f50                . = ALIGN (0x4)
 *(.rodata .rodata.* .gnu.linkonce.r.*)
 .rodata        0x0000000000008f50       0xec obj/default/scanner_integration.o
 .rodata        0x000000000000903c        0xa ../scanner_integration_bsp/\libhal_bsp.a(alt_dev.o)
 *(.rodata1)
                0x0000000000009048                . = ALIGN (0x4)
 *fill*         0x0000000000009046        0x2 
                0x0000000000009048                PROVIDE (__ram_rodata_end, ABSOLUTE (.))
                0x0000000000008f50                PROVIDE (__flash_rodata_start, LOADADDR (.rodata))

.rwdata         0x0000000000009048      0x2ac load address 0x00000000000092f4
                0x0000000000009048                PROVIDE (__ram_rwdata_start, ABSOLUTE (.))
                0x0000000000009048                . = ALIGN (0x4)
 *(.got.plt)
 *(.got)
 *(.data1)
 *(.data .data.* .gnu.linkonce.d.*)
 .data          0x0000000000009048        0x0 ../scanner_integration_bsp//obj/HAL/src/crt0.o
 .data          0x0000000000009048        0x0 obj/default/scanner_integration.o
 .data          0x0000000000009048        0x0 ../scanner_integration_bsp/\libhal_bsp.a(alt_getchar.o)
 .data          0x0000000000009048        0x0 ../scanner_integration_bsp/\libhal_bsp.a(alt_load.o)
 .data          0x0000000000009048        0x0 ../scanner_integration_bsp/\libhal_bsp.a(alt_main.o)
 .data          0x0000000000009048        0x0 ../scanner_integration_bsp/\libhal_bsp.a(alt_putchar.o)
 .data          0x0000000000009048        0x0 ../scanner_integration_bsp/\libhal_bsp.a(alt_putstr.o)
 .data          0x0000000000009048        0x0 ../scanner_integration_bsp/\libhal_bsp.a(alt_usleep.o)
 .data          0x0000000000009048        0x0 ../scanner_integration_bsp/\libhal_bsp.a(alt_sys_init.o)
 .data          0x0000000000009048        0x0 ../scanner_integration_bsp/\libhal_bsp.a(altera_avalon_jtag_uart_read.o)
 .data          0x0000000000009048        0x0 ../scanner_integration_bsp/\libhal_bsp.a(altera_avalon_jtag_uart_write.o)
 .data          0x0000000000009048        0x0 ../scanner_integration_bsp/\libhal_bsp.a(alt_busy_sleep.o)
 .data          0x0000000000009048        0x0 ../scanner_integration_bsp/\libhal_bsp.a(alt_close.o)
 .data          0x0000000000009048        0x0 ../scanner_integration_bsp/\libhal_bsp.a(alt_dcache_flush_all.o)
 .data          0x0000000000009048      0x1a8 ../scanner_integration_bsp/\libhal_bsp.a(alt_dev.o)
                0x0000000000009048                alt_dev_null
                0x0000000000009070                alt_fd_list
 .data          0x00000000000091f0        0x0 ../scanner_integration_bsp/\libhal_bsp.a(alt_errno.o)
 .data          0x00000000000091f0        0x0 ../scanner_integration_bsp/\libhal_bsp.a(alt_icache_flush_all.o)
 .data          0x00000000000091f0        0x0 ../scanner_integration_bsp/\libhal_bsp.a(altera_nios2_gen2_irq.o)
 .data          0x00000000000091f0        0x0 c:/altera/16.0/nios2eds/bin/gnu/h-x86_64-mingw32/bin/../lib/gcc/nios2-elf/5.2.0/../../../../../H-x86_64-mingw32/nios2-elf/lib/mno-hw-mul\libsmallc.a(lib_a-exit.o)
 .data          0x00000000000091f0        0x0 c:/altera/16.0/nios2eds/bin/gnu/h-x86_64-mingw32/bin/../lib/gcc/nios2-elf/5.2.0/../../../../../H-x86_64-mingw32/nios2-elf/lib/mno-hw-mul\libsmallc.a(lib_a-int_errno.o)
 .data          0x00000000000091f0        0x0 c:/altera/16.0/nios2eds/bin/gnu/h-x86_64-mingw32/bin/../lib/gcc/nios2-elf/5.2.0/../../../../../H-x86_64-mingw32/nios2-elf/lib/mno-hw-mul\libsmallc.a(lib_a-strlen.o)
 .data          0x00000000000091f0        0x0 c:/altera/16.0/nios2eds/bin/gnu/h-x86_64-mingw32/bin/../lib/gcc/nios2-elf/5.2.0/../../../../../H-x86_64-mingw32/nios2-elf/lib/mno-hw-mul\libsmallc.a(lib_a-__call_atexit.o)
 .data          0x00000000000091f0        0x0 c:/altera/16.0/nios2eds/bin/gnu/h-x86_64-mingw32/bin/../lib/gcc/nios2-elf/5.2.0/../../../../../H-x86_64-mingw32/nios2-elf/lib/mno-hw-mul\libsmallc.a(lib_a-impure.o)
 .data.impure_data
                0x00000000000091f0       0xe0 c:/altera/16.0/nios2eds/bin/gnu/h-x86_64-mingw32/bin/../lib/gcc/nios2-elf/5.2.0/../../../../../H-x86_64-mingw32/nios2-elf/lib/mno-hw-mul\libsmallc.a(lib_a-impure.o)
 .data          0x00000000000092d0        0x0 c:/altera/16.0/nios2eds/bin/gnu/h-x86_64-mingw32/bin/../lib/gcc/nios2-elf/5.2.0/mno-hw-mul\libgcc.a(lib2-divmod.o)
 .data          0x00000000000092d0        0x0 c:/altera/16.0/nios2eds/bin/gnu/h-x86_64-mingw32/bin/../lib/gcc/nios2-elf/5.2.0/mno-hw-mul\libgcc.a(lib2-mul.o)
 .data          0x00000000000092d0        0x0 ../scanner_integration_bsp/\libhal_bsp.a(alt_exit.o)
                0x00000000000112d0                _gp = ABSOLUTE ((. + 0x8000))
                [!provide]                        PROVIDE (gp, _gp)
 *(.rwdata .rwdata.*)
 *(.sdata .sdata.* .gnu.linkonce.s.*)
 .sdata         0x00000000000092d0        0x4 ../scanner_integration_bsp/\libhal_bsp.a(alt_sys_init.o)
                0x00000000000092d0                jtag_uart_0
 .sdata         0x00000000000092d4       0x14 ../scanner_integration_bsp/\libhal_bsp.a(alt_dev.o)
                0x00000000000092d4                alt_fs_list
                0x00000000000092dc                alt_dev_list
                0x00000000000092e4                alt_max_fd
 .sdata         0x00000000000092e8        0x4 ../scanner_integration_bsp/\libhal_bsp.a(alt_errno.o)
                0x00000000000092e8                alt_errno
 .sdata._global_impure_ptr
                0x00000000000092ec        0x4 c:/altera/16.0/nios2eds/bin/gnu/h-x86_64-mingw32/bin/../lib/gcc/nios2-elf/5.2.0/../../../../../H-x86_64-mingw32/nios2-elf/lib/mno-hw-mul\libsmallc.a(lib_a-impure.o)
                0x00000000000092ec                _global_impure_ptr
 .sdata._impure_ptr
                0x00000000000092f0        0x4 c:/altera/16.0/nios2eds/bin/gnu/h-x86_64-mingw32/bin/../lib/gcc/nios2-elf/5.2.0/../../../../../H-x86_64-mingw32/nios2-elf/lib/mno-hw-mul\libsmallc.a(lib_a-impure.o)
                0x00000000000092f0                _impure_ptr
 *(.sdata2 .sdata2.* .gnu.linkonce.s2.*)
                0x00000000000092f4                . = ALIGN (0x4)
                0x00000000000092f4                _edata = ABSOLUTE (.)
                [!provide]                        PROVIDE (edata, ABSOLUTE (.))
                0x00000000000092f4                PROVIDE (__ram_rwdata_end, ABSOLUTE (.))
                0x00000000000092f4                PROVIDE (__flash_rwdata_start, LOADADDR (.rwdata))

.bss            0x00000000000095a0       0x10
                0x00000000000095a0                __bss_start = ABSOLUTE (.)
                [!provide]                        PROVIDE (__sbss_start, ABSOLUTE (.))
                [!provide]                        PROVIDE (___sbss_start, ABSOLUTE (.))
 *(.dynsbss)
 *(.sbss .sbss.* .gnu.linkonce.sb.*)
 .sbss          0x00000000000095a0        0xc ../scanner_integration_bsp/\libhal_bsp.a(alt_main.o)
                0x00000000000095a0                alt_argc
                0x00000000000095a4                alt_argv
                0x00000000000095a8                alt_envp
 .sbss          0x00000000000095ac        0x4 c:/altera/16.0/nios2eds/bin/gnu/h-x86_64-mingw32/bin/../lib/gcc/nios2-elf/5.2.0/../../../../../H-x86_64-mingw32/nios2-elf/lib/mno-hw-mul\libsmallc.a(lib_a-int_errno.o)
                0x00000000000095ac                errno
 *(.sbss2 .sbss2.* .gnu.linkonce.sb2.*)
 *(.scommon)
                [!provide]                        PROVIDE (__sbss_end, ABSOLUTE (.))
                [!provide]                        PROVIDE (___sbss_end, ABSOLUTE (.))
 *(.dynbss)
 *(.bss .bss.* .gnu.linkonce.b.*)
 .bss           0x00000000000095b0        0x0 ../scanner_integration_bsp//obj/HAL/src/crt0.o
 .bss           0x00000000000095b0        0x0 obj/default/scanner_integration.o
 .bss           0x00000000000095b0        0x0 ../scanner_integration_bsp/\libhal_bsp.a(alt_getchar.o)
 .bss           0x00000000000095b0        0x0 ../scanner_integration_bsp/\libhal_bsp.a(alt_load.o)
 .bss           0x00000000000095b0        0x0 ../scanner_integration_bsp/\libhal_bsp.a(alt_main.o)
 .bss           0x00000000000095b0        0x0 ../scanner_integration_bsp/\libhal_bsp.a(alt_putchar.o)
 .bss           0x00000000000095b0        0x0 ../scanner_integration_bsp/\libhal_bsp.a(alt_putstr.o)
 .bss           0x00000000000095b0        0x0 ../scanner_integration_bsp/\libhal_bsp.a(alt_usleep.o)
 .bss           0x00000000000095b0        0x0 ../scanner_integration_bsp/\libhal_bsp.a(alt_sys_init.o)
 .bss           0x00000000000095b0        0x0 ../scanner_integration_bsp/\libhal_bsp.a(altera_avalon_jtag_uart_read.o)
 .bss           0x00000000000095b0        0x0 ../scanner_integration_bsp/\libhal_bsp.a(altera_avalon_jtag_uart_write.o)
 .bss           0x00000000000095b0        0x0 ../scanner_integration_bsp/\libhal_bsp.a(alt_busy_sleep.o)
 .bss           0x00000000000095b0        0x0 ../scanner_integration_bsp/\libhal_bsp.a(alt_close.o)
 .bss           0x00000000000095b0        0x0 ../scanner_integration_bsp/\libhal_bsp.a(alt_dcache_flush_all.o)
 .bss           0x00000000000095b0        0x0 ../scanner_integration_bsp/\libhal_bsp.a(alt_dev.o)
 .bss           0x00000000000095b0        0x0 ../scanner_integration_bsp/\libhal_bsp.a(alt_errno.o)
 .bss           0x00000000000095b0        0x0 ../scanner_integration_bsp/\libhal_bsp.a(alt_icache_flush_all.o)
 .bss           0x00000000000095b0        0x0 ../scanner_integration_bsp/\libhal_bsp.a(altera_nios2_gen2_irq.o)
 .bss           0x00000000000095b0        0x0 c:/altera/16.0/nios2eds/bin/gnu/h-x86_64-mingw32/bin/../lib/gcc/nios2-elf/5.2.0/../../../../../H-x86_64-mingw32/nios2-elf/lib/mno-hw-mul\libsmallc.a(lib_a-exit.o)
 .bss           0x00000000000095b0        0x0 c:/altera/16.0/nios2eds/bin/gnu/h-x86_64-mingw32/bin/../lib/gcc/nios2-elf/5.2.0/../../../../../H-x86_64-mingw32/nios2-elf/lib/mno-hw-mul\libsmallc.a(lib_a-int_errno.o)
 .bss           0x00000000000095b0        0x0 c:/altera/16.0/nios2eds/bin/gnu/h-x86_64-mingw32/bin/../lib/gcc/nios2-elf/5.2.0/../../../../../H-x86_64-mingw32/nios2-elf/lib/mno-hw-mul\libsmallc.a(lib_a-strlen.o)
 .bss           0x00000000000095b0        0x0 c:/altera/16.0/nios2eds/bin/gnu/h-x86_64-mingw32/bin/../lib/gcc/nios2-elf/5.2.0/../../../../../H-x86_64-mingw32/nios2-elf/lib/mno-hw-mul\libsmallc.a(lib_a-__call_atexit.o)
 .bss           0x00000000000095b0        0x0 c:/altera/16.0/nios2eds/bin/gnu/h-x86_64-mingw32/bin/../lib/gcc/nios2-elf/5.2.0/../../../../../H-x86_64-mingw32/nios2-elf/lib/mno-hw-mul\libsmallc.a(lib_a-impure.o)
 .bss           0x00000000000095b0        0x0 c:/altera/16.0/nios2eds/bin/gnu/h-x86_64-mingw32/bin/../lib/gcc/nios2-elf/5.2.0/mno-hw-mul\libgcc.a(lib2-divmod.o)
 .bss           0x00000000000095b0        0x0 c:/altera/16.0/nios2eds/bin/gnu/h-x86_64-mingw32/bin/../lib/gcc/nios2-elf/5.2.0/mno-hw-mul\libgcc.a(lib2-mul.o)
 .bss           0x00000000000095b0        0x0 ../scanner_integration_bsp/\libhal_bsp.a(alt_exit.o)
 *(COMMON)
                0x00000000000095b0                . = ALIGN (0x4)
                0x00000000000095b0                __bss_end = ABSOLUTE (.)

.onchip_memory2_0
                0x00000000000095b0        0x0
                [!provide]                        PROVIDE (_alt_partition_onchip_memory2_0_start, ABSOLUTE (.))
 *(.onchip_memory2_0 .onchip_memory2_0. onchip_memory2_0.*)
                0x00000000000095b0                . = ALIGN (0x4)
                [!provide]                        PROVIDE (_alt_partition_onchip_memory2_0_end, ABSOLUTE (.))
                0x00000000000095b0                _end = ABSOLUTE (.)
                0x00000000000095b0                end = ABSOLUTE (.)
                0x00000000000095b0                __alt_stack_base = ABSOLUTE (.)
                [!provide]                        PROVIDE (_alt_partition_onchip_memory2_0_load_addr, LOADADDR (.onchip_memory2_0))

.stab
 *(.stab)

.stabstr
 *(.stabstr)

.stab.excl
 *(.stab.excl)

.stab.exclstr
 *(.stab.exclstr)

.stab.index
 *(.stab.index)

.stab.indexstr
 *(.stab.indexstr)

.comment        0x0000000000000000       0x23
 *(.comment)
 .comment       0x0000000000000000       0x23 obj/default/scanner_integration.o
                                         0x24 (size before relaxing)
 .comment       0x0000000000000023       0x24 ../scanner_integration_bsp/\libhal_bsp.a(alt_getchar.o)
 .comment       0x0000000000000023       0x24 ../scanner_integration_bsp/\libhal_bsp.a(alt_load.o)
 .comment       0x0000000000000023       0x24 ../scanner_integration_bsp/\libhal_bsp.a(alt_main.o)
 .comment       0x0000000000000023       0x24 ../scanner_integration_bsp/\libhal_bsp.a(alt_putchar.o)
 .comment       0x0000000000000023       0x24 ../scanner_integration_bsp/\libhal_bsp.a(alt_putstr.o)
 .comment       0x0000000000000023       0x24 ../scanner_integration_bsp/\libhal_bsp.a(alt_usleep.o)
 .comment       0x0000000000000023       0x24 ../scanner_integration_bsp/\libhal_bsp.a(alt_sys_init.o)
 .comment       0x0000000000000023       0x24 ../scanner_integration_bsp/\libhal_bsp.a(altera_avalon_jtag_uart_read.o)
 .comment       0x0000000000000023       0x24 ../scanner_integration_bsp/\libhal_bsp.a(altera_avalon_jtag_uart_write.o)
 .comment       0x0000000000000023       0x24 ../scanner_integration_bsp/\libhal_bsp.a(alt_busy_sleep.o)
 .comment       0x0000000000000023       0x24 ../scanner_integration_bsp/\libhal_bsp.a(alt_close.o)
 .comment       0x0000000000000023       0x24 ../scanner_integration_bsp/\libhal_bsp.a(alt_dcache_flush_all.o)
 .comment       0x0000000000000023       0x24 ../scanner_integration_bsp/\libhal_bsp.a(alt_dev.o)
 .comment       0x0000000000000023       0x24 ../scanner_integration_bsp/\libhal_bsp.a(alt_errno.o)
 .comment       0x0000000000000023       0x24 ../scanner_integration_bsp/\libhal_bsp.a(alt_icache_flush_all.o)
 .comment       0x0000000000000023       0x24 ../scanner_integration_bsp/\libhal_bsp.a(altera_nios2_gen2_irq.o)
 .comment       0x0000000000000023       0x24 c:/altera/16.0/nios2eds/bin/gnu/h-x86_64-mingw32/bin/../lib/gcc/nios2-elf/5.2.0/../../../../../H-x86_64-mingw32/nios2-elf/lib/mno-hw-mul\libsmallc.a(lib_a-exit.o)
 .comment       0x0000000000000023       0x24 c:/altera/16.0/nios2eds/bin/gnu/h-x86_64-mingw32/bin/../lib/gcc/nios2-elf/5.2.0/../../../../../H-x86_64-mingw32/nios2-elf/lib/mno-hw-mul\libsmallc.a(lib_a-int_errno.o)
 .comment       0x0000000000000023       0x24 c:/altera/16.0/nios2eds/bin/gnu/h-x86_64-mingw32/bin/../lib/gcc/nios2-elf/5.2.0/../../../../../H-x86_64-mingw32/nios2-elf/lib/mno-hw-mul\libsmallc.a(lib_a-strlen.o)
 .comment       0x0000000000000023       0x24 c:/altera/16.0/nios2eds/bin/gnu/h-x86_64-mingw32/bin/../lib/gcc/nios2-elf/5.2.0/../../../../../H-x86_64-mingw32/nios2-elf/lib/mno-hw-mul\libsmallc.a(lib_a-__call_atexit.o)
 .comment       0x0000000000000023       0x24 c:/altera/16.0/nios2eds/bin/gnu/h-x86_64-mingw32/bin/../lib/gcc/nios2-elf/5.2.0/../../../../../H-x86_64-mingw32/nios2-elf/lib/mno-hw-mul\libsmallc.a(lib_a-impure.o)
 .comment       0x0000000000000023       0x24 c:/altera/16.0/nios2eds/bin/gnu/h-x86_64-mingw32/bin/../lib/gcc/nios2-elf/5.2.0/mno-hw-mul\libgcc.a(lib2-divmod.o)
 .comment       0x0000000000000023       0x24 c:/altera/16.0/nios2eds/bin/gnu/h-x86_64-mingw32/bin/../lib/gcc/nios2-elf/5.2.0/mno-hw-mul\libgcc.a(lib2-mul.o)
 .comment       0x0000000000000023       0x24 ../scanner_integration_bsp/\libhal_bsp.a(alt_exit.o)

.debug
 *(.debug)

.line
 *(.line)

.debug_srcinfo
 *(.debug_srcinfo)

.debug_sfnames
 *(.debug_sfnames)

.debug_aranges  0x0000000000000000      0x330
 *(.debug_aranges)
 .debug_aranges
                0x0000000000000000       0x28 ../scanner_integration_bsp//obj/HAL/src/crt0.o
 .debug_aranges
                0x0000000000000028       0x20 obj/default/scanner_integration.o
 .debug_aranges
                0x0000000000000048       0x20 ../scanner_integration_bsp/\libhal_bsp.a(alt_getchar.o)
 .debug_aranges
                0x0000000000000068       0x20 ../scanner_integration_bsp/\libhal_bsp.a(alt_load.o)
 .debug_aranges
                0x0000000000000088       0x20 ../scanner_integration_bsp/\libhal_bsp.a(alt_main.o)
 .debug_aranges
                0x00000000000000a8       0x20 ../scanner_integration_bsp/\libhal_bsp.a(alt_putchar.o)
 .debug_aranges
                0x00000000000000c8       0x20 ../scanner_integration_bsp/\libhal_bsp.a(alt_putstr.o)
 .debug_aranges
                0x00000000000000e8       0x20 ../scanner_integration_bsp/\libhal_bsp.a(alt_usleep.o)
 .debug_aranges
                0x0000000000000108       0x20 ../scanner_integration_bsp/\libhal_bsp.a(alt_sys_init.o)
 .debug_aranges
                0x0000000000000128       0x20 ../scanner_integration_bsp/\libhal_bsp.a(altera_avalon_jtag_uart_read.o)
 .debug_aranges
                0x0000000000000148       0x20 ../scanner_integration_bsp/\libhal_bsp.a(altera_avalon_jtag_uart_write.o)
 .debug_aranges
                0x0000000000000168       0x20 ../scanner_integration_bsp/\libhal_bsp.a(alt_busy_sleep.o)
 .debug_aranges
                0x0000000000000188       0x20 ../scanner_integration_bsp/\libhal_bsp.a(alt_close.o)
 .debug_aranges
                0x00000000000001a8       0x20 ../scanner_integration_bsp/\libhal_bsp.a(alt_dcache_flush_all.o)
 .debug_aranges
                0x00000000000001c8       0x20 ../scanner_integration_bsp/\libhal_bsp.a(alt_dev.o)
 .debug_aranges
                0x00000000000001e8       0x18 ../scanner_integration_bsp/\libhal_bsp.a(alt_errno.o)
 .debug_aranges
                0x0000000000000200       0x20 ../scanner_integration_bsp/\libhal_bsp.a(alt_icache_flush_all.o)
 .debug_aranges
                0x0000000000000220       0x20 ../scanner_integration_bsp/\libhal_bsp.a(altera_nios2_gen2_irq.o)
 .debug_aranges
                0x0000000000000240       0x20 c:/altera/16.0/nios2eds/bin/gnu/h-x86_64-mingw32/bin/../lib/gcc/nios2-elf/5.2.0/../../../../../H-x86_64-mingw32/nios2-elf/lib/mno-hw-mul\libsmallc.a(lib_a-exit.o)
 .debug_aranges
                0x0000000000000260       0x18 c:/altera/16.0/nios2eds/bin/gnu/h-x86_64-mingw32/bin/../lib/gcc/nios2-elf/5.2.0/../../../../../H-x86_64-mingw32/nios2-elf/lib/mno-hw-mul\libsmallc.a(lib_a-int_errno.o)
 .debug_aranges
                0x0000000000000278       0x20 c:/altera/16.0/nios2eds/bin/gnu/h-x86_64-mingw32/bin/../lib/gcc/nios2-elf/5.2.0/../../../../../H-x86_64-mingw32/nios2-elf/lib/mno-hw-mul\libsmallc.a(lib_a-strlen.o)
 .debug_aranges
                0x0000000000000298       0x20 c:/altera/16.0/nios2eds/bin/gnu/h-x86_64-mingw32/bin/../lib/gcc/nios2-elf/5.2.0/../../../../../H-x86_64-mingw32/nios2-elf/lib/mno-hw-mul\libsmallc.a(lib_a-__call_atexit.o)
 .debug_aranges
                0x00000000000002b8       0x18 c:/altera/16.0/nios2eds/bin/gnu/h-x86_64-mingw32/bin/../lib/gcc/nios2-elf/5.2.0/../../../../../H-x86_64-mingw32/nios2-elf/lib/mno-hw-mul\libsmallc.a(lib_a-impure.o)
 .debug_aranges
                0x00000000000002d0       0x20 c:/altera/16.0/nios2eds/bin/gnu/h-x86_64-mingw32/bin/../lib/gcc/nios2-elf/5.2.0/mno-hw-mul\libgcc.a(lib2-divmod.o)
 .debug_aranges
                0x00000000000002f0       0x20 c:/altera/16.0/nios2eds/bin/gnu/h-x86_64-mingw32/bin/../lib/gcc/nios2-elf/5.2.0/mno-hw-mul\libgcc.a(lib2-mul.o)
 .debug_aranges
                0x0000000000000310       0x20 ../scanner_integration_bsp/\libhal_bsp.a(alt_exit.o)

.debug_pubnames
 *(.debug_pubnames)

.debug_info     0x0000000000000000     0x29fa
 *(.debug_info .gnu.linkonce.wi.*)
 .debug_info    0x0000000000000000       0x7d ../scanner_integration_bsp//obj/HAL/src/crt0.o
 .debug_info    0x000000000000007d       0xe6 obj/default/scanner_integration.o
 .debug_info    0x0000000000000163      0x30d ../scanner_integration_bsp/\libhal_bsp.a(alt_getchar.o)
 .debug_info    0x0000000000000470      0x145 ../scanner_integration_bsp/\libhal_bsp.a(alt_load.o)
 .debug_info    0x00000000000005b5      0x131 ../scanner_integration_bsp/\libhal_bsp.a(alt_main.o)
 .debug_info    0x00000000000006e6      0x104 ../scanner_integration_bsp/\libhal_bsp.a(alt_putchar.o)
 .debug_info    0x00000000000007ea       0xf5 ../scanner_integration_bsp/\libhal_bsp.a(alt_putstr.o)
 .debug_info    0x00000000000008df       0xb0 ../scanner_integration_bsp/\libhal_bsp.a(alt_usleep.o)
 .debug_info    0x000000000000098f      0x170 ../scanner_integration_bsp/\libhal_bsp.a(alt_sys_init.o)
 .debug_info    0x0000000000000aff      0x1b2 ../scanner_integration_bsp/\libhal_bsp.a(altera_avalon_jtag_uart_read.o)
 .debug_info    0x0000000000000cb1      0x195 ../scanner_integration_bsp/\libhal_bsp.a(altera_avalon_jtag_uart_write.o)
 .debug_info    0x0000000000000e46       0xd7 ../scanner_integration_bsp/\libhal_bsp.a(alt_busy_sleep.o)
 .debug_info    0x0000000000000f1d      0x126 ../scanner_integration_bsp/\libhal_bsp.a(alt_close.o)
 .debug_info    0x0000000000001043       0x92 ../scanner_integration_bsp/\libhal_bsp.a(alt_dcache_flush_all.o)
 .debug_info    0x00000000000010d5      0x49c ../scanner_integration_bsp/\libhal_bsp.a(alt_dev.o)
 .debug_info    0x0000000000001571       0xa6 ../scanner_integration_bsp/\libhal_bsp.a(alt_errno.o)
 .debug_info    0x0000000000001617       0x92 ../scanner_integration_bsp/\libhal_bsp.a(alt_icache_flush_all.o)
 .debug_info    0x00000000000016a9       0x92 ../scanner_integration_bsp/\libhal_bsp.a(altera_nios2_gen2_irq.o)
 .debug_info    0x000000000000173b       0xe5 c:/altera/16.0/nios2eds/bin/gnu/h-x86_64-mingw32/bin/../lib/gcc/nios2-elf/5.2.0/../../../../../H-x86_64-mingw32/nios2-elf/lib/mno-hw-mul\libsmallc.a(lib_a-exit.o)
 .debug_info    0x0000000000001820       0x8a c:/altera/16.0/nios2eds/bin/gnu/h-x86_64-mingw32/bin/../lib/gcc/nios2-elf/5.2.0/../../../../../H-x86_64-mingw32/nios2-elf/lib/mno-hw-mul\libsmallc.a(lib_a-int_errno.o)
 .debug_info    0x00000000000018aa       0xc9 c:/altera/16.0/nios2eds/bin/gnu/h-x86_64-mingw32/bin/../lib/gcc/nios2-elf/5.2.0/../../../../../H-x86_64-mingw32/nios2-elf/lib/mno-hw-mul\libsmallc.a(lib_a-strlen.o)
 .debug_info    0x0000000000001973      0x67b c:/altera/16.0/nios2eds/bin/gnu/h-x86_64-mingw32/bin/../lib/gcc/nios2-elf/5.2.0/../../../../../H-x86_64-mingw32/nios2-elf/lib/mno-hw-mul\libsmallc.a(lib_a-__call_atexit.o)
 .debug_info    0x0000000000001fee      0x5a9 c:/altera/16.0/nios2eds/bin/gnu/h-x86_64-mingw32/bin/../lib/gcc/nios2-elf/5.2.0/../../../../../H-x86_64-mingw32/nios2-elf/lib/mno-hw-mul\libsmallc.a(lib_a-impure.o)
 .debug_info    0x0000000000002597      0x2c3 c:/altera/16.0/nios2eds/bin/gnu/h-x86_64-mingw32/bin/../lib/gcc/nios2-elf/5.2.0/mno-hw-mul\libgcc.a(lib2-divmod.o)
 .debug_info    0x000000000000285a       0xb4 c:/altera/16.0/nios2eds/bin/gnu/h-x86_64-mingw32/bin/../lib/gcc/nios2-elf/5.2.0/mno-hw-mul\libgcc.a(lib2-mul.o)
 .debug_info    0x000000000000290e       0xec ../scanner_integration_bsp/\libhal_bsp.a(alt_exit.o)

.debug_abbrev   0x0000000000000000     0x10ff
 *(.debug_abbrev)
 .debug_abbrev  0x0000000000000000       0x12 ../scanner_integration_bsp//obj/HAL/src/crt0.o
 .debug_abbrev  0x0000000000000012       0x8e obj/default/scanner_integration.o
 .debug_abbrev  0x00000000000000a0       0xf5 ../scanner_integration_bsp/\libhal_bsp.a(alt_getchar.o)
 .debug_abbrev  0x0000000000000195       0x9f ../scanner_integration_bsp/\libhal_bsp.a(alt_load.o)
 .debug_abbrev  0x0000000000000234       0xba ../scanner_integration_bsp/\libhal_bsp.a(alt_main.o)
 .debug_abbrev  0x00000000000002ee       0xaa ../scanner_integration_bsp/\libhal_bsp.a(alt_putchar.o)
 .debug_abbrev  0x0000000000000398       0x99 ../scanner_integration_bsp/\libhal_bsp.a(alt_putstr.o)
 .debug_abbrev  0x0000000000000431       0x60 ../scanner_integration_bsp/\libhal_bsp.a(alt_usleep.o)
 .debug_abbrev  0x0000000000000491       0xeb ../scanner_integration_bsp/\libhal_bsp.a(alt_sys_init.o)
 .debug_abbrev  0x000000000000057c       0xd5 ../scanner_integration_bsp/\libhal_bsp.a(altera_avalon_jtag_uart_read.o)
 .debug_abbrev  0x0000000000000651       0xd5 ../scanner_integration_bsp/\libhal_bsp.a(altera_avalon_jtag_uart_write.o)
 .debug_abbrev  0x0000000000000726       0x7e ../scanner_integration_bsp/\libhal_bsp.a(alt_busy_sleep.o)
 .debug_abbrev  0x00000000000007a4       0xbb ../scanner_integration_bsp/\libhal_bsp.a(alt_close.o)
 .debug_abbrev  0x000000000000085f       0x42 ../scanner_integration_bsp/\libhal_bsp.a(alt_dcache_flush_all.o)
 .debug_abbrev  0x00000000000008a1       0xd9 ../scanner_integration_bsp/\libhal_bsp.a(alt_dev.o)
 .debug_abbrev  0x000000000000097a       0x5a ../scanner_integration_bsp/\libhal_bsp.a(alt_errno.o)
 .debug_abbrev  0x00000000000009d4       0x42 ../scanner_integration_bsp/\libhal_bsp.a(alt_icache_flush_all.o)
 .debug_abbrev  0x0000000000000a16       0x42 ../scanner_integration_bsp/\libhal_bsp.a(altera_nios2_gen2_irq.o)
 .debug_abbrev  0x0000000000000a58       0x8b c:/altera/16.0/nios2eds/bin/gnu/h-x86_64-mingw32/bin/../lib/gcc/nios2-elf/5.2.0/../../../../../H-x86_64-mingw32/nios2-elf/lib/mno-hw-mul\libsmallc.a(lib_a-exit.o)
 .debug_abbrev  0x0000000000000ae3       0x37 c:/altera/16.0/nios2eds/bin/gnu/h-x86_64-mingw32/bin/../lib/gcc/nios2-elf/5.2.0/../../../../../H-x86_64-mingw32/nios2-elf/lib/mno-hw-mul\libsmallc.a(lib_a-int_errno.o)
 .debug_abbrev  0x0000000000000b1a       0x7f c:/altera/16.0/nios2eds/bin/gnu/h-x86_64-mingw32/bin/../lib/gcc/nios2-elf/5.2.0/../../../../../H-x86_64-mingw32/nios2-elf/lib/mno-hw-mul\libsmallc.a(lib_a-strlen.o)
 .debug_abbrev  0x0000000000000b99      0x1f6 c:/altera/16.0/nios2eds/bin/gnu/h-x86_64-mingw32/bin/../lib/gcc/nios2-elf/5.2.0/../../../../../H-x86_64-mingw32/nios2-elf/lib/mno-hw-mul\libsmallc.a(lib_a-__call_atexit.o)
 .debug_abbrev  0x0000000000000d8f      0x14a c:/altera/16.0/nios2eds/bin/gnu/h-x86_64-mingw32/bin/../lib/gcc/nios2-elf/5.2.0/../../../../../H-x86_64-mingw32/nios2-elf/lib/mno-hw-mul\libsmallc.a(lib_a-impure.o)
 .debug_abbrev  0x0000000000000ed9      0x10e c:/altera/16.0/nios2eds/bin/gnu/h-x86_64-mingw32/bin/../lib/gcc/nios2-elf/5.2.0/mno-hw-mul\libgcc.a(lib2-divmod.o)
 .debug_abbrev  0x0000000000000fe7       0x6f c:/altera/16.0/nios2eds/bin/gnu/h-x86_64-mingw32/bin/../lib/gcc/nios2-elf/5.2.0/mno-hw-mul\libgcc.a(lib2-mul.o)
 .debug_abbrev  0x0000000000001056       0xa9 ../scanner_integration_bsp/\libhal_bsp.a(alt_exit.o)

.debug_line     0x0000000000000000     0x13d5
 *(.debug_line)
 .debug_line    0x0000000000000000       0x66 ../scanner_integration_bsp//obj/HAL/src/crt0.o
 .debug_line    0x0000000000000066      0x11a obj/default/scanner_integration.o
 .debug_line    0x0000000000000180       0xb1 ../scanner_integration_bsp/\libhal_bsp.a(alt_getchar.o)
 .debug_line    0x0000000000000231       0x8e ../scanner_integration_bsp/\libhal_bsp.a(alt_load.o)
 .debug_line    0x00000000000002bf       0x9a ../scanner_integration_bsp/\libhal_bsp.a(alt_main.o)
 .debug_line    0x0000000000000359       0x50 ../scanner_integration_bsp/\libhal_bsp.a(alt_putchar.o)
 .debug_line    0x00000000000003a9       0x48 ../scanner_integration_bsp/\libhal_bsp.a(alt_putstr.o)
 .debug_line    0x00000000000003f1       0xa5 ../scanner_integration_bsp/\libhal_bsp.a(alt_usleep.o)
 .debug_line    0x0000000000000496       0xea ../scanner_integration_bsp/\libhal_bsp.a(alt_sys_init.o)
 .debug_line    0x0000000000000580       0xfd ../scanner_integration_bsp/\libhal_bsp.a(altera_avalon_jtag_uart_read.o)
 .debug_line    0x000000000000067d       0xf4 ../scanner_integration_bsp/\libhal_bsp.a(altera_avalon_jtag_uart_write.o)
 .debug_line    0x0000000000000771       0xa2 ../scanner_integration_bsp/\libhal_bsp.a(alt_busy_sleep.o)
 .debug_line    0x0000000000000813       0xfe ../scanner_integration_bsp/\libhal_bsp.a(alt_close.o)
 .debug_line    0x0000000000000911       0x51 ../scanner_integration_bsp/\libhal_bsp.a(alt_dcache_flush_all.o)
 .debug_line    0x0000000000000962       0xf0 ../scanner_integration_bsp/\libhal_bsp.a(alt_dev.o)
 .debug_line    0x0000000000000a52       0x51 ../scanner_integration_bsp/\libhal_bsp.a(alt_errno.o)
 .debug_line    0x0000000000000aa3       0x4f ../scanner_integration_bsp/\libhal_bsp.a(alt_icache_flush_all.o)
 .debug_line    0x0000000000000af2       0x51 ../scanner_integration_bsp/\libhal_bsp.a(altera_nios2_gen2_irq.o)
 .debug_line    0x0000000000000b43      0x159 c:/altera/16.0/nios2eds/bin/gnu/h-x86_64-mingw32/bin/../lib/gcc/nios2-elf/5.2.0/../../../../../H-x86_64-mingw32/nios2-elf/lib/mno-hw-mul\libsmallc.a(lib_a-exit.o)
 .debug_line    0x0000000000000c9c       0x5f c:/altera/16.0/nios2eds/bin/gnu/h-x86_64-mingw32/bin/../lib/gcc/nios2-elf/5.2.0/../../../../../H-x86_64-mingw32/nios2-elf/lib/mno-hw-mul\libsmallc.a(lib_a-int_errno.o)
 .debug_line    0x0000000000000cfb      0x15c c:/altera/16.0/nios2eds/bin/gnu/h-x86_64-mingw32/bin/../lib/gcc/nios2-elf/5.2.0/../../../../../H-x86_64-mingw32/nios2-elf/lib/mno-hw-mul\libsmallc.a(lib_a-strlen.o)
 .debug_line    0x0000000000000e57      0x232 c:/altera/16.0/nios2eds/bin/gnu/h-x86_64-mingw32/bin/../lib/gcc/nios2-elf/5.2.0/../../../../../H-x86_64-mingw32/nios2-elf/lib/mno-hw-mul\libsmallc.a(lib_a-__call_atexit.o)
 .debug_line    0x0000000000001089      0x156 c:/altera/16.0/nios2eds/bin/gnu/h-x86_64-mingw32/bin/../lib/gcc/nios2-elf/5.2.0/../../../../../H-x86_64-mingw32/nios2-elf/lib/mno-hw-mul\libsmallc.a(lib_a-impure.o)
 .debug_line    0x00000000000011df      0x105 c:/altera/16.0/nios2eds/bin/gnu/h-x86_64-mingw32/bin/../lib/gcc/nios2-elf/5.2.0/mno-hw-mul\libgcc.a(lib2-divmod.o)
 .debug_line    0x00000000000012e4       0x80 c:/altera/16.0/nios2eds/bin/gnu/h-x86_64-mingw32/bin/../lib/gcc/nios2-elf/5.2.0/mno-hw-mul\libgcc.a(lib2-mul.o)
 .debug_line    0x0000000000001364       0x71 ../scanner_integration_bsp/\libhal_bsp.a(alt_exit.o)

.debug_frame    0x0000000000000000      0x544
 *(.debug_frame)
 .debug_frame   0x0000000000000000       0x78 obj/default/scanner_integration.o
 .debug_frame   0x0000000000000078       0x38 ../scanner_integration_bsp/\libhal_bsp.a(alt_getchar.o)
 .debug_frame   0x00000000000000b0       0x5c ../scanner_integration_bsp/\libhal_bsp.a(alt_load.o)
 .debug_frame   0x000000000000010c       0x2c ../scanner_integration_bsp/\libhal_bsp.a(alt_main.o)
 .debug_frame   0x0000000000000138       0x38 ../scanner_integration_bsp/\libhal_bsp.a(alt_putchar.o)
 .debug_frame   0x0000000000000170       0x38 ../scanner_integration_bsp/\libhal_bsp.a(alt_putstr.o)
 .debug_frame   0x00000000000001a8       0x38 ../scanner_integration_bsp/\libhal_bsp.a(alt_usleep.o)
 .debug_frame   0x00000000000001e0       0x5c ../scanner_integration_bsp/\libhal_bsp.a(alt_sys_init.o)
 .debug_frame   0x000000000000023c       0x34 ../scanner_integration_bsp/\libhal_bsp.a(altera_avalon_jtag_uart_read.o)
 .debug_frame   0x0000000000000270       0x34 ../scanner_integration_bsp/\libhal_bsp.a(altera_avalon_jtag_uart_write.o)
 .debug_frame   0x00000000000002a4       0x38 ../scanner_integration_bsp/\libhal_bsp.a(alt_busy_sleep.o)
 .debug_frame   0x00000000000002dc       0x60 ../scanner_integration_bsp/\libhal_bsp.a(alt_close.o)
 .debug_frame   0x000000000000033c       0x34 ../scanner_integration_bsp/\libhal_bsp.a(alt_dcache_flush_all.o)
 .debug_frame   0x0000000000000370       0x34 ../scanner_integration_bsp/\libhal_bsp.a(alt_dev.o)
 .debug_frame   0x00000000000003a4       0x34 ../scanner_integration_bsp/\libhal_bsp.a(alt_icache_flush_all.o)
 .debug_frame   0x00000000000003d8       0x34 ../scanner_integration_bsp/\libhal_bsp.a(altera_nios2_gen2_irq.o)
 .debug_frame   0x000000000000040c       0x28 c:/altera/16.0/nios2eds/bin/gnu/h-x86_64-mingw32/bin/../lib/gcc/nios2-elf/5.2.0/../../../../../H-x86_64-mingw32/nios2-elf/lib/mno-hw-mul\libsmallc.a(lib_a-exit.o)
 .debug_frame   0x0000000000000434       0x20 c:/altera/16.0/nios2eds/bin/gnu/h-x86_64-mingw32/bin/../lib/gcc/nios2-elf/5.2.0/../../../../../H-x86_64-mingw32/nios2-elf/lib/mno-hw-mul\libsmallc.a(lib_a-strlen.o)
 .debug_frame   0x0000000000000454       0x54 c:/altera/16.0/nios2eds/bin/gnu/h-x86_64-mingw32/bin/../lib/gcc/nios2-elf/5.2.0/../../../../../H-x86_64-mingw32/nios2-elf/lib/mno-hw-mul\libsmallc.a(lib_a-__call_atexit.o)
 .debug_frame   0x00000000000004a8       0x50 c:/altera/16.0/nios2eds/bin/gnu/h-x86_64-mingw32/bin/../lib/gcc/nios2-elf/5.2.0/mno-hw-mul\libgcc.a(lib2-divmod.o)
 .debug_frame   0x00000000000004f8       0x20 c:/altera/16.0/nios2eds/bin/gnu/h-x86_64-mingw32/bin/../lib/gcc/nios2-elf/5.2.0/mno-hw-mul\libgcc.a(lib2-mul.o)
 .debug_frame   0x0000000000000518       0x2c ../scanner_integration_bsp/\libhal_bsp.a(alt_exit.o)

.debug_str      0x0000000000000000     0x1035
 *(.debug_str)
 .debug_str     0x0000000000000000      0x115 obj/default/scanner_integration.o
                                        0x153 (size before relaxing)
 .debug_str     0x0000000000000115      0x18d ../scanner_integration_bsp/\libhal_bsp.a(alt_getchar.o)
                                        0x246 (size before relaxing)
 .debug_str     0x00000000000002a2      0x144 ../scanner_integration_bsp/\libhal_bsp.a(alt_load.o)
                                        0x22a (size before relaxing)
 .debug_str     0x00000000000003e6       0x44 ../scanner_integration_bsp/\libhal_bsp.a(alt_main.o)
                                        0x1ab (size before relaxing)
 .debug_str     0x000000000000042a       0x40 ../scanner_integration_bsp/\libhal_bsp.a(alt_putchar.o)
                                        0x19b (size before relaxing)
 .debug_str     0x000000000000046a       0x20 ../scanner_integration_bsp/\libhal_bsp.a(alt_putstr.o)
                                        0x199 (size before relaxing)
 .debug_str     0x000000000000048a       0x27 ../scanner_integration_bsp/\libhal_bsp.a(alt_usleep.o)
                                        0x160 (size before relaxing)
 .debug_str     0x00000000000004b1       0x85 ../scanner_integration_bsp/\libhal_bsp.a(alt_sys_init.o)
                                        0x219 (size before relaxing)
 .debug_str     0x0000000000000536       0x38 ../scanner_integration_bsp/\libhal_bsp.a(altera_avalon_jtag_uart_read.o)
                                        0x22d (size before relaxing)
 .debug_str     0x000000000000056e       0x2c ../scanner_integration_bsp/\libhal_bsp.a(altera_avalon_jtag_uart_write.o)
                                        0x223 (size before relaxing)
 .debug_str     0x000000000000059a       0x42 ../scanner_integration_bsp/\libhal_bsp.a(alt_busy_sleep.o)
                                        0x179 (size before relaxing)
 .debug_str     0x00000000000005dc       0x33 ../scanner_integration_bsp/\libhal_bsp.a(alt_close.o)
                                        0x19f (size before relaxing)
 .debug_str     0x000000000000060f       0x34 ../scanner_integration_bsp/\libhal_bsp.a(alt_dcache_flush_all.o)
                                        0x163 (size before relaxing)
 .debug_str     0x0000000000000643      0x120 ../scanner_integration_bsp/\libhal_bsp.a(alt_dev.o)
                                        0x313 (size before relaxing)
 .debug_str     0x0000000000000763       0x14 ../scanner_integration_bsp/\libhal_bsp.a(alt_errno.o)
                                        0x15d (size before relaxing)
 .debug_str     0x0000000000000777       0x34 ../scanner_integration_bsp/\libhal_bsp.a(alt_icache_flush_all.o)
                                        0x163 (size before relaxing)
 .debug_str     0x00000000000007ab       0x3b ../scanner_integration_bsp/\libhal_bsp.a(altera_nios2_gen2_irq.o)
                                        0x16a (size before relaxing)
 .debug_str     0x00000000000007e6      0x148 c:/altera/16.0/nios2eds/bin/gnu/h-x86_64-mingw32/bin/../lib/gcc/nios2-elf/5.2.0/../../../../../H-x86_64-mingw32/nios2-elf/lib/mno-hw-mul\libsmallc.a(lib_a-exit.o)
                                        0x1f0 (size before relaxing)
 .debug_str     0x000000000000092e       0xd3 c:/altera/16.0/nios2eds/bin/gnu/h-x86_64-mingw32/bin/../lib/gcc/nios2-elf/5.2.0/../../../../../H-x86_64-mingw32/nios2-elf/lib/mno-hw-mul\libsmallc.a(lib_a-int_errno.o)
                                        0x1d8 (size before relaxing)
 .debug_str     0x0000000000000a01       0xe0 c:/altera/16.0/nios2eds/bin/gnu/h-x86_64-mingw32/bin/../lib/gcc/nios2-elf/5.2.0/../../../../../H-x86_64-mingw32/nios2-elf/lib/mno-hw-mul\libsmallc.a(lib_a-strlen.o)
                                        0x1e5 (size before relaxing)
 .debug_str     0x0000000000000ae1      0x31b c:/altera/16.0/nios2eds/bin/gnu/h-x86_64-mingw32/bin/../lib/gcc/nios2-elf/5.2.0/../../../../../H-x86_64-mingw32/nios2-elf/lib/mno-hw-mul\libsmallc.a(lib_a-__call_atexit.o)
                                        0x4eb (size before relaxing)
 .debug_str     0x0000000000000dfc       0x48 c:/altera/16.0/nios2eds/bin/gnu/h-x86_64-mingw32/bin/../lib/gcc/nios2-elf/5.2.0/../../../../../H-x86_64-mingw32/nios2-elf/lib/mno-hw-mul\libsmallc.a(lib_a-impure.o)
                                        0x4be (size before relaxing)
 .debug_str     0x0000000000000e44      0x187 c:/altera/16.0/nios2eds/bin/gnu/h-x86_64-mingw32/bin/../lib/gcc/nios2-elf/5.2.0/mno-hw-mul\libgcc.a(lib2-divmod.o)
                                        0x1d2 (size before relaxing)
 .debug_str     0x0000000000000fcb       0x40 c:/altera/16.0/nios2eds/bin/gnu/h-x86_64-mingw32/bin/../lib/gcc/nios2-elf/5.2.0/mno-hw-mul\libgcc.a(lib2-mul.o)
                                        0x193 (size before relaxing)
 .debug_str     0x000000000000100b       0x2a ../scanner_integration_bsp/\libhal_bsp.a(alt_exit.o)
                                        0x15f (size before relaxing)

.debug_loc      0x0000000000000000      0x6d4
 *(.debug_loc)
 .debug_loc     0x0000000000000000       0x1e c:/altera/16.0/nios2eds/bin/gnu/h-x86_64-mingw32/bin/../lib/gcc/nios2-elf/5.2.0/../../../../../H-x86_64-mingw32/nios2-elf/lib/mno-hw-mul\libsmallc.a(lib_a-exit.o)
 .debug_loc     0x000000000000001e       0x1e c:/altera/16.0/nios2eds/bin/gnu/h-x86_64-mingw32/bin/../lib/gcc/nios2-elf/5.2.0/../../../../../H-x86_64-mingw32/nios2-elf/lib/mno-hw-mul\libsmallc.a(lib_a-strlen.o)
 .debug_loc     0x000000000000003c      0x157 c:/altera/16.0/nios2eds/bin/gnu/h-x86_64-mingw32/bin/../lib/gcc/nios2-elf/5.2.0/../../../../../H-x86_64-mingw32/nios2-elf/lib/mno-hw-mul\libsmallc.a(lib_a-__call_atexit.o)
 .debug_loc     0x0000000000000193      0x4ae c:/altera/16.0/nios2eds/bin/gnu/h-x86_64-mingw32/bin/../lib/gcc/nios2-elf/5.2.0/mno-hw-mul\libgcc.a(lib2-divmod.o)
 .debug_loc     0x0000000000000641       0x93 c:/altera/16.0/nios2eds/bin/gnu/h-x86_64-mingw32/bin/../lib/gcc/nios2-elf/5.2.0/mno-hw-mul\libgcc.a(lib2-mul.o)

.debug_macinfo
 *(.debug_macinfo)

.debug_weaknames
 *(.debug_weaknames)

.debug_funcnames
 *(.debug_funcnames)

.debug_typenames
 *(.debug_typenames)

.debug_varnames
 *(.debug_varnames)

.debug_alt_sim_info
                0x0000000000000000       0x40
 *(.debug_alt_sim_info)
 .debug_alt_sim_info
                0x0000000000000000       0x10 ../scanner_integration_bsp//obj/HAL/src/crt0.o
 .debug_alt_sim_info
                0x0000000000000010       0x30 ../scanner_integration_bsp/\libhal_bsp.a(alt_busy_sleep.o)
                0x000000000000d000                __alt_data_end = 0xd000
                0x000000000000d000                PROVIDE (__alt_stack_pointer, __alt_data_end)
                [!provide]                        PROVIDE (__alt_stack_limit, __alt_stack_base)
                [!provide]                        PROVIDE (__alt_heap_start, end)
                [!provide]                        PROVIDE (__alt_heap_limit, 0xd000)
OUTPUT(scanner_integration.elf elf32-littlenios2)

.debug_ranges   0x0000000000000000       0xe0
 .debug_ranges  0x0000000000000000       0x20 ../scanner_integration_bsp//obj/HAL/src/crt0.o
 .debug_ranges  0x0000000000000020       0x18 ../scanner_integration_bsp/\libhal_bsp.a(altera_avalon_jtag_uart_read.o)
 .debug_ranges  0x0000000000000038       0x10 c:/altera/16.0/nios2eds/bin/gnu/h-x86_64-mingw32/bin/../lib/gcc/nios2-elf/5.2.0/../../../../../H-x86_64-mingw32/nios2-elf/lib/mno-hw-mul\libsmallc.a(lib_a-exit.o)
 .debug_ranges  0x0000000000000048       0x10 c:/altera/16.0/nios2eds/bin/gnu/h-x86_64-mingw32/bin/../lib/gcc/nios2-elf/5.2.0/../../../../../H-x86_64-mingw32/nios2-elf/lib/mno-hw-mul\libsmallc.a(lib_a-strlen.o)
 .debug_ranges  0x0000000000000058       0x28 c:/altera/16.0/nios2eds/bin/gnu/h-x86_64-mingw32/bin/../lib/gcc/nios2-elf/5.2.0/../../../../../H-x86_64-mingw32/nios2-elf/lib/mno-hw-mul\libsmallc.a(lib_a-__call_atexit.o)
 .debug_ranges  0x0000000000000080       0x60 c:/altera/16.0/nios2eds/bin/gnu/h-x86_64-mingw32/bin/../lib/gcc/nios2-elf/5.2.0/mno-hw-mul\libgcc.a(lib2-divmod.o)
