Archive member included to satisfy reference by file (symbol)

../receive_bsp/\libhal_bsp.a(alt_getchar.o)
                              obj/default/receive.o (alt_getchar)
../receive_bsp/\libhal_bsp.a(alt_load.o)
                              ../receive_bsp//obj/HAL/src/crt0.o (alt_load)
../receive_bsp/\libhal_bsp.a(alt_main.o)
                              ../receive_bsp//obj/HAL/src/crt0.o (alt_main)
../receive_bsp/\libhal_bsp.a(alt_printf.o)
                              obj/default/receive.o (alt_printf)
../receive_bsp/\libhal_bsp.a(alt_putchar.o)
                              obj/default/receive.o (alt_putchar)
../receive_bsp/\libhal_bsp.a(alt_usleep.o)
                              obj/default/receive.o (usleep)
../receive_bsp/\libhal_bsp.a(alt_sys_init.o)
                              ../receive_bsp/\libhal_bsp.a(alt_getchar.o) (jtag_uart_0)
../receive_bsp/\libhal_bsp.a(altera_avalon_jtag_uart_read.o)
                              ../receive_bsp/\libhal_bsp.a(alt_getchar.o) (altera_avalon_jtag_uart_read)
../receive_bsp/\libhal_bsp.a(altera_avalon_jtag_uart_write.o)
                              ../receive_bsp/\libhal_bsp.a(alt_putchar.o) (altera_avalon_jtag_uart_write)
../receive_bsp/\libhal_bsp.a(alt_busy_sleep.o)
                              ../receive_bsp/\libhal_bsp.a(alt_usleep.o) (alt_busy_sleep)
../receive_bsp/\libhal_bsp.a(alt_close.o)
                              ../receive_bsp/\libhal_bsp.a(alt_main.o) (close)
../receive_bsp/\libhal_bsp.a(alt_dcache_flush_all.o)
                              ../receive_bsp/\libhal_bsp.a(alt_load.o) (alt_dcache_flush_all)
../receive_bsp/\libhal_bsp.a(alt_dev.o)
                              ../receive_bsp/\libhal_bsp.a(alt_getchar.o) (alt_fd_list)
../receive_bsp/\libhal_bsp.a(alt_errno.o)
                              ../receive_bsp/\libhal_bsp.a(alt_close.o) (alt_errno)
../receive_bsp/\libhal_bsp.a(alt_icache_flush_all.o)
                              ../receive_bsp/\libhal_bsp.a(alt_load.o) (alt_icache_flush_all)
../receive_bsp/\libhal_bsp.a(altera_nios2_gen2_irq.o)
                              ../receive_bsp/\libhal_bsp.a(alt_sys_init.o) (altera_nios2_gen2_irq_init)
c:/altera/16.0/nios2eds/bin/gnu/h-x86_64-mingw32/bin/../lib/gcc/nios2-elf/5.2.0/../../../../../H-x86_64-mingw32/nios2-elf/lib/mno-hw-mul\libsmallc.a(lib_a-exit.o)
                              ../receive_bsp/\libhal_bsp.a(alt_main.o) (exit)
c:/altera/16.0/nios2eds/bin/gnu/h-x86_64-mingw32/bin/../lib/gcc/nios2-elf/5.2.0/../../../../../H-x86_64-mingw32/nios2-elf/lib/mno-hw-mul\libsmallc.a(lib_a-int_errno.o)
                              ../receive_bsp/\libhal_bsp.a(alt_close.o) (errno)
c:/altera/16.0/nios2eds/bin/gnu/h-x86_64-mingw32/bin/../lib/gcc/nios2-elf/5.2.0/../../../../../H-x86_64-mingw32/nios2-elf/lib/mno-hw-mul\libsmallc.a(lib_a-__call_atexit.o)
                              c:/altera/16.0/nios2eds/bin/gnu/h-x86_64-mingw32/bin/../lib/gcc/nios2-elf/5.2.0/../../../../../H-x86_64-mingw32/nios2-elf/lib/mno-hw-mul\libsmallc.a(lib_a-exit.o) (__call_exitprocs)
c:/altera/16.0/nios2eds/bin/gnu/h-x86_64-mingw32/bin/../lib/gcc/nios2-elf/5.2.0/../../../../../H-x86_64-mingw32/nios2-elf/lib/mno-hw-mul\libsmallc.a(lib_a-impure.o)
                              c:/altera/16.0/nios2eds/bin/gnu/h-x86_64-mingw32/bin/../lib/gcc/nios2-elf/5.2.0/../../../../../H-x86_64-mingw32/nios2-elf/lib/mno-hw-mul\libsmallc.a(lib_a-__call_atexit.o) (_global_impure_ptr)
c:/altera/16.0/nios2eds/bin/gnu/h-x86_64-mingw32/bin/../lib/gcc/nios2-elf/5.2.0/mno-hw-mul\libgcc.a(lib2-divmod.o)
                              ../receive_bsp/\libhal_bsp.a(alt_busy_sleep.o) (__udivsi3)
c:/altera/16.0/nios2eds/bin/gnu/h-x86_64-mingw32/bin/../lib/gcc/nios2-elf/5.2.0/mno-hw-mul\libgcc.a(lib2-mul.o)
                              ../receive_bsp/\libhal_bsp.a(alt_busy_sleep.o) (__mulsi3)
../receive_bsp/\libhal_bsp.a(alt_exit.o)
                              c:/altera/16.0/nios2eds/bin/gnu/h-x86_64-mingw32/bin/../lib/gcc/nios2-elf/5.2.0/../../../../../H-x86_64-mingw32/nios2-elf/lib/mno-hw-mul\libsmallc.a(lib_a-exit.o) (_exit)

Allocating common symbols
Common symbol       size              file

errno               0x4               c:/altera/16.0/nios2eds/bin/gnu/h-x86_64-mingw32/bin/../lib/gcc/nios2-elf/5.2.0/../../../../../H-x86_64-mingw32/nios2-elf/lib/mno-hw-mul\libsmallc.a(lib_a-int_errno.o)

Discarded input sections

 .gnu.warning.close
                0x0000000000000000        0x0 ../receive_bsp/\libhal_bsp.a(alt_close.o)

Memory Configuration

Name             Origin             Length             Attributes
reset            0x0000000000008000 0x0000000000000020
onchip_memory2_0 0x0000000000008020 0x0000000000004fe0
*default*        0x0000000000000000 0xffffffffffffffff

Linker script and memory map

LOAD ../receive_bsp//obj/HAL/src/crt0.o
LOAD obj/default/receive.o
LOAD c:/altera/16.0/nios2eds/bin/gnu/h-x86_64-mingw32/bin/../lib/gcc/nios2-elf/5.2.0/../../../../../H-x86_64-mingw32/nios2-elf/lib/mno-hw-mul\libstdc++.a
LOAD c:/altera/16.0/nios2eds/bin/gnu/h-x86_64-mingw32/bin/../lib/gcc/nios2-elf/5.2.0/../../../../../H-x86_64-mingw32/nios2-elf/lib/mno-hw-mul\libm.a
LOAD c:/altera/16.0/nios2eds/bin/gnu/h-x86_64-mingw32/bin/../lib/gcc/nios2-elf/5.2.0/mno-hw-mul\libgcc.a
START GROUP
LOAD c:/altera/16.0/nios2eds/bin/gnu/h-x86_64-mingw32/bin/../lib/gcc/nios2-elf/5.2.0/../../../../../H-x86_64-mingw32/nios2-elf/lib/mno-hw-mul\libsmallc.a
LOAD c:/altera/16.0/nios2eds/bin/gnu/h-x86_64-mingw32/bin/../lib/gcc/nios2-elf/5.2.0/mno-hw-mul\libgcc.a
LOAD ../receive_bsp/\libhal_bsp.a
LOAD c:/altera/16.0/nios2eds/bin/gnu/h-x86_64-mingw32/bin/../lib/gcc/nios2-elf/5.2.0/../../../../../H-x86_64-mingw32/nios2-elf/lib/mno-hw-mul\libm.a
END GROUP
LOAD c:/altera/16.0/nios2eds/bin/gnu/h-x86_64-mingw32/bin/../lib/gcc/nios2-elf/5.2.0/mno-hw-mul\libgcc.a
                0x0000000000008000                __alt_mem_onchip_memory2_0 = 0x8000

.entry          0x0000000000008000       0x20
 *(.entry)
 .entry         0x0000000000008000       0x20 ../receive_bsp//obj/HAL/src/crt0.o
                0x0000000000008000                __reset

.exceptions     0x0000000000008020        0x0
                0x0000000000008020                PROVIDE (__ram_exceptions_start, ABSOLUTE (.))
                0x0000000000008020                . = ALIGN (0x20)
 *(.irq)
 *(.exceptions.entry.label)
 *(.exceptions.entry.user)
 *(.exceptions.entry.ecc_fatal)
 *(.exceptions.entry)
 *(.exceptions.irqtest.user)
 *(.exceptions.irqtest)
 *(.exceptions.irqhandler.user)
 *(.exceptions.irqhandler)
 *(.exceptions.irqreturn.user)
 *(.exceptions.irqreturn)
 *(.exceptions.notirq.label)
 *(.exceptions.notirq.user)
 *(.exceptions.notirq)
 *(.exceptions.soft.user)
 *(.exceptions.soft)
 *(.exceptions.unknown.user)
 *(.exceptions.unknown)
 *(.exceptions.exit.label)
 *(.exceptions.exit.user)
 *(.exceptions.exit)
 *(.exceptions)
                0x0000000000008020                PROVIDE (__ram_exceptions_end, ABSOLUTE (.))
                0x0000000000008020                PROVIDE (__flash_exceptions_start, LOADADDR (.exceptions))

.text           0x0000000000008020      0xe80
                [!provide]                        PROVIDE (stext, ABSOLUTE (.))
 *(.interp)
 *(.hash)
 *(.dynsym)
 *(.dynstr)
 *(.gnu.version)
 *(.gnu.version_d)
 *(.gnu.version_r)
 *(.rel.init)
 *(.rela.init)
 *(.rel.text .rel.text.* .rel.gnu.linkonce.t.*)
 *(.rela.text .rela.text.* .rela.gnu.linkonce.t.*)
 *(.rel.fini)
 *(.rela.fini)
 *(.rel.rodata .rel.rodata.* .rel.gnu.linkonce.r.*)
 *(.rela.rodata .rela.rodata.* .rela.gnu.linkonce.r.*)
 *(.rel.data .rel.data.* .rel.gnu.linkonce.d.*)
 *(.rela.data .rela.data.* .rela.gnu.linkonce.d.*)
 *(.rel.tdata .rel.tdata.* .rel.gnu.linkonce.td.*)
 *(.rela.tdata .rela.tdata.* .rela.gnu.linkonce.td.*)
 *(.rel.tbss .rel.tbss.* .rel.gnu.linkonce.tb.*)
 *(.rela.tbss .rela.tbss.* .rela.gnu.linkonce.tb.*)
 *(.rel.ctors)
 *(.rela.ctors)
 *(.rel.dtors)
 *(.rela.dtors)
 *(.rel.got)
 *(.rela.got)
 *(.rel.sdata .rel.sdata.* .rel.gnu.linkonce.s.*)
 *(.rela.sdata .rela.sdata.* .rela.gnu.linkonce.s.*)
 *(.rel.sbss .rel.sbss.* .rel.gnu.linkonce.sb.*)
 *(.rela.sbss .rela.sbss.* .rela.gnu.linkonce.sb.*)
 *(.rel.sdata2 .rel.sdata2.* .rel.gnu.linkonce.s2.*)
 *(.rela.sdata2 .rela.sdata2.* .rela.gnu.linkonce.s2.*)
 *(.rel.sbss2 .rel.sbss2.* .rel.gnu.linkonce.sb2.*)
 *(.rela.sbss2 .rela.sbss2.* .rela.gnu.linkonce.sb2.*)
 *(.rel.bss .rel.bss.* .rel.gnu.linkonce.b.*)
 *(.rela.bss .rela.bss.* .rela.gnu.linkonce.b.*)
 *(.rel.plt)
 *(.rela.plt)
 *(.rel.dyn)
 *(.init)
 *(.plt)
 *(.text .stub .text.* .gnu.linkonce.t.*)
 .text          0x0000000000008020       0x3c ../receive_bsp//obj/HAL/src/crt0.o
                0x0000000000008020                _start
 .text          0x000000000000805c      0x1dc obj/default/receive.o
                0x000000000000805c                reset
                0x00000000000080a0                main
 .text          0x0000000000008238       0x64 ../receive_bsp/\libhal_bsp.a(alt_getchar.o)
                0x0000000000008238                alt_getchar
 .text          0x000000000000829c       0xec ../receive_bsp/\libhal_bsp.a(alt_load.o)
                0x0000000000008304                alt_load
 .text          0x0000000000008388       0x50 ../receive_bsp/\libhal_bsp.a(alt_main.o)
                0x0000000000008388                alt_main
 .text          0x00000000000083d8      0x22c ../receive_bsp/\libhal_bsp.a(alt_printf.o)
                0x00000000000083d8                alt_printf
 .text          0x0000000000008604       0x5c ../receive_bsp/\libhal_bsp.a(alt_putchar.o)
                0x0000000000008604                alt_putchar
 .text          0x0000000000008660       0x30 ../receive_bsp/\libhal_bsp.a(alt_usleep.o)
                0x0000000000008660                usleep
 .text          0x0000000000008690       0x5c ../receive_bsp/\libhal_bsp.a(alt_sys_init.o)
                0x0000000000008690                alt_irq_init
                0x00000000000086c8                alt_sys_init
 .text          0x00000000000086ec       0xec ../receive_bsp/\libhal_bsp.a(altera_avalon_jtag_uart_read.o)
                0x00000000000086ec                altera_avalon_jtag_uart_read
 .text          0x00000000000087d8       0x94 ../receive_bsp/\libhal_bsp.a(altera_avalon_jtag_uart_write.o)
                0x00000000000087d8                altera_avalon_jtag_uart_write
 .text          0x000000000000886c      0x158 ../receive_bsp/\libhal_bsp.a(alt_busy_sleep.o)
                0x000000000000886c                alt_busy_sleep
 .text          0x00000000000089c4       0x8c ../receive_bsp/\libhal_bsp.a(alt_close.o)
                0x0000000000008a14                close
 .text          0x0000000000008a50       0x20 ../receive_bsp/\libhal_bsp.a(alt_dcache_flush_all.o)
                0x0000000000008a50                alt_dcache_flush_all
 .text          0x0000000000008a70       0x2c ../receive_bsp/\libhal_bsp.a(alt_dev.o)
 .text          0x0000000000008a9c        0x0 ../receive_bsp/\libhal_bsp.a(alt_errno.o)
 .text          0x0000000000008a9c       0x20 ../receive_bsp/\libhal_bsp.a(alt_icache_flush_all.o)
                0x0000000000008a9c                alt_icache_flush_all
 .text          0x0000000000008abc       0x24 ../receive_bsp/\libhal_bsp.a(altera_nios2_gen2_irq.o)
                0x0000000000008abc                altera_nios2_gen2_irq_init
 .text          0x0000000000008ae0        0x0 c:/altera/16.0/nios2eds/bin/gnu/h-x86_64-mingw32/bin/../lib/gcc/nios2-elf/5.2.0/../../../../../H-x86_64-mingw32/nios2-elf/lib/mno-hw-mul\libsmallc.a(lib_a-exit.o)
 .text.exit     0x0000000000008ae0       0x20 c:/altera/16.0/nios2eds/bin/gnu/h-x86_64-mingw32/bin/../lib/gcc/nios2-elf/5.2.0/../../../../../H-x86_64-mingw32/nios2-elf/lib/mno-hw-mul\libsmallc.a(lib_a-exit.o)
                0x0000000000008ae0                exit
 .text          0x0000000000008b00        0x0 c:/altera/16.0/nios2eds/bin/gnu/h-x86_64-mingw32/bin/../lib/gcc/nios2-elf/5.2.0/../../../../../H-x86_64-mingw32/nios2-elf/lib/mno-hw-mul\libsmallc.a(lib_a-int_errno.o)
 .text          0x0000000000008b00        0x0 c:/altera/16.0/nios2eds/bin/gnu/h-x86_64-mingw32/bin/../lib/gcc/nios2-elf/5.2.0/../../../../../H-x86_64-mingw32/nios2-elf/lib/mno-hw-mul\libsmallc.a(lib_a-__call_atexit.o)
 .text.__call_exitprocs
                0x0000000000008b00      0x190 c:/altera/16.0/nios2eds/bin/gnu/h-x86_64-mingw32/bin/../lib/gcc/nios2-elf/5.2.0/../../../../../H-x86_64-mingw32/nios2-elf/lib/mno-hw-mul\libsmallc.a(lib_a-__call_atexit.o)
                0x0000000000008b00                __call_exitprocs
 .text          0x0000000000008c90        0x0 c:/altera/16.0/nios2eds/bin/gnu/h-x86_64-mingw32/bin/../lib/gcc/nios2-elf/5.2.0/../../../../../H-x86_64-mingw32/nios2-elf/lib/mno-hw-mul\libsmallc.a(lib_a-impure.o)
 .text          0x0000000000008c90      0x1b4 c:/altera/16.0/nios2eds/bin/gnu/h-x86_64-mingw32/bin/../lib/gcc/nios2-elf/5.2.0/mno-hw-mul\libgcc.a(lib2-divmod.o)
                0x0000000000008c90                __divsi3
                0x0000000000008d14                __modsi3
                0x0000000000008d88                __udivsi3
                0x0000000000008dec                __umodsi3
 .text          0x0000000000008e44       0x28 c:/altera/16.0/nios2eds/bin/gnu/h-x86_64-mingw32/bin/../lib/gcc/nios2-elf/5.2.0/mno-hw-mul\libgcc.a(lib2-mul.o)
                0x0000000000008e44                __mulsi3
 .text          0x0000000000008e6c       0x34 ../receive_bsp/\libhal_bsp.a(alt_exit.o)
                0x0000000000008e6c                _exit
 *(.gnu.warning.*)
 *(.fini)
                [!provide]                        PROVIDE (__etext, ABSOLUTE (.))
                [!provide]                        PROVIDE (_etext, ABSOLUTE (.))
                [!provide]                        PROVIDE (etext, ABSOLUTE (.))
 *(.eh_frame_hdr)
                0x0000000000008ea0                . = ALIGN (0x4)
                [!provide]                        PROVIDE (__preinit_array_start, ABSOLUTE (.))
 *(.preinit_array)
                [!provide]                        PROVIDE (__preinit_array_end, ABSOLUTE (.))
                [!provide]                        PROVIDE (__init_array_start, ABSOLUTE (.))
 *(.init_array)
                [!provide]                        PROVIDE (__init_array_end, ABSOLUTE (.))
                [!provide]                        PROVIDE (__fini_array_start, ABSOLUTE (.))
 *(.fini_array)
                [!provide]                        PROVIDE (__fini_array_end, ABSOLUTE (.))
 *(.eh_frame)
 *(.gcc_except_table .gcc_except_table.*)
 *(.dynamic)
                [!provide]                        PROVIDE (__CTOR_LIST__, ABSOLUTE (.))
 *(.ctors)
 *(SORT(.ctors.*))
                [!provide]                        PROVIDE (__CTOR_END__, ABSOLUTE (.))
                [!provide]                        PROVIDE (__DTOR_LIST__, ABSOLUTE (.))
 *(.dtors)
 *(SORT(.dtors.*))
                [!provide]                        PROVIDE (__DTOR_END__, ABSOLUTE (.))
 *(.jcr)
                0x0000000000008ea0                . = ALIGN (0x4)

.rodata         0x0000000000008ea0       0x68
                0x0000000000008ea0                PROVIDE (__ram_rodata_start, ABSOLUTE (.))
                0x0000000000008ea0                . = ALIGN (0x4)
 *(.rodata .rodata.* .gnu.linkonce.r.*)
 .rodata        0x0000000000008ea0       0x5a obj/default/receive.o
 *fill*         0x0000000000008efa        0x2 
 .rodata        0x0000000000008efc        0xa ../receive_bsp/\libhal_bsp.a(alt_dev.o)
 *(.rodata1)
                0x0000000000008f08                . = ALIGN (0x4)
 *fill*         0x0000000000008f06        0x2 
                0x0000000000008f08                PROVIDE (__ram_rodata_end, ABSOLUTE (.))
                0x0000000000008ea0                PROVIDE (__flash_rodata_start, LOADADDR (.rodata))

.rwdata         0x0000000000008f08      0x2ac load address 0x00000000000091b4
                0x0000000000008f08                PROVIDE (__ram_rwdata_start, ABSOLUTE (.))
                0x0000000000008f08                . = ALIGN (0x4)
 *(.got.plt)
 *(.got)
 *(.data1)
 *(.data .data.* .gnu.linkonce.d.*)
 .data          0x0000000000008f08        0x0 ../receive_bsp//obj/HAL/src/crt0.o
 .data          0x0000000000008f08        0x0 obj/default/receive.o
 .data          0x0000000000008f08        0x0 ../receive_bsp/\libhal_bsp.a(alt_getchar.o)
 .data          0x0000000000008f08        0x0 ../receive_bsp/\libhal_bsp.a(alt_load.o)
 .data          0x0000000000008f08        0x0 ../receive_bsp/\libhal_bsp.a(alt_main.o)
 .data          0x0000000000008f08        0x0 ../receive_bsp/\libhal_bsp.a(alt_printf.o)
 .data          0x0000000000008f08        0x0 ../receive_bsp/\libhal_bsp.a(alt_putchar.o)
 .data          0x0000000000008f08        0x0 ../receive_bsp/\libhal_bsp.a(alt_usleep.o)
 .data          0x0000000000008f08        0x0 ../receive_bsp/\libhal_bsp.a(alt_sys_init.o)
 .data          0x0000000000008f08        0x0 ../receive_bsp/\libhal_bsp.a(altera_avalon_jtag_uart_read.o)
 .data          0x0000000000008f08        0x0 ../receive_bsp/\libhal_bsp.a(altera_avalon_jtag_uart_write.o)
 .data          0x0000000000008f08        0x0 ../receive_bsp/\libhal_bsp.a(alt_busy_sleep.o)
 .data          0x0000000000008f08        0x0 ../receive_bsp/\libhal_bsp.a(alt_close.o)
 .data          0x0000000000008f08        0x0 ../receive_bsp/\libhal_bsp.a(alt_dcache_flush_all.o)
 .data          0x0000000000008f08      0x1a8 ../receive_bsp/\libhal_bsp.a(alt_dev.o)
                0x0000000000008f08                alt_dev_null
                0x0000000000008f30                alt_fd_list
 .data          0x00000000000090b0        0x0 ../receive_bsp/\libhal_bsp.a(alt_errno.o)
 .data          0x00000000000090b0        0x0 ../receive_bsp/\libhal_bsp.a(alt_icache_flush_all.o)
 .data          0x00000000000090b0        0x0 ../receive_bsp/\libhal_bsp.a(altera_nios2_gen2_irq.o)
 .data          0x00000000000090b0        0x0 c:/altera/16.0/nios2eds/bin/gnu/h-x86_64-mingw32/bin/../lib/gcc/nios2-elf/5.2.0/../../../../../H-x86_64-mingw32/nios2-elf/lib/mno-hw-mul\libsmallc.a(lib_a-exit.o)
 .data          0x00000000000090b0        0x0 c:/altera/16.0/nios2eds/bin/gnu/h-x86_64-mingw32/bin/../lib/gcc/nios2-elf/5.2.0/../../../../../H-x86_64-mingw32/nios2-elf/lib/mno-hw-mul\libsmallc.a(lib_a-int_errno.o)
 .data          0x00000000000090b0        0x0 c:/altera/16.0/nios2eds/bin/gnu/h-x86_64-mingw32/bin/../lib/gcc/nios2-elf/5.2.0/../../../../../H-x86_64-mingw32/nios2-elf/lib/mno-hw-mul\libsmallc.a(lib_a-__call_atexit.o)
 .data          0x00000000000090b0        0x0 c:/altera/16.0/nios2eds/bin/gnu/h-x86_64-mingw32/bin/../lib/gcc/nios2-elf/5.2.0/../../../../../H-x86_64-mingw32/nios2-elf/lib/mno-hw-mul\libsmallc.a(lib_a-impure.o)
 .data.impure_data
                0x00000000000090b0       0xe0 c:/altera/16.0/nios2eds/bin/gnu/h-x86_64-mingw32/bin/../lib/gcc/nios2-elf/5.2.0/../../../../../H-x86_64-mingw32/nios2-elf/lib/mno-hw-mul\libsmallc.a(lib_a-impure.o)
 .data          0x0000000000009190        0x0 c:/altera/16.0/nios2eds/bin/gnu/h-x86_64-mingw32/bin/../lib/gcc/nios2-elf/5.2.0/mno-hw-mul\libgcc.a(lib2-divmod.o)
 .data          0x0000000000009190        0x0 c:/altera/16.0/nios2eds/bin/gnu/h-x86_64-mingw32/bin/../lib/gcc/nios2-elf/5.2.0/mno-hw-mul\libgcc.a(lib2-mul.o)
 .data          0x0000000000009190        0x0 ../receive_bsp/\libhal_bsp.a(alt_exit.o)
                0x0000000000011190                _gp = ABSOLUTE ((. + 0x8000))
                [!provide]                        PROVIDE (gp, _gp)
 *(.rwdata .rwdata.*)
 *(.sdata .sdata.* .gnu.linkonce.s.*)
 .sdata         0x0000000000009190        0x4 ../receive_bsp/\libhal_bsp.a(alt_sys_init.o)
                0x0000000000009190                jtag_uart_0
 .sdata         0x0000000000009194       0x14 ../receive_bsp/\libhal_bsp.a(alt_dev.o)
                0x0000000000009194                alt_fs_list
                0x000000000000919c                alt_dev_list
                0x00000000000091a4                alt_max_fd
 .sdata         0x00000000000091a8        0x4 ../receive_bsp/\libhal_bsp.a(alt_errno.o)
                0x00000000000091a8                alt_errno
 .sdata._global_impure_ptr
                0x00000000000091ac        0x4 c:/altera/16.0/nios2eds/bin/gnu/h-x86_64-mingw32/bin/../lib/gcc/nios2-elf/5.2.0/../../../../../H-x86_64-mingw32/nios2-elf/lib/mno-hw-mul\libsmallc.a(lib_a-impure.o)
                0x00000000000091ac                _global_impure_ptr
 .sdata._impure_ptr
                0x00000000000091b0        0x4 c:/altera/16.0/nios2eds/bin/gnu/h-x86_64-mingw32/bin/../lib/gcc/nios2-elf/5.2.0/../../../../../H-x86_64-mingw32/nios2-elf/lib/mno-hw-mul\libsmallc.a(lib_a-impure.o)
                0x00000000000091b0                _impure_ptr
 *(.sdata2 .sdata2.* .gnu.linkonce.s2.*)
                0x00000000000091b4                . = ALIGN (0x4)
                0x00000000000091b4                _edata = ABSOLUTE (.)
                [!provide]                        PROVIDE (edata, ABSOLUTE (.))
                0x00000000000091b4                PROVIDE (__ram_rwdata_end, ABSOLUTE (.))
                0x00000000000091b4                PROVIDE (__flash_rwdata_start, LOADADDR (.rwdata))

.bss            0x0000000000009460       0x10
                0x0000000000009460                __bss_start = ABSOLUTE (.)
                [!provide]                        PROVIDE (__sbss_start, ABSOLUTE (.))
                [!provide]                        PROVIDE (___sbss_start, ABSOLUTE (.))
 *(.dynsbss)
 *(.sbss .sbss.* .gnu.linkonce.sb.*)
 .sbss          0x0000000000009460        0xc ../receive_bsp/\libhal_bsp.a(alt_main.o)
                0x0000000000009460                alt_argc
                0x0000000000009464                alt_argv
                0x0000000000009468                alt_envp
 .sbss          0x000000000000946c        0x4 c:/altera/16.0/nios2eds/bin/gnu/h-x86_64-mingw32/bin/../lib/gcc/nios2-elf/5.2.0/../../../../../H-x86_64-mingw32/nios2-elf/lib/mno-hw-mul\libsmallc.a(lib_a-int_errno.o)
                0x000000000000946c                errno
 *(.sbss2 .sbss2.* .gnu.linkonce.sb2.*)
 *(.scommon)
                [!provide]                        PROVIDE (__sbss_end, ABSOLUTE (.))
                [!provide]                        PROVIDE (___sbss_end, ABSOLUTE (.))
 *(.dynbss)
 *(.bss .bss.* .gnu.linkonce.b.*)
 .bss           0x0000000000009470        0x0 ../receive_bsp//obj/HAL/src/crt0.o
 .bss           0x0000000000009470        0x0 obj/default/receive.o
 .bss           0x0000000000009470        0x0 ../receive_bsp/\libhal_bsp.a(alt_getchar.o)
 .bss           0x0000000000009470        0x0 ../receive_bsp/\libhal_bsp.a(alt_load.o)
 .bss           0x0000000000009470        0x0 ../receive_bsp/\libhal_bsp.a(alt_main.o)
 .bss           0x0000000000009470        0x0 ../receive_bsp/\libhal_bsp.a(alt_printf.o)
 .bss           0x0000000000009470        0x0 ../receive_bsp/\libhal_bsp.a(alt_putchar.o)
 .bss           0x0000000000009470        0x0 ../receive_bsp/\libhal_bsp.a(alt_usleep.o)
 .bss           0x0000000000009470        0x0 ../receive_bsp/\libhal_bsp.a(alt_sys_init.o)
 .bss           0x0000000000009470        0x0 ../receive_bsp/\libhal_bsp.a(altera_avalon_jtag_uart_read.o)
 .bss           0x0000000000009470        0x0 ../receive_bsp/\libhal_bsp.a(altera_avalon_jtag_uart_write.o)
 .bss           0x0000000000009470        0x0 ../receive_bsp/\libhal_bsp.a(alt_busy_sleep.o)
 .bss           0x0000000000009470        0x0 ../receive_bsp/\libhal_bsp.a(alt_close.o)
 .bss           0x0000000000009470        0x0 ../receive_bsp/\libhal_bsp.a(alt_dcache_flush_all.o)
 .bss           0x0000000000009470        0x0 ../receive_bsp/\libhal_bsp.a(alt_dev.o)
 .bss           0x0000000000009470        0x0 ../receive_bsp/\libhal_bsp.a(alt_errno.o)
 .bss           0x0000000000009470        0x0 ../receive_bsp/\libhal_bsp.a(alt_icache_flush_all.o)
 .bss           0x0000000000009470        0x0 ../receive_bsp/\libhal_bsp.a(altera_nios2_gen2_irq.o)
 .bss           0x0000000000009470        0x0 c:/altera/16.0/nios2eds/bin/gnu/h-x86_64-mingw32/bin/../lib/gcc/nios2-elf/5.2.0/../../../../../H-x86_64-mingw32/nios2-elf/lib/mno-hw-mul\libsmallc.a(lib_a-exit.o)
 .bss           0x0000000000009470        0x0 c:/altera/16.0/nios2eds/bin/gnu/h-x86_64-mingw32/bin/../lib/gcc/nios2-elf/5.2.0/../../../../../H-x86_64-mingw32/nios2-elf/lib/mno-hw-mul\libsmallc.a(lib_a-int_errno.o)
 .bss           0x0000000000009470        0x0 c:/altera/16.0/nios2eds/bin/gnu/h-x86_64-mingw32/bin/../lib/gcc/nios2-elf/5.2.0/../../../../../H-x86_64-mingw32/nios2-elf/lib/mno-hw-mul\libsmallc.a(lib_a-__call_atexit.o)
 .bss           0x0000000000009470        0x0 c:/altera/16.0/nios2eds/bin/gnu/h-x86_64-mingw32/bin/../lib/gcc/nios2-elf/5.2.0/../../../../../H-x86_64-mingw32/nios2-elf/lib/mno-hw-mul\libsmallc.a(lib_a-impure.o)
 .bss           0x0000000000009470        0x0 c:/altera/16.0/nios2eds/bin/gnu/h-x86_64-mingw32/bin/../lib/gcc/nios2-elf/5.2.0/mno-hw-mul\libgcc.a(lib2-divmod.o)
 .bss           0x0000000000009470        0x0 c:/altera/16.0/nios2eds/bin/gnu/h-x86_64-mingw32/bin/../lib/gcc/nios2-elf/5.2.0/mno-hw-mul\libgcc.a(lib2-mul.o)
 .bss           0x0000000000009470        0x0 ../receive_bsp/\libhal_bsp.a(alt_exit.o)
 *(COMMON)
                0x0000000000009470                . = ALIGN (0x4)
                0x0000000000009470                __bss_end = ABSOLUTE (.)

.onchip_memory2_0
                0x0000000000009470        0x0
                [!provide]                        PROVIDE (_alt_partition_onchip_memory2_0_start, ABSOLUTE (.))
 *(.onchip_memory2_0 .onchip_memory2_0. onchip_memory2_0.*)
                0x0000000000009470                . = ALIGN (0x4)
                [!provide]                        PROVIDE (_alt_partition_onchip_memory2_0_end, ABSOLUTE (.))
                0x0000000000009470                _end = ABSOLUTE (.)
                0x0000000000009470                end = ABSOLUTE (.)
                0x0000000000009470                __alt_stack_base = ABSOLUTE (.)
                [!provide]                        PROVIDE (_alt_partition_onchip_memory2_0_load_addr, LOADADDR (.onchip_memory2_0))

.stab
 *(.stab)

.stabstr
 *(.stabstr)

.stab.excl
 *(.stab.excl)

.stab.exclstr
 *(.stab.exclstr)

.stab.index
 *(.stab.index)

.stab.indexstr
 *(.stab.indexstr)

.comment        0x0000000000000000       0x23
 *(.comment)
 .comment       0x0000000000000000       0x23 obj/default/receive.o
                                         0x24 (size before relaxing)
 .comment       0x0000000000000023       0x24 ../receive_bsp/\libhal_bsp.a(alt_getchar.o)
 .comment       0x0000000000000023       0x24 ../receive_bsp/\libhal_bsp.a(alt_load.o)
 .comment       0x0000000000000023       0x24 ../receive_bsp/\libhal_bsp.a(alt_main.o)
 .comment       0x0000000000000023       0x24 ../receive_bsp/\libhal_bsp.a(alt_printf.o)
 .comment       0x0000000000000023       0x24 ../receive_bsp/\libhal_bsp.a(alt_putchar.o)
 .comment       0x0000000000000023       0x24 ../receive_bsp/\libhal_bsp.a(alt_usleep.o)
 .comment       0x0000000000000023       0x24 ../receive_bsp/\libhal_bsp.a(alt_sys_init.o)
 .comment       0x0000000000000023       0x24 ../receive_bsp/\libhal_bsp.a(altera_avalon_jtag_uart_read.o)
 .comment       0x0000000000000023       0x24 ../receive_bsp/\libhal_bsp.a(altera_avalon_jtag_uart_write.o)
 .comment       0x0000000000000023       0x24 ../receive_bsp/\libhal_bsp.a(alt_busy_sleep.o)
 .comment       0x0000000000000023       0x24 ../receive_bsp/\libhal_bsp.a(alt_close.o)
 .comment       0x0000000000000023       0x24 ../receive_bsp/\libhal_bsp.a(alt_dcache_flush_all.o)
 .comment       0x0000000000000023       0x24 ../receive_bsp/\libhal_bsp.a(alt_dev.o)
 .comment       0x0000000000000023       0x24 ../receive_bsp/\libhal_bsp.a(alt_errno.o)
 .comment       0x0000000000000023       0x24 ../receive_bsp/\libhal_bsp.a(alt_icache_flush_all.o)
 .comment       0x0000000000000023       0x24 ../receive_bsp/\libhal_bsp.a(altera_nios2_gen2_irq.o)
 .comment       0x0000000000000023       0x24 c:/altera/16.0/nios2eds/bin/gnu/h-x86_64-mingw32/bin/../lib/gcc/nios2-elf/5.2.0/../../../../../H-x86_64-mingw32/nios2-elf/lib/mno-hw-mul\libsmallc.a(lib_a-exit.o)
 .comment       0x0000000000000023       0x24 c:/altera/16.0/nios2eds/bin/gnu/h-x86_64-mingw32/bin/../lib/gcc/nios2-elf/5.2.0/../../../../../H-x86_64-mingw32/nios2-elf/lib/mno-hw-mul\libsmallc.a(lib_a-int_errno.o)
 .comment       0x0000000000000023       0x24 c:/altera/16.0/nios2eds/bin/gnu/h-x86_64-mingw32/bin/../lib/gcc/nios2-elf/5.2.0/../../../../../H-x86_64-mingw32/nios2-elf/lib/mno-hw-mul\libsmallc.a(lib_a-__call_atexit.o)
 .comment       0x0000000000000023       0x24 c:/altera/16.0/nios2eds/bin/gnu/h-x86_64-mingw32/bin/../lib/gcc/nios2-elf/5.2.0/../../../../../H-x86_64-mingw32/nios2-elf/lib/mno-hw-mul\libsmallc.a(lib_a-impure.o)
 .comment       0x0000000000000023       0x24 c:/altera/16.0/nios2eds/bin/gnu/h-x86_64-mingw32/bin/../lib/gcc/nios2-elf/5.2.0/mno-hw-mul\libgcc.a(lib2-divmod.o)
 .comment       0x0000000000000023       0x24 c:/altera/16.0/nios2eds/bin/gnu/h-x86_64-mingw32/bin/../lib/gcc/nios2-elf/5.2.0/mno-hw-mul\libgcc.a(lib2-mul.o)
 .comment       0x0000000000000023       0x24 ../receive_bsp/\libhal_bsp.a(alt_exit.o)

.debug
 *(.debug)

.line
 *(.line)

.debug_srcinfo
 *(.debug_srcinfo)

.debug_sfnames
 *(.debug_sfnames)

.debug_aranges  0x0000000000000000      0x310
 *(.debug_aranges)
 .debug_aranges
                0x0000000000000000       0x28 ../receive_bsp//obj/HAL/src/crt0.o
 .debug_aranges
                0x0000000000000028       0x20 obj/default/receive.o
 .debug_aranges
                0x0000000000000048       0x20 ../receive_bsp/\libhal_bsp.a(alt_getchar.o)
 .debug_aranges
                0x0000000000000068       0x20 ../receive_bsp/\libhal_bsp.a(alt_load.o)
 .debug_aranges
                0x0000000000000088       0x20 ../receive_bsp/\libhal_bsp.a(alt_main.o)
 .debug_aranges
                0x00000000000000a8       0x20 ../receive_bsp/\libhal_bsp.a(alt_printf.o)
 .debug_aranges
                0x00000000000000c8       0x20 ../receive_bsp/\libhal_bsp.a(alt_putchar.o)
 .debug_aranges
                0x00000000000000e8       0x20 ../receive_bsp/\libhal_bsp.a(alt_usleep.o)
 .debug_aranges
                0x0000000000000108       0x20 ../receive_bsp/\libhal_bsp.a(alt_sys_init.o)
 .debug_aranges
                0x0000000000000128       0x20 ../receive_bsp/\libhal_bsp.a(altera_avalon_jtag_uart_read.o)
 .debug_aranges
                0x0000000000000148       0x20 ../receive_bsp/\libhal_bsp.a(altera_avalon_jtag_uart_write.o)
 .debug_aranges
                0x0000000000000168       0x20 ../receive_bsp/\libhal_bsp.a(alt_busy_sleep.o)
 .debug_aranges
                0x0000000000000188       0x20 ../receive_bsp/\libhal_bsp.a(alt_close.o)
 .debug_aranges
                0x00000000000001a8       0x20 ../receive_bsp/\libhal_bsp.a(alt_dcache_flush_all.o)
 .debug_aranges
                0x00000000000001c8       0x20 ../receive_bsp/\libhal_bsp.a(alt_dev.o)
 .debug_aranges
                0x00000000000001e8       0x18 ../receive_bsp/\libhal_bsp.a(alt_errno.o)
 .debug_aranges
                0x0000000000000200       0x20 ../receive_bsp/\libhal_bsp.a(alt_icache_flush_all.o)
 .debug_aranges
                0x0000000000000220       0x20 ../receive_bsp/\libhal_bsp.a(altera_nios2_gen2_irq.o)
 .debug_aranges
                0x0000000000000240       0x20 c:/altera/16.0/nios2eds/bin/gnu/h-x86_64-mingw32/bin/../lib/gcc/nios2-elf/5.2.0/../../../../../H-x86_64-mingw32/nios2-elf/lib/mno-hw-mul\libsmallc.a(lib_a-exit.o)
 .debug_aranges
                0x0000000000000260       0x18 c:/altera/16.0/nios2eds/bin/gnu/h-x86_64-mingw32/bin/../lib/gcc/nios2-elf/5.2.0/../../../../../H-x86_64-mingw32/nios2-elf/lib/mno-hw-mul\libsmallc.a(lib_a-int_errno.o)
 .debug_aranges
                0x0000000000000278       0x20 c:/altera/16.0/nios2eds/bin/gnu/h-x86_64-mingw32/bin/../lib/gcc/nios2-elf/5.2.0/../../../../../H-x86_64-mingw32/nios2-elf/lib/mno-hw-mul\libsmallc.a(lib_a-__call_atexit.o)
 .debug_aranges
                0x0000000000000298       0x18 c:/altera/16.0/nios2eds/bin/gnu/h-x86_64-mingw32/bin/../lib/gcc/nios2-elf/5.2.0/../../../../../H-x86_64-mingw32/nios2-elf/lib/mno-hw-mul\libsmallc.a(lib_a-impure.o)
 .debug_aranges
                0x00000000000002b0       0x20 c:/altera/16.0/nios2eds/bin/gnu/h-x86_64-mingw32/bin/../lib/gcc/nios2-elf/5.2.0/mno-hw-mul\libgcc.a(lib2-divmod.o)
 .debug_aranges
                0x00000000000002d0       0x20 c:/altera/16.0/nios2eds/bin/gnu/h-x86_64-mingw32/bin/../lib/gcc/nios2-elf/5.2.0/mno-hw-mul\libgcc.a(lib2-mul.o)
 .debug_aranges
                0x00000000000002f0       0x20 ../receive_bsp/\libhal_bsp.a(alt_exit.o)

.debug_pubnames
 *(.debug_pubnames)

.debug_info     0x0000000000000000     0x2927
 *(.debug_info .gnu.linkonce.wi.*)
 .debug_info    0x0000000000000000       0x73 ../receive_bsp//obj/HAL/src/crt0.o
 .debug_info    0x0000000000000073       0xc2 obj/default/receive.o
 .debug_info    0x0000000000000135      0x30d ../receive_bsp/\libhal_bsp.a(alt_getchar.o)
 .debug_info    0x0000000000000442      0x145 ../receive_bsp/\libhal_bsp.a(alt_load.o)
 .debug_info    0x0000000000000587      0x131 ../receive_bsp/\libhal_bsp.a(alt_main.o)
 .debug_info    0x00000000000006b8      0x119 ../receive_bsp/\libhal_bsp.a(alt_printf.o)
 .debug_info    0x00000000000007d1      0x104 ../receive_bsp/\libhal_bsp.a(alt_putchar.o)
 .debug_info    0x00000000000008d5       0xb0 ../receive_bsp/\libhal_bsp.a(alt_usleep.o)
 .debug_info    0x0000000000000985      0x170 ../receive_bsp/\libhal_bsp.a(alt_sys_init.o)
 .debug_info    0x0000000000000af5      0x1b2 ../receive_bsp/\libhal_bsp.a(altera_avalon_jtag_uart_read.o)
 .debug_info    0x0000000000000ca7      0x195 ../receive_bsp/\libhal_bsp.a(altera_avalon_jtag_uart_write.o)
 .debug_info    0x0000000000000e3c       0xd7 ../receive_bsp/\libhal_bsp.a(alt_busy_sleep.o)
 .debug_info    0x0000000000000f13      0x126 ../receive_bsp/\libhal_bsp.a(alt_close.o)
 .debug_info    0x0000000000001039       0x92 ../receive_bsp/\libhal_bsp.a(alt_dcache_flush_all.o)
 .debug_info    0x00000000000010cb      0x49c ../receive_bsp/\libhal_bsp.a(alt_dev.o)
 .debug_info    0x0000000000001567       0xa6 ../receive_bsp/\libhal_bsp.a(alt_errno.o)
 .debug_info    0x000000000000160d       0x92 ../receive_bsp/\libhal_bsp.a(alt_icache_flush_all.o)
 .debug_info    0x000000000000169f       0x92 ../receive_bsp/\libhal_bsp.a(altera_nios2_gen2_irq.o)
 .debug_info    0x0000000000001731       0xe5 c:/altera/16.0/nios2eds/bin/gnu/h-x86_64-mingw32/bin/../lib/gcc/nios2-elf/5.2.0/../../../../../H-x86_64-mingw32/nios2-elf/lib/mno-hw-mul\libsmallc.a(lib_a-exit.o)
 .debug_info    0x0000000000001816       0x8a c:/altera/16.0/nios2eds/bin/gnu/h-x86_64-mingw32/bin/../lib/gcc/nios2-elf/5.2.0/../../../../../H-x86_64-mingw32/nios2-elf/lib/mno-hw-mul\libsmallc.a(lib_a-int_errno.o)
 .debug_info    0x00000000000018a0      0x67b c:/altera/16.0/nios2eds/bin/gnu/h-x86_64-mingw32/bin/../lib/gcc/nios2-elf/5.2.0/../../../../../H-x86_64-mingw32/nios2-elf/lib/mno-hw-mul\libsmallc.a(lib_a-__call_atexit.o)
 .debug_info    0x0000000000001f1b      0x5a9 c:/altera/16.0/nios2eds/bin/gnu/h-x86_64-mingw32/bin/../lib/gcc/nios2-elf/5.2.0/../../../../../H-x86_64-mingw32/nios2-elf/lib/mno-hw-mul\libsmallc.a(lib_a-impure.o)
 .debug_info    0x00000000000024c4      0x2c3 c:/altera/16.0/nios2eds/bin/gnu/h-x86_64-mingw32/bin/../lib/gcc/nios2-elf/5.2.0/mno-hw-mul\libgcc.a(lib2-divmod.o)
 .debug_info    0x0000000000002787       0xb4 c:/altera/16.0/nios2eds/bin/gnu/h-x86_64-mingw32/bin/../lib/gcc/nios2-elf/5.2.0/mno-hw-mul\libgcc.a(lib2-mul.o)
 .debug_info    0x000000000000283b       0xec ../receive_bsp/\libhal_bsp.a(alt_exit.o)

.debug_abbrev   0x0000000000000000     0x1070
 *(.debug_abbrev)
 .debug_abbrev  0x0000000000000000       0x12 ../receive_bsp//obj/HAL/src/crt0.o
 .debug_abbrev  0x0000000000000012       0x67 obj/default/receive.o
 .debug_abbrev  0x0000000000000079       0xf5 ../receive_bsp/\libhal_bsp.a(alt_getchar.o)
 .debug_abbrev  0x000000000000016e       0x9f ../receive_bsp/\libhal_bsp.a(alt_load.o)
 .debug_abbrev  0x000000000000020d       0xba ../receive_bsp/\libhal_bsp.a(alt_main.o)
 .debug_abbrev  0x00000000000002c7       0xb0 ../receive_bsp/\libhal_bsp.a(alt_printf.o)
 .debug_abbrev  0x0000000000000377       0xaa ../receive_bsp/\libhal_bsp.a(alt_putchar.o)
 .debug_abbrev  0x0000000000000421       0x60 ../receive_bsp/\libhal_bsp.a(alt_usleep.o)
 .debug_abbrev  0x0000000000000481       0xeb ../receive_bsp/\libhal_bsp.a(alt_sys_init.o)
 .debug_abbrev  0x000000000000056c       0xd5 ../receive_bsp/\libhal_bsp.a(altera_avalon_jtag_uart_read.o)
 .debug_abbrev  0x0000000000000641       0xd5 ../receive_bsp/\libhal_bsp.a(altera_avalon_jtag_uart_write.o)
 .debug_abbrev  0x0000000000000716       0x7e ../receive_bsp/\libhal_bsp.a(alt_busy_sleep.o)
 .debug_abbrev  0x0000000000000794       0xbb ../receive_bsp/\libhal_bsp.a(alt_close.o)
 .debug_abbrev  0x000000000000084f       0x42 ../receive_bsp/\libhal_bsp.a(alt_dcache_flush_all.o)
 .debug_abbrev  0x0000000000000891       0xd9 ../receive_bsp/\libhal_bsp.a(alt_dev.o)
 .debug_abbrev  0x000000000000096a       0x5a ../receive_bsp/\libhal_bsp.a(alt_errno.o)
 .debug_abbrev  0x00000000000009c4       0x42 ../receive_bsp/\libhal_bsp.a(alt_icache_flush_all.o)
 .debug_abbrev  0x0000000000000a06       0x42 ../receive_bsp/\libhal_bsp.a(altera_nios2_gen2_irq.o)
 .debug_abbrev  0x0000000000000a48       0x8b c:/altera/16.0/nios2eds/bin/gnu/h-x86_64-mingw32/bin/../lib/gcc/nios2-elf/5.2.0/../../../../../H-x86_64-mingw32/nios2-elf/lib/mno-hw-mul\libsmallc.a(lib_a-exit.o)
 .debug_abbrev  0x0000000000000ad3       0x37 c:/altera/16.0/nios2eds/bin/gnu/h-x86_64-mingw32/bin/../lib/gcc/nios2-elf/5.2.0/../../../../../H-x86_64-mingw32/nios2-elf/lib/mno-hw-mul\libsmallc.a(lib_a-int_errno.o)
 .debug_abbrev  0x0000000000000b0a      0x1f6 c:/altera/16.0/nios2eds/bin/gnu/h-x86_64-mingw32/bin/../lib/gcc/nios2-elf/5.2.0/../../../../../H-x86_64-mingw32/nios2-elf/lib/mno-hw-mul\libsmallc.a(lib_a-__call_atexit.o)
 .debug_abbrev  0x0000000000000d00      0x14a c:/altera/16.0/nios2eds/bin/gnu/h-x86_64-mingw32/bin/../lib/gcc/nios2-elf/5.2.0/../../../../../H-x86_64-mingw32/nios2-elf/lib/mno-hw-mul\libsmallc.a(lib_a-impure.o)
 .debug_abbrev  0x0000000000000e4a      0x10e c:/altera/16.0/nios2eds/bin/gnu/h-x86_64-mingw32/bin/../lib/gcc/nios2-elf/5.2.0/mno-hw-mul\libgcc.a(lib2-divmod.o)
 .debug_abbrev  0x0000000000000f58       0x6f c:/altera/16.0/nios2eds/bin/gnu/h-x86_64-mingw32/bin/../lib/gcc/nios2-elf/5.2.0/mno-hw-mul\libgcc.a(lib2-mul.o)
 .debug_abbrev  0x0000000000000fc7       0xa9 ../receive_bsp/\libhal_bsp.a(alt_exit.o)

.debug_line     0x0000000000000000     0x1272
 *(.debug_line)
 .debug_line    0x0000000000000000       0x66 ../receive_bsp//obj/HAL/src/crt0.o
 .debug_line    0x0000000000000066       0x74 obj/default/receive.o
 .debug_line    0x00000000000000da       0xb1 ../receive_bsp/\libhal_bsp.a(alt_getchar.o)
 .debug_line    0x000000000000018b       0x8e ../receive_bsp/\libhal_bsp.a(alt_load.o)
 .debug_line    0x0000000000000219       0x9a ../receive_bsp/\libhal_bsp.a(alt_main.o)
 .debug_line    0x00000000000002b3       0xe7 ../receive_bsp/\libhal_bsp.a(alt_printf.o)
 .debug_line    0x000000000000039a       0x50 ../receive_bsp/\libhal_bsp.a(alt_putchar.o)
 .debug_line    0x00000000000003ea       0xa5 ../receive_bsp/\libhal_bsp.a(alt_usleep.o)
 .debug_line    0x000000000000048f       0xea ../receive_bsp/\libhal_bsp.a(alt_sys_init.o)
 .debug_line    0x0000000000000579       0xfd ../receive_bsp/\libhal_bsp.a(altera_avalon_jtag_uart_read.o)
 .debug_line    0x0000000000000676       0xf4 ../receive_bsp/\libhal_bsp.a(altera_avalon_jtag_uart_write.o)
 .debug_line    0x000000000000076a       0xa2 ../receive_bsp/\libhal_bsp.a(alt_busy_sleep.o)
 .debug_line    0x000000000000080c       0xfe ../receive_bsp/\libhal_bsp.a(alt_close.o)
 .debug_line    0x000000000000090a       0x51 ../receive_bsp/\libhal_bsp.a(alt_dcache_flush_all.o)
 .debug_line    0x000000000000095b       0xf0 ../receive_bsp/\libhal_bsp.a(alt_dev.o)
 .debug_line    0x0000000000000a4b       0x51 ../receive_bsp/\libhal_bsp.a(alt_errno.o)
 .debug_line    0x0000000000000a9c       0x4f ../receive_bsp/\libhal_bsp.a(alt_icache_flush_all.o)
 .debug_line    0x0000000000000aeb       0x51 ../receive_bsp/\libhal_bsp.a(altera_nios2_gen2_irq.o)
 .debug_line    0x0000000000000b3c      0x159 c:/altera/16.0/nios2eds/bin/gnu/h-x86_64-mingw32/bin/../lib/gcc/nios2-elf/5.2.0/../../../../../H-x86_64-mingw32/nios2-elf/lib/mno-hw-mul\libsmallc.a(lib_a-exit.o)
 .debug_line    0x0000000000000c95       0x5f c:/altera/16.0/nios2eds/bin/gnu/h-x86_64-mingw32/bin/../lib/gcc/nios2-elf/5.2.0/../../../../../H-x86_64-mingw32/nios2-elf/lib/mno-hw-mul\libsmallc.a(lib_a-int_errno.o)
 .debug_line    0x0000000000000cf4      0x232 c:/altera/16.0/nios2eds/bin/gnu/h-x86_64-mingw32/bin/../lib/gcc/nios2-elf/5.2.0/../../../../../H-x86_64-mingw32/nios2-elf/lib/mno-hw-mul\libsmallc.a(lib_a-__call_atexit.o)
 .debug_line    0x0000000000000f26      0x156 c:/altera/16.0/nios2eds/bin/gnu/h-x86_64-mingw32/bin/../lib/gcc/nios2-elf/5.2.0/../../../../../H-x86_64-mingw32/nios2-elf/lib/mno-hw-mul\libsmallc.a(lib_a-impure.o)
 .debug_line    0x000000000000107c      0x105 c:/altera/16.0/nios2eds/bin/gnu/h-x86_64-mingw32/bin/../lib/gcc/nios2-elf/5.2.0/mno-hw-mul\libgcc.a(lib2-divmod.o)
 .debug_line    0x0000000000001181       0x80 c:/altera/16.0/nios2eds/bin/gnu/h-x86_64-mingw32/bin/../lib/gcc/nios2-elf/5.2.0/mno-hw-mul\libgcc.a(lib2-mul.o)
 .debug_line    0x0000000000001201       0x71 ../receive_bsp/\libhal_bsp.a(alt_exit.o)

.debug_frame    0x0000000000000000      0x4fc
 *(.debug_frame)
 .debug_frame   0x0000000000000000       0x50 obj/default/receive.o
 .debug_frame   0x0000000000000050       0x38 ../receive_bsp/\libhal_bsp.a(alt_getchar.o)
 .debug_frame   0x0000000000000088       0x5c ../receive_bsp/\libhal_bsp.a(alt_load.o)
 .debug_frame   0x00000000000000e4       0x2c ../receive_bsp/\libhal_bsp.a(alt_main.o)
 .debug_frame   0x0000000000000110       0x38 ../receive_bsp/\libhal_bsp.a(alt_printf.o)
 .debug_frame   0x0000000000000148       0x38 ../receive_bsp/\libhal_bsp.a(alt_putchar.o)
 .debug_frame   0x0000000000000180       0x38 ../receive_bsp/\libhal_bsp.a(alt_usleep.o)
 .debug_frame   0x00000000000001b8       0x5c ../receive_bsp/\libhal_bsp.a(alt_sys_init.o)
 .debug_frame   0x0000000000000214       0x34 ../receive_bsp/\libhal_bsp.a(altera_avalon_jtag_uart_read.o)
 .debug_frame   0x0000000000000248       0x34 ../receive_bsp/\libhal_bsp.a(altera_avalon_jtag_uart_write.o)
 .debug_frame   0x000000000000027c       0x38 ../receive_bsp/\libhal_bsp.a(alt_busy_sleep.o)
 .debug_frame   0x00000000000002b4       0x60 ../receive_bsp/\libhal_bsp.a(alt_close.o)
 .debug_frame   0x0000000000000314       0x34 ../receive_bsp/\libhal_bsp.a(alt_dcache_flush_all.o)
 .debug_frame   0x0000000000000348       0x34 ../receive_bsp/\libhal_bsp.a(alt_dev.o)
 .debug_frame   0x000000000000037c       0x34 ../receive_bsp/\libhal_bsp.a(alt_icache_flush_all.o)
 .debug_frame   0x00000000000003b0       0x34 ../receive_bsp/\libhal_bsp.a(altera_nios2_gen2_irq.o)
 .debug_frame   0x00000000000003e4       0x28 c:/altera/16.0/nios2eds/bin/gnu/h-x86_64-mingw32/bin/../lib/gcc/nios2-elf/5.2.0/../../../../../H-x86_64-mingw32/nios2-elf/lib/mno-hw-mul\libsmallc.a(lib_a-exit.o)
 .debug_frame   0x000000000000040c       0x54 c:/altera/16.0/nios2eds/bin/gnu/h-x86_64-mingw32/bin/../lib/gcc/nios2-elf/5.2.0/../../../../../H-x86_64-mingw32/nios2-elf/lib/mno-hw-mul\libsmallc.a(lib_a-__call_atexit.o)
 .debug_frame   0x0000000000000460       0x50 c:/altera/16.0/nios2eds/bin/gnu/h-x86_64-mingw32/bin/../lib/gcc/nios2-elf/5.2.0/mno-hw-mul\libgcc.a(lib2-divmod.o)
 .debug_frame   0x00000000000004b0       0x20 c:/altera/16.0/nios2eds/bin/gnu/h-x86_64-mingw32/bin/../lib/gcc/nios2-elf/5.2.0/mno-hw-mul\libgcc.a(lib2-mul.o)
 .debug_frame   0x00000000000004d0       0x2c ../receive_bsp/\libhal_bsp.a(alt_exit.o)

.debug_str      0x0000000000000000      0xf3b
 *(.debug_str)
 .debug_str     0x0000000000000000       0xe8 obj/default/receive.o
                                        0x126 (size before relaxing)
 .debug_str     0x00000000000000e8      0x183 ../receive_bsp/\libhal_bsp.a(alt_getchar.o)
                                        0x23c (size before relaxing)
 .debug_str     0x000000000000026b      0x12e ../receive_bsp/\libhal_bsp.a(alt_load.o)
                                        0x214 (size before relaxing)
 .debug_str     0x0000000000000399       0x44 ../receive_bsp/\libhal_bsp.a(alt_main.o)
                                        0x1a1 (size before relaxing)
 .debug_str     0x00000000000003dd       0x53 ../receive_bsp/\libhal_bsp.a(alt_printf.o)
                                         0xfc (size before relaxing)
 .debug_str     0x0000000000000430       0x40 ../receive_bsp/\libhal_bsp.a(alt_putchar.o)
                                        0x191 (size before relaxing)
 .debug_str     0x0000000000000470       0x27 ../receive_bsp/\libhal_bsp.a(alt_usleep.o)
                                        0x14a (size before relaxing)
 .debug_str     0x0000000000000497       0x85 ../receive_bsp/\libhal_bsp.a(alt_sys_init.o)
                                        0x20f (size before relaxing)
 .debug_str     0x000000000000051c       0x38 ../receive_bsp/\libhal_bsp.a(altera_avalon_jtag_uart_read.o)
                                        0x223 (size before relaxing)
 .debug_str     0x0000000000000554       0x2c ../receive_bsp/\libhal_bsp.a(altera_avalon_jtag_uart_write.o)
                                        0x219 (size before relaxing)
 .debug_str     0x0000000000000580       0x42 ../receive_bsp/\libhal_bsp.a(alt_busy_sleep.o)
                                        0x16f (size before relaxing)
 .debug_str     0x00000000000005c2       0x33 ../receive_bsp/\libhal_bsp.a(alt_close.o)
                                        0x195 (size before relaxing)
 .debug_str     0x00000000000005f5       0x34 ../receive_bsp/\libhal_bsp.a(alt_dcache_flush_all.o)
                                        0x159 (size before relaxing)
 .debug_str     0x0000000000000629      0x120 ../receive_bsp/\libhal_bsp.a(alt_dev.o)
                                        0x309 (size before relaxing)
 .debug_str     0x0000000000000749       0x14 ../receive_bsp/\libhal_bsp.a(alt_errno.o)
                                        0x147 (size before relaxing)
 .debug_str     0x000000000000075d       0x34 ../receive_bsp/\libhal_bsp.a(alt_icache_flush_all.o)
                                        0x159 (size before relaxing)
 .debug_str     0x0000000000000791       0x3b ../receive_bsp/\libhal_bsp.a(altera_nios2_gen2_irq.o)
                                        0x160 (size before relaxing)
 .debug_str     0x00000000000007cc      0x148 c:/altera/16.0/nios2eds/bin/gnu/h-x86_64-mingw32/bin/../lib/gcc/nios2-elf/5.2.0/../../../../../H-x86_64-mingw32/nios2-elf/lib/mno-hw-mul\libsmallc.a(lib_a-exit.o)
                                        0x1f0 (size before relaxing)
 .debug_str     0x0000000000000914       0xd3 c:/altera/16.0/nios2eds/bin/gnu/h-x86_64-mingw32/bin/../lib/gcc/nios2-elf/5.2.0/../../../../../H-x86_64-mingw32/nios2-elf/lib/mno-hw-mul\libsmallc.a(lib_a-int_errno.o)
                                        0x1d8 (size before relaxing)
 .debug_str     0x00000000000009e7      0x31b c:/altera/16.0/nios2eds/bin/gnu/h-x86_64-mingw32/bin/../lib/gcc/nios2-elf/5.2.0/../../../../../H-x86_64-mingw32/nios2-elf/lib/mno-hw-mul\libsmallc.a(lib_a-__call_atexit.o)
                                        0x4eb (size before relaxing)
 .debug_str     0x0000000000000d02       0x48 c:/altera/16.0/nios2eds/bin/gnu/h-x86_64-mingw32/bin/../lib/gcc/nios2-elf/5.2.0/../../../../../H-x86_64-mingw32/nios2-elf/lib/mno-hw-mul\libsmallc.a(lib_a-impure.o)
                                        0x4be (size before relaxing)
 .debug_str     0x0000000000000d4a      0x187 c:/altera/16.0/nios2eds/bin/gnu/h-x86_64-mingw32/bin/../lib/gcc/nios2-elf/5.2.0/mno-hw-mul\libgcc.a(lib2-divmod.o)
                                        0x1d2 (size before relaxing)
 .debug_str     0x0000000000000ed1       0x40 c:/altera/16.0/nios2eds/bin/gnu/h-x86_64-mingw32/bin/../lib/gcc/nios2-elf/5.2.0/mno-hw-mul\libgcc.a(lib2-mul.o)
                                        0x193 (size before relaxing)
 .debug_str     0x0000000000000f11       0x2a ../receive_bsp/\libhal_bsp.a(alt_exit.o)
                                        0x155 (size before relaxing)

.debug_loc      0x0000000000000000      0x6b6
 *(.debug_loc)
 .debug_loc     0x0000000000000000       0x1e c:/altera/16.0/nios2eds/bin/gnu/h-x86_64-mingw32/bin/../lib/gcc/nios2-elf/5.2.0/../../../../../H-x86_64-mingw32/nios2-elf/lib/mno-hw-mul\libsmallc.a(lib_a-exit.o)
 .debug_loc     0x000000000000001e      0x157 c:/altera/16.0/nios2eds/bin/gnu/h-x86_64-mingw32/bin/../lib/gcc/nios2-elf/5.2.0/../../../../../H-x86_64-mingw32/nios2-elf/lib/mno-hw-mul\libsmallc.a(lib_a-__call_atexit.o)
 .debug_loc     0x0000000000000175      0x4ae c:/altera/16.0/nios2eds/bin/gnu/h-x86_64-mingw32/bin/../lib/gcc/nios2-elf/5.2.0/mno-hw-mul\libgcc.a(lib2-divmod.o)
 .debug_loc     0x0000000000000623       0x93 c:/altera/16.0/nios2eds/bin/gnu/h-x86_64-mingw32/bin/../lib/gcc/nios2-elf/5.2.0/mno-hw-mul\libgcc.a(lib2-mul.o)

.debug_macinfo
 *(.debug_macinfo)

.debug_weaknames
 *(.debug_weaknames)

.debug_funcnames
 *(.debug_funcnames)

.debug_typenames
 *(.debug_typenames)

.debug_varnames
 *(.debug_varnames)

.debug_alt_sim_info
                0x0000000000000000       0x40
 *(.debug_alt_sim_info)
 .debug_alt_sim_info
                0x0000000000000000       0x10 ../receive_bsp//obj/HAL/src/crt0.o
 .debug_alt_sim_info
                0x0000000000000010       0x30 ../receive_bsp/\libhal_bsp.a(alt_busy_sleep.o)
                0x000000000000d000                __alt_data_end = 0xd000
                0x000000000000d000                PROVIDE (__alt_stack_pointer, __alt_data_end)
                [!provide]                        PROVIDE (__alt_stack_limit, __alt_stack_base)
                [!provide]                        PROVIDE (__alt_heap_start, end)
                [!provide]                        PROVIDE (__alt_heap_limit, 0xd000)
OUTPUT(receive.elf elf32-littlenios2)

.debug_ranges   0x0000000000000000       0xd0
 .debug_ranges  0x0000000000000000       0x20 ../receive_bsp//obj/HAL/src/crt0.o
 .debug_ranges  0x0000000000000020       0x18 ../receive_bsp/\libhal_bsp.a(altera_avalon_jtag_uart_read.o)
 .debug_ranges  0x0000000000000038       0x10 c:/altera/16.0/nios2eds/bin/gnu/h-x86_64-mingw32/bin/../lib/gcc/nios2-elf/5.2.0/../../../../../H-x86_64-mingw32/nios2-elf/lib/mno-hw-mul\libsmallc.a(lib_a-exit.o)
 .debug_ranges  0x0000000000000048       0x28 c:/altera/16.0/nios2eds/bin/gnu/h-x86_64-mingw32/bin/../lib/gcc/nios2-elf/5.2.0/../../../../../H-x86_64-mingw32/nios2-elf/lib/mno-hw-mul\libsmallc.a(lib_a-__call_atexit.o)
 .debug_ranges  0x0000000000000070       0x60 c:/altera/16.0/nios2eds/bin/gnu/h-x86_64-mingw32/bin/../lib/gcc/nios2-elf/5.2.0/mno-hw-mul\libgcc.a(lib2-divmod.o)
